Component: ARM Compiler 5.06 update 6 (build 750) Tool: armlink [4d35ed]

==============================================================================

Section Cross References

    startup_stm32f103xe.o(RESET) refers to startup_stm32f103xe.o(STACK) for __initial_sp
    startup_stm32f103xe.o(RESET) refers to startup_stm32f103xe.o(.text) for Reset_Handler
    startup_stm32f103xe.o(RESET) refers to stm32f1xx_it.o(i.NMI_Handler) for NMI_Handler
    startup_stm32f103xe.o(RESET) refers to stm32f1xx_it.o(i.HardFault_Handler) for HardFault_Handler
    startup_stm32f103xe.o(RESET) refers to stm32f1xx_it.o(i.MemManage_Handler) for MemManage_Handler
    startup_stm32f103xe.o(RESET) refers to stm32f1xx_it.o(i.BusFault_Handler) for BusFault_Handler
    startup_stm32f103xe.o(RESET) refers to stm32f1xx_it.o(i.UsageFault_Handler) for UsageFault_Handler
    startup_stm32f103xe.o(RESET) refers to stm32f1xx_it.o(i.SVC_Handler) for SVC_Handler
    startup_stm32f103xe.o(RESET) refers to stm32f1xx_it.o(i.DebugMon_Handler) for DebugMon_Handler
    startup_stm32f103xe.o(RESET) refers to stm32f1xx_it.o(i.PendSV_Handler) for PendSV_Handler
    startup_stm32f103xe.o(RESET) refers to stm32f1xx_it.o(i.SysTick_Handler) for SysTick_Handler
    startup_stm32f103xe.o(RESET) refers to stm32f1xx_it.o(i.DMA1_Channel1_IRQHandler) for DMA1_Channel1_IRQHandler
    startup_stm32f103xe.o(RESET) refers to stm32f1xx_it.o(i.TIM2_IRQHandler) for TIM2_IRQHandler
    startup_stm32f103xe.o(RESET) refers to stm32f1xx_it.o(i.USART1_IRQHandler) for USART1_IRQHandler
    startup_stm32f103xe.o(RESET) refers to stm32f1xx_it.o(i.USART3_IRQHandler) for USART3_IRQHandler
    startup_stm32f103xe.o(RESET) refers to stm32f1xx_it.o(i.TIM6_IRQHandler) for TIM6_IRQHandler
    startup_stm32f103xe.o(RESET) refers to stm32f1xx_it.o(i.TIM7_IRQHandler) for TIM7_IRQHandler
    startup_stm32f103xe.o(.text) refers to system_stm32f1xx.o(i.SystemInit) for SystemInit
    startup_stm32f103xe.o(.text) refers to entry.o(.ARM.Collect$$$$00000000) for __main
    main.o(i.MX_ADC1_Init) refers to stm32f1xx_hal_adc.o(i.HAL_ADC_Init) for HAL_ADC_Init
    main.o(i.MX_ADC1_Init) refers to main.o(i.Error_Handler) for Error_Handler
    main.o(i.MX_ADC1_Init) refers to stm32f1xx_hal_adc.o(i.HAL_ADC_ConfigChannel) for HAL_ADC_ConfigChannel
    main.o(i.MX_ADC1_Init) refers to main.o(.bss) for hadc1
    main.o(i.MX_DAC_Init) refers to stm32f1xx_hal_dac.o(i.HAL_DAC_Init) for HAL_DAC_Init
    main.o(i.MX_DAC_Init) refers to main.o(i.Error_Handler) for Error_Handler
    main.o(i.MX_DAC_Init) refers to stm32f1xx_hal_dac.o(i.HAL_DAC_ConfigChannel) for HAL_DAC_ConfigChannel
    main.o(i.MX_DAC_Init) refers to main.o(.bss) for hdac
    main.o(i.MX_DMA_Init) refers to stm32f1xx_hal_cortex.o(i.HAL_NVIC_SetPriority) for HAL_NVIC_SetPriority
    main.o(i.MX_DMA_Init) refers to stm32f1xx_hal_cortex.o(i.HAL_NVIC_EnableIRQ) for HAL_NVIC_EnableIRQ
    main.o(i.MX_GPIO_Init) refers to stm32f1xx_hal_gpio.o(i.HAL_GPIO_WritePin) for HAL_GPIO_WritePin
    main.o(i.MX_GPIO_Init) refers to stm32f1xx_hal_gpio.o(i.HAL_GPIO_Init) for HAL_GPIO_Init
    main.o(i.MX_RTC_Init) refers to stm32f1xx_hal_rtc.o(i.HAL_RTC_Init) for HAL_RTC_Init
    main.o(i.MX_RTC_Init) refers to main.o(i.Error_Handler) for Error_Handler
    main.o(i.MX_RTC_Init) refers to stm32f1xx_hal_rtc.o(i.HAL_RTC_SetTime) for HAL_RTC_SetTime
    main.o(i.MX_RTC_Init) refers to stm32f1xx_hal_rtc.o(i.HAL_RTC_SetDate) for HAL_RTC_SetDate
    main.o(i.MX_RTC_Init) refers to main.o(.bss) for hrtc
    main.o(i.MX_SPI2_Init) refers to stm32f1xx_hal_spi.o(i.HAL_SPI_Init) for HAL_SPI_Init
    main.o(i.MX_SPI2_Init) refers to main.o(i.Error_Handler) for Error_Handler
    main.o(i.MX_SPI2_Init) refers to main.o(.bss) for hspi2
    main.o(i.MX_TIM2_Init) refers to stm32f1xx_hal_tim.o(i.HAL_TIM_Base_Init) for HAL_TIM_Base_Init
    main.o(i.MX_TIM2_Init) refers to main.o(i.Error_Handler) for Error_Handler
    main.o(i.MX_TIM2_Init) refers to stm32f1xx_hal_tim.o(i.HAL_TIM_ConfigClockSource) for HAL_TIM_ConfigClockSource
    main.o(i.MX_TIM2_Init) refers to stm32f1xx_hal_tim_ex.o(i.HAL_TIMEx_MasterConfigSynchronization) for HAL_TIMEx_MasterConfigSynchronization
    main.o(i.MX_TIM2_Init) refers to main.o(.bss) for htim2
    main.o(i.MX_TIM6_Init) refers to stm32f1xx_hal_tim.o(i.HAL_TIM_Base_Init) for HAL_TIM_Base_Init
    main.o(i.MX_TIM6_Init) refers to main.o(i.Error_Handler) for Error_Handler
    main.o(i.MX_TIM6_Init) refers to stm32f1xx_hal_tim_ex.o(i.HAL_TIMEx_MasterConfigSynchronization) for HAL_TIMEx_MasterConfigSynchronization
    main.o(i.MX_TIM6_Init) refers to main.o(.bss) for htim6
    main.o(i.MX_TIM7_Init) refers to stm32f1xx_hal_tim.o(i.HAL_TIM_Base_Init) for HAL_TIM_Base_Init
    main.o(i.MX_TIM7_Init) refers to main.o(i.Error_Handler) for Error_Handler
    main.o(i.MX_TIM7_Init) refers to stm32f1xx_hal_tim_ex.o(i.HAL_TIMEx_MasterConfigSynchronization) for HAL_TIMEx_MasterConfigSynchronization
    main.o(i.MX_TIM7_Init) refers to main.o(.bss) for htim7
[...]
    i.cJSON_Parse                            0x080074ac   Section        0  cjson.o(i.cJSON_Parse)
    i.cJSON_ParseWithLengthOpts              0x080074bc   Section        0  cjson.o(i.cJSON_ParseWithLengthOpts)
    i.cJSON_ParseWithOpts                    0x08007590   Section        0  cjson.o(i.cJSON_ParseWithOpts)
    i.cJSON_PrintUnformatted                 0x080075b8   Section        0  cjson.o(i.cJSON_PrintUnformatted)
    i.cJSON_strdup                           0x080075cc   Section        0  cjson.o(i.cJSON_strdup)
    cJSON_strdup                             0x080075cd   Thumb Code    56  cjson.o(i.cJSON_strdup)
    i.case_insensitive_strcmp                0x08007604   Section        0  cjson.o(i.case_insensitive_strcmp)
    case_insensitive_strcmp                  0x08007605   Thumb Code    72  cjson.o(i.case_insensitive_strcmp)
    i.cast_away_const                        0x0800764c   Section        0  cjson.o(i.cast_away_const)
    cast_away_const                          0x0800764d   Thumb Code     2  cjson.o(i.cast_away_const)
    i.checkConnection                        0x08007650   Section        0  yeecom.o(i.checkConnection)
    i.checkDtuStatu                          0x080076e8   Section        0  yeecom.o(i.checkDtuStatu)
    i.compare_double                         0x0800778c   Section        0  cjson.o(i.compare_double)
    compare_double                           0x0800778d   Thumb Code   112  cjson.o(i.compare_double)
    i.ensure                                 0x08007800   Section        0  cjson.o(i.ensure)
    ensure                                   0x08007801   Thumb Code   186  cjson.o(i.ensure)
    i.fputc                                  0x080078bc   Section        0  main.o(i.fputc)
    i.get_decimal_point                      0x080078dc   Section        0  cjson.o(i.get_decimal_point)
    get_decimal_point                        0x080078dd   Thumb Code     4  cjson.o(i.get_decimal_point)
    i.get_object_item                        0x080078e0   Section        0  cjson.o(i.get_object_item)
    get_object_item                          0x080078e1   Thumb Code    82  cjson.o(i.get_object_item)
    i.initDtu                                0x08007934   Section        0  yeecom.o(i.initDtu)
    i.init_Json_Buffer                       0x08007af8   Section        0  fifo.o(i.init_Json_Buffer)
    i.internal_alloc                         0x08007b24   Section        0  mallocr.o(i.internal_alloc)
    internal_alloc                           0x08007b25   Thumb Code    76  mallocr.o(i.internal_alloc)
    i.main                                   0x08007b74   Section        0  main.o(i.main)
    i.parse_array                            0x08008588   Section        0  cjson.o(i.parse_array)
    parse_array                              0x08008589   Thumb Code   248  cjson.o(i.parse_array)
    i.parse_hex4                             0x08008680   Section        0  cjson.o(i.parse_hex4)
    parse_hex4                               0x08008681   Thumb Code    90  cjson.o(i.parse_hex4)
    i.parse_number                           0x080086dc   Section        0  cjson.o(i.parse_number)
    parse_number                             0x080086dd   Thumb Code   298  cjson.o(i.parse_number)
    i.parse_object                           0x08008814   Section        0  cjson.o(i.parse_object)
    parse_object                             0x08008815   Thumb Code   318  cjson.o(i.parse_object)
    i.parse_string                           0x08008952   Section        0  cjson.o(i.parse_string)
    parse_string                             0x08008953   Thumb Code   396  cjson.o(i.parse_string)
    i.parse_value                            0x08008ae0   Section        0  cjson.o(i.parse_value)
    parse_value                              0x08008ae1   Thumb Code   290  cjson.o(i.parse_value)
    i.print                                  0x08008c1c   Section        0  cjson.o(i.print)
    print                                    0x08008c1d   Thumb Code   178  cjson.o(i.print)
    i.print_array                            0x08008cce   Section        0  cjson.o(i.print_array)
    print_array                              0x08008ccf   Thumb Code   178  cjson.o(i.print_array)
    i.print_number                           0x08008d80   Section        0  cjson.o(i.print_number)
    print_number                             0x08008d81   Thumb Code   268  cjson.o(i.print_number)
    i.print_object                           0x08008eac   Section        0  cjson.o(i.print_object)
    print_object                             0x08008ead   Thumb Code   372  cjson.o(i.print_object)
    i.print_string                           0x08009020   Section        0  cjson.o(i.print_string)
    print_string                             0x08009021   Thumb Code    16  cjson.o(i.print_string)
    i.print_string_ptr                       0x08009030   Section        0  cjson.o(i.print_string_ptr)
    print_string_ptr                         0x08009031   Thumb Code   360  cjson.o(i.print_string_ptr)
    i.print_value                            0x080091a4   Section        0  cjson.o(i.print_value)
    print_value                              0x080091a5   Thumb Code   236  cjson.o(i.print_value)
    i.realloc                                0x080092a8   Section        0  mallocr.o(i.realloc)
    i.skip_utf8_bom                          0x08009314   Section        0  cjson.o(i.skip_utf8_bom)
    skip_utf8_bom                            0x08009315   Thumb Code    56  cjson.o(i.skip_utf8_bom)
    i.strtod                                 0x08009350   Section        0  strtod.o(i.strtod)
    i.suffix_object                          0x0800936c   Section        0  cjson.o(i.suffix_object)
    suffix_object                            0x0800936d   Thumb Code     6  cjson.o(i.suffix_object)
    i.update_offset                          0x08009372   Section        0  cjson.o(i.update_offset)
    update_offset                            0x08009373   Thumb Code    36  cjson.o(i.update_offset)
    i.usart1_Process                         0x08009398   Section        0  fifo.o(i.usart1_Process)
    i.utf16_literal_to_utf8                  0x08009560   Section        0  cjson.o(i.utf16_literal_to_utf8)
    utf16_literal_to_utf8                    0x08009561   Thumb Code   300  cjson.o(i.utf16_literal_to_utf8)
    .constdata                               0x0800968c   Section       24  system_stm32f1xx.o(.constdata)
    .constdata                               0x080096a4   Section     1284  ntc.o(.constdata)
    .constdata                               0x08009ba8   Section       64  ctype_c.o(.constdata)
    .conststring                             0x08009be8   Section       57  main.o(.conststring)
    .conststring                             0x08009c24   Section      232  yeecom.o(.conststring)
    .data                                    0x20000000   Section       64  main.o(.data)
    .data                                    0x20000040   Section        9  stm32f1xx_hal.o(.data)
    .data                                    0x2000004c   Section        4  system_stm32f1xx.o(.data)
    .data                                    0x20000050   Section       20  cjson.o(.data)
    global_error                             0x20000050   Data           8  cjson.o(.data)
    global_hooks                             0x20000058   Data          12  cjson.o(.data)
    .data                                    0x20000064   Section       17  fifo.o(.data)
    .data                                    0x20000075   Section       42  yeecom.o(.data)
    SuccessInit                              0x2000009e   Data           1  yeecom.o(.data)
    .data                                    0x200000a0   Section        4  strtok.o(.data)
    state                                    0x200000a0   Data           4  strtok.o(.data)
    .data                                    0x200000a4   Section        4  stdout.o(.data)
    .data                                    0x200000a8   Section        4  mvars.o(.data)
    .data                                    0x200000ac   Section        4  mvars.o(.data)
    .bss                                     0x200000b0   Section     1378  main.o(.bss)
    .bss                                     0x20000618   Section       32  stm32f1xx_hal_flash.o(.bss)
    .bss                                     0x20000638   Section      300  fifo.o(.bss)
    .bss                                     0x20000764   Section      300  yeecom.o(.bss)
    HEAP                                     0x20000890   Section     2048  startup_stm32f103xe.o(HEAP)
    STACK                                    0x20001090   Section     2048  startup_stm32f103xe.o(STACK)

    Global Symbols

    Symbol Name                              Value     Ov Type        Size  Object(Section)

    BuildAttributes$$THM_ISAv4$P$D$K$B$S$PE$A:L22UL41UL21$X:L11$S22US41US21$IEEE1$IW$USESV6$~STKCKD$USESV7$~SHL$OTIME$ROPI$IEEEJ$EBA8$MICROLIB$REQ8$PRES8$EABIv2 0x00000000   Number         0  anon$$obj.o ABSOLUTE
    __ARM_use_no_argv                        0x00000000   Number         0  main.o ABSOLUTE
    _printf_a                                0x00000000   Number         0  stubs.o ABSOLUTE
    _printf_c                                0x00000000   Number         0  stubs.o ABSOLUTE
    _printf_charcount                        0x00000000   Number         0  stubs.o ABSOLUTE
    _printf_d                                0x00000000   Number         0  stubs.o ABSOLUTE
    _printf_e                                0x00000000   Number         0  stubs.o ABSOLUTE
    _printf_f                                0x00000000   Number         0  stubs.o ABSOLUTE
    _printf_flags                            0x00000000   Number         0  stubs.o ABSOLUTE
    _printf_fp_dec                           0x00000000   Number         0  stubs.o ABSOLUTE
    _printf_fp_hex                           0x00000000   Number         0  stubs.o ABSOLUTE
    _printf_g                                0x00000000   Number         0  stubs.o ABSOLUTE
    _printf_i                                0x00000000   Number         0  stubs.o ABSOLUTE
    _printf_int_dec                          0x00000000   Number         0  stubs.o ABSOLUTE
    _printf_l                                0x00000000   Number         0  stubs.o ABSOLUTE
    _printf_lc                               0x00000000   Number         0  stubs.o ABSOLUTE
    _printf_ll                               0x00000000   Number         0  stubs.o ABSOLUTE
    _printf_lld                              0x00000000   Number         0  stubs.o ABSOLUTE
    _printf_lli                              0x00000000   Number         0  stubs.o ABSOLUTE
    _printf_llo                              0x00000000   Number         0  stubs.o ABSOLUTE
    _printf_llu                              0x00000000   Number         0  stubs.o ABSOLUTE
    _printf_llx                              0x00000000   Number         0  stubs.o ABSOLUTE
    _printf_longlong_dec                     0x00000000   Number         0  stubs.o ABSOLUTE
    _printf_longlong_hex                     0x00000000   Number         0  stubs.o ABSOLUTE
    _printf_longlong_oct                     0x00000000   Number         0  stubs.o ABSOLUTE
    _printf_ls                               0x00000000   Number         0  stubs.o ABSOLUTE
    _printf_mbtowc                           0x00000000   Number         0  stubs.o ABSOLUTE
    _printf_n                                0x00000000   Number         0  stubs.o ABSOLUTE
    _printf_o                                0x00000000   Number         0  stubs.o ABSOLUTE
    _printf_p                                0x00000000   Number         0  stubs.o ABSOLUTE
    _printf_percent                          0x00000000   Number         0  stubs.o ABSOLUTE
    _printf_pre_padding                      0x00000000   Number         0  stubs.o ABSOLUTE
    _printf_return_value                     0x00000000   Number         0  stubs.o ABSOLUTE
    _printf_s                                0x00000000   Number         0  stubs.o ABSOLUTE
    _printf_sizespec                         0x00000000   Number         0  stubs.o ABSOLUTE
    _printf_str                              0x00000000   Number         0  stubs.o ABSOLUTE
    _printf_truncate_signed                  0x00000000   Number         0  stubs.o ABSOLUTE
    _printf_truncate_unsigned                0x00000000   Number         0  stubs.o ABSOLUTE
    _printf_u                                0x00000000   Number         0  stubs.o ABSOLUTE
    _printf_wc                               0x00000000   Number         0  stubs.o ABSOLUTE
    _printf_wctomb                           0x00000000   Number         0  stubs.o ABSOLUTE
    _printf_widthprec                        0x00000000   Number         0  stubs.o ABSOLUTE
    _printf_x                                0x00000000   Number         0  stubs.o ABSOLUTE
    __cpp_initialize__aeabi_                  - Undefined Weak Reference
    __cxa_finalize                            - Undefined Weak Reference
    __decompress                              - Undefined Weak Reference
    _clock_init                               - Undefined Weak Reference
    _microlib_exit                            - Undefined Weak Reference
    _scanf_longlong                           - Undefined Weak Reference
    _scanf_string                             - Undefined Weak Reference
    __Vectors_Size                           0x00000130   Number         0  startup_stm32f103xe.o ABSOLUTE
    __Vectors                                0x08000000   Data           4  startup_stm32f103xe.o(RESET)
    __Vectors_End                            0x08000130   Data           0  startup_stm32f103xe.o(RESET)
    __main                                   0x08000131   Thumb Code     0  entry.o(.ARM.Collect$$$$00000000)
    _main_stk                                0x08000131   Thumb Code     0  entry2.o(.ARM.Collect$$$$00000001)
    _main_scatterload                        0x08000135   Thumb Code     0  entry5.o(.ARM.Collect$$$$00000004)
    __main_after_scatterload                 0x08000139   Thumb Code     0  entry5.o(.ARM.Collect$$$$00000004)
    _main_clock                              0x08000139   Thumb Code     0  entry7b.o(.ARM.Collect$$$$00000008)
    _main_cpp_init                           0x08000139   Thumb Code     0  entry8b.o(.ARM.Collect$$$$0000000A)
    _main_init                               0x08000139   Thumb Code     0  entry9a.o(.ARM.Collect$$$$0000000B)
    __rt_final_cpp                           0x08000141   Thumb Code     0  entry10a.o(.ARM.Collect$$$$0000000D)
    __rt_final_exit                          0x08000141   Thumb Code     0  entry11a.o(.ARM.Collect$$$$0000000F)
    Reset_Handler                            0x08000145   Thumb Code     8  startup_stm32f103xe.o(.text)
    ADC1_2_IRQHandler                        0x0800015f   Thumb Code     0  startup_stm32f103xe.o(.text)
    ADC3_IRQHandler                          0x0800015f   Thumb Code     0  startup_stm32f103xe.o(.text)
    CAN1_RX1_IRQHandler                      0x0800015f   Thumb Code     0  startup_stm32f103xe.o(.text)
    CAN1_SCE_IRQHandler                      0x0800015f   Thumb Code     0  startup_stm32f103xe.o(.text)
    DMA1_Channel2_IRQHandler                 0x0800015f   Thumb Code     0  startup_stm32f103xe.o(.text)
    DMA1_Channel3_IRQHandler                 0x0800015f   Thumb Code     0  startup_stm32f103xe.o(.text)
    DMA1_Channel4_IRQHandler                 0x0800015f   Thumb Code     0  startup_stm32f103xe.o(.text)
    DMA1_Channel5_IRQHandler                 0x0800015f   Thumb Code     0  startup_stm32f103xe.o(.text)
    DMA1_Channel6_IRQHandler                 0x0800015f   Thumb Code     0  startup_stm32f103xe.o(.text)
    DMA1_Channel7_IRQHandler                 0x0800015f   Thumb Code     0  startup_stm32f103xe.o(.text)
    DMA2_Channel1_IRQHandler                 0x0800015f   Thumb Code     0  startup_stm32f103xe.o(.text)
    DMA2_Channel2_IRQHandler                 0x0800015f   Thumb Code     0  startup_stm32f103xe.o(.text)
    DMA2_Channel3_IRQHandler                 0x0800015f   Thumb Code     0  startup_stm32f103xe.o(.text)
    DMA2_Channel4_5_IRQHandler               0x0800015f   Thumb Code     0  startup_stm32f103xe.o(.text)
    EXTI0_IRQHandler                         0x0800015f   Thumb Code     0  startup_stm32f103xe.o(.text)
    EXTI15_10_IRQHandler                     0x0800015f   Thumb Code     0  startup_stm32f103xe.o(.text)
    EXTI1_IRQHandler                         0x0800015f   Thumb Code     0  startup_stm32f103xe.o(.text)
    EXTI2_IRQHandler                         0x0800015f   Thumb Code     0  startup_stm32f103xe.o(.text)
    EXTI3_IRQHandler                         0x0800015f   Thumb Code     0  startup_stm32f103xe.o(.text)
    EXTI4_IRQHandler                         0x0800015f   Thumb Code     0  startup_stm32f103xe.o(.text)
    EXTI9_5_IRQHandler                       0x0800015f   Thumb Code     0  startup_stm32f103xe.o(.text)
    FLASH_IRQHandler                         0x0800015f   Thumb Code     0  startup_stm32f103xe.o(.text)
    FSMC_IRQHandler                          0x0800015f   Thumb Code     0  startup_stm32f103xe.o(.text)
    I2C1_ER_IRQHandler                       0x0800015f   Thumb Code     0  startup_stm32f103xe.o(.text)
    I2C1_EV_IRQHandler                       0x0800015f   Thumb Code     0  startup_stm32f103xe.o(.text)
    I2C2_ER_IRQHandler                       0x0800015f   Thumb Code     0  startup_stm32f103xe.o(.text)
    I2C2_EV_IRQHandler                       0x0800015f   Thumb Code     0  startup_stm32f103xe.o(.text)
    PVD_IRQHandler                           0x0800015f   Thumb Code     0  startup_stm32f103xe.o(.text)
    RCC_IRQHandler                           0x0800015f   Thumb Code     0  startup_stm32f103xe.o(.text)
    RTC_Alarm_IRQHandler                     0x0800015f   Thumb Code     0  startup_stm32f103xe.o(.text)
    RTC_IRQHandler                           0x0800015f   Thumb Code     0  startup_stm32f103xe.o(.text)
    SDIO_IRQHandler                          0x0800015f   Thumb Code     0  startup_stm32f103xe.o(.text)
    SPI1_IRQHandler                          0x0800015f   Thumb Code     0  startup_stm32f103xe.o(.text)
    SPI2_IRQHandler                          0x0800015f   Thumb Code     0  startup_stm32f103xe.o(.text)
    SPI3_IRQHandler                          0x0800015f   Thumb Code     0  startup_stm32f103xe.o(.text)
    TAMPER_IRQHandler                        0x0800015f   Thumb Code     0  startup_stm32f103xe.o(.text)
    TIM1_BRK_IRQHandler                      0x0800015f   Thumb Code     0  startup_stm32f103xe.o(.text)
    TIM1_CC_IRQHandler                       0x0800015f   Thumb Code     0  startup_stm32f103xe.o(.text)
    TIM1_TRG_COM_IRQHandler                  0x0800015f   Thumb Code     0  startup_stm32f103xe.o(.text)
    TIM1_UP_IRQHandler                       0x0800015f   Thumb Code     0  startup_stm32f103xe.o(.text)
    TIM3_IRQHandler                          0x0800015f   Thumb Code     0  startup_stm32f103xe.o(.text)
    TIM4_IRQHandler                          0x0800015f   Thumb Code     0  startup_stm32f103xe.o(.text)
    TIM5_IRQHandler                          0x0800015f   Thumb Code     0  startup_stm32f103xe.o(.text)
    TIM8_BRK_IRQHandler                      0x0800015f   Thumb Code     0  startup_stm32f103xe.o(.text)
    TIM8_CC_IRQHandler                       0x0800015f   Thumb Code     0  startup_stm32f103xe.o(.text)
    TIM8_TRG_COM_IRQHandler                  0x0800015f   Thumb Code     0  startup_stm32f103xe.o(.text)
    TIM8_UP_IRQHandler                       0x0800015f   Thumb Code     0  startup_stm32f103xe.o(.text)
    UART4_IRQHandler                         0x0800015f   Thumb Code     0  startup_stm32f103xe.o(.text)
    UART5_IRQHandler                         0x0800015f   Thumb Code     0  startup_stm32f103xe.o(.text)
    USART2_IRQHandler                        0x0800015f   Thumb Code     0  startup_stm32f103xe.o(.text)
    USBWakeUp_IRQHandler                     0x0800015f   Thumb Code     0  startup_stm32f103xe.o(.text)
    USB_HP_CAN1_TX_IRQHandler                0x0800015f   Thumb Code     0  startup_stm32f103xe.o(.text)
    USB_LP_CAN1_RX0_IRQHandler               0x0800015f   Thumb Code     0  startup_stm32f103xe.o(.text)
    WWDG_IRQHandler                          0x0800015f   Thumb Code     0  startup_stm32f103xe.o(.text)
    __aeabi_llsr                             0x08000169   Thumb Code    32  llushr.o(.text)
    _ll_ushift_r                             0x08000169   Thumb Code     0  llushr.o(.text)
    tolower                                  0x08000189   Thumb Code    12  tolower.o(.text)
    __aeabi_memcpy                           0x08000195   Thumb Code    36  memcpya.o(.text)
    __aeabi_memcpy4                          0x08000195   Thumb Code     0  memcpya.o(.text)
    __aeabi_memcpy8                          0x08000195   Thumb Code     0  memcpya.o(.text)
    __aeabi_memset                           0x080001b9   Thumb Code    14  memseta.o(.text)
    __aeabi_memset4                          0x080001b9   Thumb Code     0  memseta.o(.text)
    __aeabi_memset8                          0x080001b9   Thumb Code     0  memseta.o(.text)
    __aeabi_memclr                           0x080001c7   Thumb Code     4  memseta.o(.text)
    __aeabi_memclr4                          0x080001c7   Thumb Code     0  memseta.o(.text)
    __aeabi_memclr8                          0x080001c7   Thumb Code     0  memseta.o(.text)
    _memset$wrapper                          0x080001cb   Thumb Code    18  memseta.o(.text)
    strlen                                   0x080001dd   Thumb Code    14  strlen.o(.text)
    strcmp                                   0x080001eb   Thumb Code    28  strcmp.o(.text)
    strcpy                                   0x08000207   Thumb Code    18  strcpy.o(.text)
    strncmp                                  0x08000219   Thumb Code    30  strncmp.o(.text)
    strtok                                   0x08000239   Thumb Code    62  strtok.o(.text)
    __0sscanf                                0x0800027d   Thumb Code    48  __0sscanf.o(.text)
    _scanf_int                               0x080002b5   Thumb Code   332  _scanf_int.o(.text)
    _scanf_real                              0x08000529   Thumb Code     0  scanf_fp.o(.text)
    _scanf_really_real                       0x08000529   Thumb Code   556  scanf_fp.o(.text)
    __aeabi_fmul                             0x08000761   Thumb Code   100  fmul.o(.text)
    __aeabi_dadd                             0x080007c5   Thumb Code   322  dadd.o(.text)
    __aeabi_dsub                             0x08000907   Thumb Code     6  dadd.o(.text)
    __aeabi_drsub                            0x0800090d   Thumb Code     6  dadd.o(.text)
    __aeabi_dmul                             0x08000913   Thumb Code   228  dmul.o(.text)
    __aeabi_ddiv                             0x080009f7   Thumb Code   222  ddiv.o(.text)
    __aeabi_ui2f                             0x08000ad5   Thumb Code    10  ffltui.o(.text)
    __aeabi_i2d                              0x08000adf   Thumb Code    34  dflti.o(.text)
    __aeabi_ui2d                             0x08000b01   Thumb Code    26  dfltui.o(.text)
    __aeabi_f2iz                             0x08000b1b   Thumb Code    50  ffixi.o(.text)
    __aeabi_d2iz                             0x08000b4d   Thumb Code    62  dfixi.o(.text)
    __aeabi_d2uiz                            0x08000b8b   Thumb Code    50  dfixui.o(.text)
    __aeabi_f2d                              0x08000bbd   Thumb Code    38  f2d.o(.text)
    __aeabi_cdcmpeq                          0x08000be5   Thumb Code     0  cdcmple.o(.text)
    __aeabi_cdcmple                          0x08000be5   Thumb Code    48  cdcmple.o(.text)
    __aeabi_cdrcmple                         0x08000c15   Thumb Code    48  cdrcmple.o(.text)
    __aeabi_d2f                              0x08000c45   Thumb Code    56  d2f.o(.text)
    __aeabi_uidiv                            0x08000c7d   Thumb Code     0  uidiv.o(.text)
    __aeabi_uidivmod                         0x08000c7d   Thumb Code    44  uidiv.o(.text)
    __aeabi_uldivmod                         0x08000ca9   Thumb Code    98  uldiv.o(.text)
    __aeabi_llsl                             0x08000d0b   Thumb Code    30  llshl.o(.text)
    _ll_shift_l                              0x08000d0b   Thumb Code     0  llshl.o(.text)
    __aeabi_lasr                             0x08000d29   Thumb Code    36  llsshr.o(.text)
    _ll_sshift_r                             0x08000d29   Thumb Code     0  llsshr.o(.text)
    _chval                                   0x08000d4d   Thumb Code    28  _chval.o(.text)
    __vfscanf_char                           0x08000d75   Thumb Code    20  scanf_char.o(.text)
    _sgetc                                   0x08000d91   Thumb Code    30  _sgetc.o(.text)
    _sbackspace                              0x08000daf   Thumb Code    34  _sgetc.o(.text)
    __strtod_int                             0x08000e07   Thumb Code    90  strtod.o(.text)
    __I$use$fp                               0x08000e6d   Thumb Code     0  iusefp.o(.text)
    _float_round                             0x08000e6d   Thumb Code    18  fepilogue.o(.text)
    _float_epilogue                          0x08000e7f   Thumb Code    92  fepilogue.o(.text)
    _double_round                            0x08000edb   Thumb Code    30  depilogue.o(.text)
    _double_epilogue                         0x08000ef9   Thumb Code   156  depilogue.o(.text)
    __aeabi_ul2d                             0x08000f95   Thumb Code    24  dfltul.o(.text)
    __aeabi_d2ulz                            0x08000fad   Thumb Code    48  dfixul.o(.text)
    __scatterload                            0x08000fdd   Thumb Code    28  init.o(.text)
    __scatterload_rt2                        0x08000fdd   Thumb Code     0  init.o(.text)
    isspace                                  0x08001001   Thumb Code    10  isspace_c.o(.text)
    __vfscanf                                0x0800100d   Thumb Code   808  _scanf.o(.text)
    __ctype_lookup                           0x08001339   Thumb Code    34  ctype_c.o(.text)
    ADC_ConversionStop_Disable               0x08001361   Thumb Code    82  stm32f1xx_hal_adc.o(i.ADC_ConversionStop_Disable)
    ADC_DMAConvCplt                          0x080013b3   Thumb Code    82  stm32f1xx_hal_adc.o(i.ADC_DMAConvCplt)
    ADC_DMAError                             0x08001405   Thumb Code    30  stm32f1xx_hal_adc.o(i.ADC_DMAError)
    ADC_DMAHalfConvCplt                      0x08001423   Thumb Code    14  stm32f1xx_hal_adc.o(i.ADC_DMAHalfConvCplt)
    ADC_Enable                               0x08001431   Thumb Code   122  stm32f1xx_hal_adc.o(i.ADC_Enable)
    BusFault_Handler                         0x080014b5   Thumb Code     4  stm32f1xx_it.o(i.BusFault_Handler)
    ConverseToTemperature                    0x080014b9   Thumb Code   174  ntc.o(i.ConverseToTemperature)
    DMA1_Channel1_IRQHandler                 0x08001579   Thumb Code    10  stm32f1xx_it.o(i.DMA1_Channel1_IRQHandler)
    DebugMon_Handler                         0x080015b5   Thumb Code     2  stm32f1xx_it.o(i.DebugMon_Handler)
    Error_Handler                            0x080015b7   Thumb Code     2  main.o(i.Error_Handler)
    EstablishMqttConnection                  0x080015b9   Thumb Code   124  yeecom.o(i.EstablishMqttConnection)
    FIFO_Clear                               0x08001671   Thumb Code    22  fifo.o(i.FIFO_Clear)
    FIFO_Init                                0x08001687   Thumb Code    92  fifo.o(i.FIFO_Init)
    FIFO_Read                                0x080016e3   Thumb Code    64  fifo.o(i.FIFO_Read)
    FIFO_ReadN                               0x08001723   Thumb Code    74  fifo.o(i.FIFO_ReadN)
    FIFO_Status                              0x0800176d   Thumb Code    52  fifo.o(i.FIFO_Status)
    FLASH_PageErase                          0x080017cd   Thumb Code    32  stm32f1xx_hal_flash_ex.o(i.FLASH_PageErase)
    FLASH_WaitForLastOperation               0x08001899   Thumb Code   106  stm32f1xx_hal_flash.o(i.FLASH_WaitForLastOperation)
    FormJson                                 0x08001909   Thumb Code   170  yeecom.o(i.FormJson)
    FormUploadData                           0x080019e5   Thumb Code    56  yeecom.o(i.FormUploadData)
    HAL_ADCEx_Calibration_Start              0x08001a25   Thumb Code   256  stm32f1xx_hal_adc_ex.o(i.HAL_ADCEx_Calibration_Start)
    HAL_ADC_ConfigChannel                    0x08001b29   Thumb Code   338  stm32f1xx_hal_adc.o(i.HAL_ADC_ConfigChannel)
    HAL_ADC_ConvCpltCallback                 0x08001c89   Thumb Code     2  stm32f1xx_hal_adc.o(i.HAL_ADC_ConvCpltCallback)
    HAL_ADC_ConvHalfCpltCallback             0x08001c8b   Thumb Code     2  stm32f1xx_hal_adc.o(i.HAL_ADC_ConvHalfCpltCallback)
    HAL_ADC_ErrorCallback                    0x08001c8d   Thumb Code     2  stm32f1xx_hal_adc.o(i.HAL_ADC_ErrorCallback)
    HAL_ADC_Init                             0x08001c91   Thumb Code   340  stm32f1xx_hal_adc.o(i.HAL_ADC_Init)
    HAL_ADC_MspInit                          0x08001df1   Thumb Code   196  stm32f1xx_hal_msp.o(i.HAL_ADC_MspInit)
    HAL_ADC_Start                            0x08001ecd   Thumb Code   294  stm32f1xx_hal_adc.o(i.HAL_ADC_Start)
    HAL_ADC_Start_DMA                        0x08001ffd   Thumb Code   362  stm32f1xx_hal_adc.o(i.HAL_ADC_Start_DMA)
    HAL_DAC_ConfigChannel                    0x0800217d   Thumb Code   116  stm32f1xx_hal_dac.o(i.HAL_DAC_ConfigChannel)
    HAL_DAC_Init                             0x080021f1   Thumb Code    40  stm32f1xx_hal_dac.o(i.HAL_DAC_Init)
    HAL_DAC_MspInit                          0x08002219   Thumb Code    98  stm32f1xx_hal_msp.o(i.HAL_DAC_MspInit)
    HAL_DAC_SetValue                         0x08002289   Thumb Code    44  stm32f1xx_hal_dac.o(i.HAL_DAC_SetValue)
    HAL_DAC_Start                            0x080022b5   Thumb Code   120  stm32f1xx_hal_dac.o(i.HAL_DAC_Start)
    HAL_DMA_Abort_IT                         0x0800232d   Thumb Code   414  stm32f1xx_hal_dma.o(i.HAL_DMA_Abort_IT)
    HAL_DMA_IRQHandler                       0x080024d5   Thumb Code   910  stm32f1xx_hal_dma.o(i.HAL_DMA_IRQHandler)
    HAL_DMA_Init                             0x0800286d   Thumb Code   132  stm32f1xx_hal_dma.o(i.HAL_DMA_Init)
    HAL_DMA_Start_IT                         0x080028f9   Thumb Code   156  stm32f1xx_hal_dma.o(i.HAL_DMA_Start_IT)
    HAL_Delay                                0x08002995   Thumb Code    36  stm32f1xx_hal.o(i.HAL_Delay)
    HAL_FLASHEx_Erase                        0x080029bd   Thumb Code   168  stm32f1xx_hal_flash_ex.o(i.HAL_FLASHEx_Erase)
    HAL_FLASH_Lock                           0x08002a6d   Thumb Code    16  stm32f1xx_hal_flash.o(i.HAL_FLASH_Lock)
    HAL_FLASH_Program                        0x08002a81   Thumb Code   168  stm32f1xx_hal_flash.o(i.HAL_FLASH_Program)
    HAL_FLASH_Unlock                         0x08002b31   Thumb Code    36  stm32f1xx_hal_flash.o(i.HAL_FLASH_Unlock)
    HAL_GPIO_Init                            0x08002b61   Thumb Code   792  stm32f1xx_hal_gpio.o(i.HAL_GPIO_Init)
    HAL_GPIO_ReadPin                         0x08002ea1   Thumb Code    16  stm32f1xx_hal_gpio.o(i.HAL_GPIO_ReadPin)
    HAL_GPIO_TogglePin                       0x08002eb1   Thumb Code    20  stm32f1xx_hal_gpio.o(i.HAL_GPIO_TogglePin)
    HAL_GPIO_WritePin                        0x08002ec5   Thumb Code    12  stm32f1xx_hal_gpio.o(i.HAL_GPIO_WritePin)
    HAL_GetTick                              0x08002ed1   Thumb Code     6  stm32f1xx_hal.o(i.HAL_GetTick)
    HAL_IncTick                              0x08002edd   Thumb Code    16  stm32f1xx_hal.o(i.HAL_IncTick)
    HAL_Init                                 0x08002ef5   Thumb Code    34  stm32f1xx_hal.o(i.HAL_Init)
    HAL_InitTick                             0x08002f1d   Thumb Code    64  stm32f1xx_hal.o(i.HAL_InitTick)
    HAL_MspInit                              0x08002f69   Thumb Code    76  stm32f1xx_hal_msp.o(i.HAL_MspInit)
    HAL_NVIC_EnableIRQ                       0x08002fbd   Thumb Code    32  stm32f1xx_hal_cortex.o(i.HAL_NVIC_EnableIRQ)
    HAL_NVIC_SetPriority                     0x08002fdd   Thumb Code   124  stm32f1xx_hal_cortex.o(i.HAL_NVIC_SetPriority)
    HAL_NVIC_SetPriorityGrouping             0x08003059   Thumb Code    32  stm32f1xx_hal_cortex.o(i.HAL_NVIC_SetPriorityGrouping)
    HAL_PWR_EnableBkUpAccess                 0x08003081   Thumb Code     8  stm32f1xx_hal_pwr.o(i.HAL_PWR_EnableBkUpAccess)
    HAL_RCCEx_GetPeriphCLKFreq               0x0800308d   Thumb Code   276  stm32f1xx_hal_rcc_ex.o(i.HAL_RCCEx_GetPeriphCLKFreq)
    HAL_RCCEx_PeriphCLKConfig                0x080031c1   Thumb Code   290  stm32f1xx_hal_rcc_ex.o(i.HAL_RCCEx_PeriphCLKConfig)
    HAL_RCC_ClockConfig                      0x080032f1   Thumb Code   376  stm32f1xx_hal_rcc.o(i.HAL_RCC_ClockConfig)
    HAL_RCC_GetHCLKFreq                      0x0800347d   Thumb Code     6  stm32f1xx_hal_rcc.o(i.HAL_RCC_GetHCLKFreq)
    HAL_RCC_GetPCLK1Freq                     0x08003489   Thumb Code    22  stm32f1xx_hal_rcc.o(i.HAL_RCC_GetPCLK1Freq)
    HAL_RCC_GetPCLK2Freq                     0x080034a9   Thumb Code    22  stm32f1xx_hal_rcc.o(i.HAL_RCC_GetPCLK2Freq)
    HAL_RCC_GetSysClockFreq                  0x080034c9   Thumb Code   116  stm32f1xx_hal_rcc.o(i.HAL_RCC_GetSysClockFreq)
    HAL_RCC_OscConfig                        0x0800355d   Thumb Code  1114  stm32f1xx_hal_rcc.o(i.HAL_RCC_OscConfig)
    HAL_RTC_Init                             0x080039c1   Thumb Code   202  stm32f1xx_hal_rtc.o(i.HAL_RTC_Init)
    HAL_RTC_MspInit                          0x08003a91   Thumb Code    52  stm32f1xx_hal_msp.o(i.HAL_RTC_MspInit)
    HAL_RTC_SetDate                          0x08003ad1   Thumb Code   242  stm32f1xx_hal_rtc.o(i.HAL_RTC_SetDate)
    HAL_RTC_SetTime                          0x08003bc9   Thumb Code   214  stm32f1xx_hal_rtc.o(i.HAL_RTC_SetTime)
    HAL_RTC_WaitForSynchro                   0x08003ca5   Thumb Code    64  stm32f1xx_hal_rtc.o(i.HAL_RTC_WaitForSynchro)
    HAL_SPI_Init                             0x08003ce5   Thumb Code   190  stm32f1xx_hal_spi.o(i.HAL_SPI_Init)
    HAL_SPI_MspInit                          0x08003da5   Thumb Code   124  stm32f1xx_hal_msp.o(i.HAL_SPI_MspInit)
    HAL_SYSTICK_Config                       0x08003e2d   Thumb Code    52  stm32f1xx_hal_cortex.o(i.HAL_SYSTICK_Config)
    HAL_TIMEx_BreakCallback                  0x08003e61   Thumb Code     2  stm32f1xx_hal_tim_ex.o(i.HAL_TIMEx_BreakCallback)
    HAL_TIMEx_CommutCallback                 0x08003e63   Thumb Code     2  stm32f1xx_hal_tim_ex.o(i.HAL_TIMEx_CommutCallback)
    HAL_TIMEx_ConfigBreakDeadTime            0x08003e65   Thumb Code   116  stm32f1xx_hal_tim_ex.o(i.HAL_TIMEx_ConfigBreakDeadTime)
    HAL_TIMEx_MasterConfigSynchronization    0x08003ed9   Thumb Code   134  stm32f1xx_hal_tim_ex.o(i.HAL_TIMEx_MasterConfigSynchronization)
    HAL_TIM_Base_Init                        0x08003f75   Thumb Code   102  stm32f1xx_hal_tim.o(i.HAL_TIM_Base_Init)
    HAL_TIM_Base_MspInit                     0x08003fdd   Thumb Code   204  stm32f1xx_hal_msp.o(i.HAL_TIM_Base_MspInit)
    HAL_TIM_Base_Start_IT                    0x080040b9   Thumb Code   122  stm32f1xx_hal_tim.o(i.HAL_TIM_Base_Start_IT)
    HAL_TIM_ConfigClockSource                0x08004149   Thumb Code   264  stm32f1xx_hal_tim.o(i.HAL_TIM_ConfigClockSource)
    HAL_TIM_IC_CaptureCallback               0x08004251   Thumb Code     2  stm32f1xx_hal_tim.o(i.HAL_TIM_IC_CaptureCallback)
    HAL_TIM_IRQHandler                       0x08004253   Thumb Code   406  stm32f1xx_hal_tim.o(i.HAL_TIM_IRQHandler)
    HAL_TIM_MspPostInit                      0x080043e9   Thumb Code    76  stm32f1xx_hal_msp.o(i.HAL_TIM_MspPostInit)
    HAL_TIM_OC_DelayElapsedCallback          0x08004441   Thumb Code     2  stm32f1xx_hal_tim.o(i.HAL_TIM_OC_DelayElapsedCallback)
    HAL_TIM_PWM_ConfigChannel                0x08004443   Thumb Code   252  stm32f1xx_hal_tim.o(i.HAL_TIM_PWM_ConfigChannel)
    HAL_TIM_PWM_Init                         0x0800453f   Thumb Code   102  stm32f1xx_hal_tim.o(i.HAL_TIM_PWM_Init)
    HAL_TIM_PWM_MspInit                      0x080045a5   Thumb Code     2  stm32f1xx_hal_tim.o(i.HAL_TIM_PWM_MspInit)
    HAL_TIM_PWM_PulseFinishedCallback        0x080045a7   Thumb Code     2  stm32f1xx_hal_tim.o(i.HAL_TIM_PWM_PulseFinishedCallback)
    HAL_TIM_PWM_Start                        0x080045a9   Thumb Code   222  stm32f1xx_hal_tim.o(i.HAL_TIM_PWM_Start)
    HAL_TIM_PeriodElapsedCallback            0x0800469d   Thumb Code    96  fifo.o(i.HAL_TIM_PeriodElapsedCallback)
    HAL_TIM_TriggerCallback                  0x08004715   Thumb Code     2  stm32f1xx_hal_tim.o(i.HAL_TIM_TriggerCallback)
    HAL_UART_ErrorCallback                   0x08004717   Thumb Code     2  stm32f1xx_hal_uart.o(i.HAL_UART_ErrorCallback)
    HAL_UART_IRQHandler                      0x08004719   Thumb Code   334  stm32f1xx_hal_uart.o(i.HAL_UART_IRQHandler)
    HAL_UART_Init                            0x0800486d   Thumb Code   114  stm32f1xx_hal_uart.o(i.HAL_UART_Init)
    HAL_UART_MspInit                         0x080048e1   Thumb Code   258  stm32f1xx_hal_msp.o(i.HAL_UART_MspInit)
    HAL_UART_Receive_IT                      0x080049f9   Thumb Code   112  stm32f1xx_hal_uart.o(i.HAL_UART_Receive_IT)
    HAL_UART_RxCpltCallback                  0x08004a69   Thumb Code    78  yeecom.o(i.HAL_UART_RxCpltCallback)
    HAL_UART_Transmit                        0x08004ac9   Thumb Code   210  stm32f1xx_hal_uart.o(i.HAL_UART_Transmit)
    HAL_UART_Transmit_IT                     0x08004b9b   Thumb Code    88  stm32f1xx_hal_uart.o(i.HAL_UART_Transmit_IT)
    HAL_UART_TxCpltCallback                  0x08004bf3   Thumb Code     2  stm32f1xx_hal_uart.o(i.HAL_UART_TxCpltCallback)
    HardFault_Handler                        0x08004bf5   Thumb Code     4  stm32f1xx_it.o(i.HardFault_Handler)
    MemManage_Handler                        0x08005271   Thumb Code     4  stm32f1xx_it.o(i.MemManage_Handler)
    NMI_Handler                              0x08005275   Thumb Code     2  stm32f1xx_it.o(i.NMI_Handler)
    PendSV_Handler                           0x08005277   Thumb Code     2  stm32f1xx_it.o(i.PendSV_Handler)
    ReadFlashNWord                           0x08005459   Thumb Code    32  flash.o(i.ReadFlashNWord)
    SVC_Handler                              0x0800547d   Thumb Code     2  stm32f1xx_it.o(i.SVC_Handler)
    SendAtCommand                            0x08005481   Thumb Code   118  yeecom.o(i.SendAtCommand)
    SendCharToDtu                            0x0800550d   Thumb Code    28  yeecom.o(i.SendCharToDtu)
    SendMessageToAliIOT                      0x0800552d   Thumb Code    82  yeecom.o(i.SendMessageToAliIOT)
    StartNTC                                 0x08005599   Thumb Code    42  ntc.o(i.StartNTC)
    SysTick_Handler                          0x080055cd   Thumb Code     8  stm32f1xx_it.o(i.SysTick_Handler)
    SystemClock_Config                       0x080055d5   Thumb Code   142  main.o(i.SystemClock_Config)
    SystemInit                               0x08005663   Thumb Code     2  system_stm32f1xx.o(i.SystemInit)
    TIM2_IRQHandler                          0x08005665   Thumb Code    10  stm32f1xx_it.o(i.TIM2_IRQHandler)
    TIM6_IRQHandler                          0x08005675   Thumb Code    14  stm32f1xx_it.o(i.TIM6_IRQHandler)
    TIM6_ISR                                 0x08005689   Thumb Code    12  main.o(i.TIM6_ISR)
    TIM7_IRQHandler                          0x08005699   Thumb Code    14  stm32f1xx_it.o(i.TIM7_IRQHandler)
    TIM7_ISR                                 0x080056ad   Thumb Code    32  main.o(i.TIM7_ISR)
    TIM_Base_SetConfig                       0x080056d9   Thumb Code   134  stm32f1xx_hal_tim.o(i.TIM_Base_SetConfig)
    TIM_CCxChannelCmd                        0x08005775   Thumb Code    34  stm32f1xx_hal_tim.o(i.TIM_CCxChannelCmd)
    TIM_ETR_SetConfig                        0x08005797   Thumb Code    22  stm32f1xx_hal_tim.o(i.TIM_ETR_SetConfig)
    TIM_OC2_SetConfig                        0x08005831   Thumb Code   114  stm32f1xx_hal_tim.o(i.TIM_OC2_SetConfig)
    TryToReceiveMessage                      0x080059c9   Thumb Code   106  main.o(i.TryToReceiveMessage)
    UART_ISR                                 0x08005ac5   Thumb Code  2286  main.o(i.UART_ISR)
    USART1_IRQHandler                        0x08006641   Thumb Code    10  stm32f1xx_it.o(i.USART1_IRQHandler)
    USART3_IRQHandler                        0x08006651   Thumb Code    14  stm32f1xx_it.o(i.USART3_IRQHandler)
    UpdateStateByCommand                     0x08006665   Thumb Code   426  main.o(i.UpdateStateByCommand)
    UsageFault_Handler                       0x08006861   Thumb Code     4  stm32f1xx_it.o(i.UsageFault_Handler)
    WriteFlashNWord                          0x08006865   Thumb Code    84  flash.o(i.WriteFlashNWord)
    __0printf                                0x080068bd   Thumb Code    22  printfa.o(i.__0printf)
    __1printf                                0x080068bd   Thumb Code     0  printfa.o(i.__0printf)
    __2printf                                0x080068bd   Thumb Code     0  printfa.o(i.__0printf)
    __c89printf                              0x080068bd   Thumb Code     0  printfa.o(i.__0printf)
    printf                                   0x080068bd   Thumb Code     0  printfa.o(i.__0printf)
    __0sprintf                               0x080068dd   Thumb Code    34  printfa.o(i.__0sprintf)
    __1sprintf                               0x080068dd   Thumb Code     0  printfa.o(i.__0sprintf)
    __2sprintf                               0x080068dd   Thumb Code     0  printfa.o(i.__0sprintf)
    __c89sprintf                             0x080068dd   Thumb Code     0  printfa.o(i.__0sprintf)
    sprintf                                  0x080068dd   Thumb Code     0  printfa.o(i.__0sprintf)
    free                                     0x0800693d   Thumb Code    88  mallocr.o(i.__free$realloc)
    malloc                                   0x08006999   Thumb Code    64  mallocr.o(i.__malloc$realloc)
    __scatterload_copy                       0x080069e9   Thumb Code    14  handlers.o(i.__scatterload_copy)
    __scatterload_null                       0x080069f7   Thumb Code     2  handlers.o(i.__scatterload_null)
    __scatterload_zeroinit                   0x080069f9   Thumb Code    14  handlers.o(i.__scatterload_zeroinit)
    _is_digit                                0x08006b8d   Thumb Code    14  scanf_fp.o(i._is_digit)
    cJSON_AddItemToObject                    0x080073cd   Thumb Code    26  cjson.o(i.cJSON_AddItemToObject)
    cJSON_CreateObject                       0x080073ed   Thumb Code    20  cjson.o(i.cJSON_CreateObject)
    cJSON_CreateStringReference              0x08007405   Thumb Code    32  cjson.o(i.cJSON_CreateStringReference)
    cJSON_Delete                             0x08007429   Thumb Code    84  cjson.o(i.cJSON_Delete)
    cJSON_GetObjectItem                      0x08007481   Thumb Code    18  cjson.o(i.cJSON_GetObjectItem)
    cJSON_Parse                              0x080074ad   Thumb Code    16  cjson.o(i.cJSON_Parse)
    cJSON_ParseWithLengthOpts                0x080074bd   Thumb Code   204  cjson.o(i.cJSON_ParseWithLengthOpts)
    cJSON_ParseWithOpts                      0x08007591   Thumb Code    40  cjson.o(i.cJSON_ParseWithOpts)
    cJSON_PrintUnformatted                   0x080075b9   Thumb Code    16  cjson.o(i.cJSON_PrintUnformatted)
    checkConnection                          0x08007651   Thumb Code   118  yeecom.o(i.checkConnection)
    checkDtuStatu                            0x080076e9   Thumb Code   130  yeecom.o(i.checkDtuStatu)
    fputc                                    0x080078bd   Thumb Code    26  main.o(i.fputc)
    initDtu                                  0x08007935   Thumb Code   178  yeecom.o(i.initDtu)
    init_Json_Buffer                         0x08007af9   Thumb Code    28  fifo.o(i.init_Json_Buffer)
    main                                     0x08007b75   Thumb Code  2548  main.o(i.main)
    realloc                                  0x080092a9   Thumb Code   102  mallocr.o(i.realloc)
    strtod                                   0x08009351   Thumb Code    28  strtod.o(i.strtod)
    usart1_Process                           0x08009399   Thumb Code   430  fifo.o(i.usart1_Process)
    AHBPrescTable                            0x0800968c   Data          16  system_stm32f1xx.o(.constdata)
    APBPrescTable                            0x0800969c   Data           8  system_stm32f1xx.o(.constdata)
    NTC_103_INTERGER                         0x080096a4   Data         644  ntc.o(.constdata)
    NTC_103_FRACTION                         0x08009928   Data         640  ntc.o(.constdata)
    __ctype_categories                       0x08009ba8   Data          64  ctype_c.o(.constdata)
    Region$$Table$$Base                      0x08009d0c   Number         0  anon$$obj.o(Region$$Table)
    Region$$Table$$Limit                     0x08009d2c   Number         0  anon$$obj.o(Region$$Table)
    Start                                    0x20000000   Data           2  main.o(.data)
    Mstate                                   0x20000002   Data           2  main.o(.data)
    DAC1_val                                 0x20000004   Data           2  main.o(.data)
    DAC2_val                                 0x20000006   Data           2  main.o(.data)
    IO1_val                                  0x20000008   Data           2  main.o(.data)
    IO2_val                                  0x2000000a   Data           2  main.o(.data)
    IO3_val                                  0x2000000c   Data           2  main.o(.data)
    IO4_val                                  0x2000000e   Data           2  main.o(.data)
    cnt10ms                                  0x20000010   Data           2  main.o(.data)
    cnt1s                                    0x20000012   Data           2  main.o(.data)
    AdjTimer1s                               0x20000014   Data           4  main.o(.data)
    WorkTimer1s                              0x20000018   Data           4  main.o(.data)
    Mode_Auto                                0x2000001c   Data           2  main.o(.data)
    NTCTemperature                           0x2000001e   Data           2  main.o(.data)
    iTemp                                    0x20000020   Data           4  main.o(.data)
    iHumi                                    0x20000024   Data           4  main.o(.data)
    uartFIFO                                 0x20000028   Data           4  main.o(.data)
    aRx_uart                                 0x2000002c   Data           1  main.o(.data)
    Rx_uart                                  0x2000002d   Data           1  main.o(.data)
    Rx_state                                 0x2000002e   Data           1  main.o(.data)
    RxFirst                                  0x2000002f   Data           1  main.o(.data)
    RxSecond                                 0x20000030   Data           1  main.o(.data)
    RxThird                                  0x20000031   Data           1  main.o(.data)
    uart3cnt                                 0x20000032   Data           1  main.o(.data)
    uart3_Rxcnt                              0x20000033   Data           1  main.o(.data)
    productKey                               0x20000034   Data           4  main.o(.data)
    deviceName                               0x20000038   Data           4  main.o(.data)
    deviceSecret                             0x2000003c   Data           4  main.o(.data)
    uwTick                                   0x20000040   Data           4  stm32f1xx_hal.o(.data)
    uwTickPrio                               0x20000044   Data           4  stm32f1xx_hal.o(.data)
    uwTickFreq                               0x20000048   Data           1  stm32f1xx_hal.o(.data)
    SystemCoreClock                          0x2000004c   Data           4  system_stm32f1xx.o(.data)
    numOfUnpairedBrace                       0x20000064   Data           1  fifo.o(.data)
    JsonBufferPtr                            0x20000066   Data           2  fifo.o(.data)
    continueRead                             0x20000068   Data           1  fifo.o(.data)
    time2_cnt                                0x2000006a   Data           2  fifo.o(.data)
    RetryTime                                0x2000006c   Data           2  fifo.o(.data)
    send_time_counter                        0x20000070   Data           4  fifo.o(.data)
    readyToSend                              0x20000074   Data           1  fifo.o(.data)
    uploadId                                 0x20000075   Data          10  yeecom.o(.data)
    propertyPostTopic                        0x2000007f   Data          26  yeecom.o(.data)
    AlinkVersion                             0x20000099   Data           4  yeecom.o(.data)
    aRx_uart_DTU                             0x2000009d   Data           1  yeecom.o(.data)
    __stdout                                 0x200000a4   Data           4  stdout.o(.data)
    __microlib_freelist                      0x200000a8   Data           4  mvars.o(.data)
    __microlib_freelist_initialised          0x200000ac   Data           4  mvars.o(.data)
    hadc1                                    0x200000b0   Data          48  main.o(.bss)
    hdma_adc1                                0x200000e0   Data          68  main.o(.bss)
    hdac                                     0x20000124   Data          20  main.o(.bss)
    hrtc                                     0x20000138   Data          20  main.o(.bss)
    hspi2                                    0x2000014c   Data          88  main.o(.bss)
    htim2                                    0x200001a4   Data          72  main.o(.bss)
    htim6                                    0x200001ec   Data          72  main.o(.bss)
    htim7                                    0x20000234   Data          72  main.o(.bss)
    htim8                                    0x2000027c   Data          72  main.o(.bss)
    huart1                                   0x200002c4   Data          64  main.o(.bss)
    huart3                                   0x20000304   Data          64  main.o(.bss)
    adc1_val_buf                             0x20000344   Data         320  main.o(.bss)
    adc1_aver_val                            0x20000484   Data          40  main.o(.bss)
    Sys                                      0x200004ac   Data          48  main.o(.bss)
    TxBuffer                                 0x200004dc   Data          10  main.o(.bss)
    receive_command                          0x200004e6   Data         300  main.o(.bss)
    pFlash                                   0x20000618   Data          32  stm32f1xx_hal_flash.o(.bss)
    ReceivedJsonBuffer                       0x20000638   Data         300  fifo.o(.bss)
    PdataBuffer                              0x20000764   Data         300  yeecom.o(.bss)
    __heap_base                              0x20000890   Data           0  startup_stm32f103xe.o(HEAP)
    __heap_limit                             0x20001090   Data           0  startup_stm32f103xe.o(HEAP)
    __initial_sp                             0x20001890   Data           0  startup_stm32f103xe.o(STACK)



==============================================================================

Memory Map of the image

  Image Entry point : 0x08000131

  Load Region LR_IROM1 (Base: 0x08000000, Size: 0x00009ddc, Max: 0x00040000, ABSOLUTE)

    Execution Region ER_IROM1 (Exec base: 0x08000000, Load base: 0x08000000, Size: 0x00009d2c, Max: 0x00040000, ABSOLUTE)

    Exec Addr    Load Addr    Size         Type   Attr      Idx    E Section Name        Object

    0x08000000   0x08000000   0x00000130   Data   RO            3    RESET               startup_stm32f103xe.o
    0x08000130   0x08000130   0x00000000   Code   RO         5216  * .ARM.Collect$$$$00000000  mc_w.l(entry.o)
    0x08000130   0x08000130   0x00000004   Code   RO         5574    .ARM.Collect$$$$00000001  mc_w.l(entry2.o)
    0x08000134   0x08000134   0x00000004   Code   RO         5577    .ARM.Collect$$$$00000004  mc_w.l(entry5.o)
    0x08000138   0x08000138   0x00000000   Code   RO         5579    .ARM.Collect$$$$00000008  mc_w.l(entry7b.o)
    0x08000138   0x08000138   0x00000000   Code   RO         5581    .ARM.Collect$$$$0000000A  mc_w.l(entry8b.o)
    0x08000138   0x08000138   0x00000008   Code   RO         5582    .ARM.Collect$$$$0000000B  mc_w.l(entry9a.o)
    0x08000140   0x08000140   0x00000000   Code   RO         5584    .ARM.Collect$$$$0000000D  mc_w.l(entry10a.o)
    0x08000140   0x08000140   0x00000000   Code   RO         5586    .ARM.Collect$$$$0000000F  mc_w.l(entry11a.o)
    0x08000140   0x08000140   0x00000004   Code   RO         5575    .ARM.Collect$$$$00002712  mc_w.l(entry2.o)
    0x08000144   0x08000144   0x00000024   Code   RO            4    .text               startup_stm32f103xe.o
    0x08000168   0x08000168   0x00000020   Code   RO         5219    .text               mc_w.l(llushr.o)
    0x08000188   0x08000188   0x0000000c   Code   RO         5221    .text               mc_w.l(tolower.o)
    0x08000194   0x08000194   0x00000024   Code   RO         5223    .text               mc_w.l(memcpya.o)
    0x080001b8   0x080001b8   0x00000024   Code   RO         5225    .text               mc_w.l(memseta.o)
    0x080001dc   0x080001dc   0x0000000e   Code   RO         5227    .text               mc_w.l(strlen.o)
    0x080001ea   0x080001ea   0x0000001c   Code   RO         5229    .text               mc_w.l(strcmp.o)
    0x08000206   0x08000206   0x00000012   Code   RO         5231    .text               mc_w.l(strcpy.o)
    0x08000218   0x08000218   0x0000001e   Code   RO         5233    .text               mc_w.l(strncmp.o)
    0x08000236   0x08000236   0x00000002   PAD
    0x08000238   0x08000238   0x00000044   Code   RO         5235    .text               mc_w.l(strtok.o)
    0x0800027c   0x0800027c   0x00000038   Code   RO         5532    .text               mc_w.l(__0sscanf.o)
    0x080002b4   0x080002b4   0x0000014c   Code   RO         5534    .text               mc_w.l(_scanf_int.o)
    0x08000400   0x08000400   0x00000360   Code   RO         5536    .text               mc_w.l(scanf_fp.o)
    0x08000760   0x08000760   0x00000064   Code   RO         5542    .text               mf_w.l(fmul.o)
    0x080007c4   0x080007c4   0x0000014e   Code   RO         5546    .text               mf_w.l(dadd.o)
    0x08000912   0x08000912   0x000000e4   Code   RO         5548    .text               mf_w.l(dmul.o)
    0x080009f6   0x080009f6   0x000000de   Code   RO         5550    .text               mf_w.l(ddiv.o)
    0x08000ad4   0x08000ad4   0x0000000a   Code   RO         5554    .text               mf_w.l(ffltui.o)
    0x08000ade   0x08000ade   0x00000022   Code   RO         5556    .text               mf_w.l(dflti.o)
    0x08000b00   0x08000b00   0x0000001a   Code   RO         5558    .text               mf_w.l(dfltui.o)
    0x08000b1a   0x08000b1a   0x00000032   Code   RO         5560    .text               mf_w.l(ffixi.o)
    0x08000b4c   0x08000b4c   0x0000003e   Code   RO         5562    .text               mf_w.l(dfixi.o)
    0x08000b8a   0x08000b8a   0x00000032   Code   RO         5564    .text               mf_w.l(dfixui.o)
    0x08000bbc   0x08000bbc   0x00000026   Code   RO         5566    .text               mf_w.l(f2d.o)
    0x08000be2   0x08000be2   0x00000002   PAD
    0x08000be4   0x08000be4   0x00000030   Code   RO         5568    .text               mf_w.l(cdcmple.o)
    0x08000c14   0x08000c14   0x00000030   Code   RO         5570    .text               mf_w.l(cdrcmple.o)
    0x08000c44   0x08000c44   0x00000038   Code   RO         5572    .text               mf_w.l(d2f.o)
    0x08000c7c   0x08000c7c   0x0000002c   Code   RO         5589    .text               mc_w.l(uidiv.o)
    0x08000ca8   0x08000ca8   0x00000062   Code   RO         5591    .text               mc_w.l(uldiv.o)
    0x08000d0a   0x08000d0a   0x0000001e   Code   RO         5593    .text               mc_w.l(llshl.o)
    0x08000d28   0x08000d28   0x00000024   Code   RO         5595    .text               mc_w.l(llsshr.o)
    0x08000d4c   0x08000d4c   0x0000001c   Code   RO         5599    .text               mc_w.l(_chval.o)
    0x08000d68   0x08000d68   0x00000028   Code   RO         5601    .text               mc_w.l(scanf_char.o)
    0x08000d90   0x08000d90   0x00000040   Code   RO         5603    .text               mc_w.l(_sgetc.o)
    0x08000dd0   0x08000dd0   0x0000009c   Code   RO         5605    .text               mc_w.l(strtod.o)
    0x08000e6c   0x08000e6c   0x00000000   Code   RO         5607    .text               mc_w.l(iusefp.o)
    0x08000e6c   0x08000e6c   0x0000006e   Code   RO         5608    .text               mf_w.l(fepilogue.o)
    0x08000eda   0x08000eda   0x000000ba   Code   RO         5610    .text               mf_w.l(depilogue.o)
    0x08000f94   0x08000f94   0x00000018   Code   RO         5612    .text               mf_w.l(dfltul.o)
    0x08000fac   0x08000fac   0x00000030   Code   RO         5614    .text               mf_w.l(dfixul.o)
    0x08000fdc   0x08000fdc   0x00000024   Code   RO         5616    .text               mc_w.l(init.o)
    0x08001000   0x08001000   0x0000000a   Code   RO         5618    .text               mc_w.l(isspace_c.o)
    0x0800100a   0x0800100a   0x00000002   PAD
    0x0800100c   0x0800100c   0x0000032c   Code   RO         5620    .text               mc_w.l(_scanf.o)
    0x08001338   0x08001338   0x00000028   Code   RO         5622    .text               mc_w.l(ctype_c.o)
    0x08001360   0x08001360   0x00000052   Code   RO          558    i.ADC_ConversionStop_Disable  stm32f1xx_hal_adc.o
    0x080013b2   0x080013b2   0x00000052   Code   RO          559    i.ADC_DMAConvCplt   stm32f1xx_hal_adc.o
    0x08001404   0x08001404   0x0000001e   Code   RO          560    i.ADC_DMAError      stm32f1xx_hal_adc.o
    0x08001422   0x08001422   0x0000000e   Code   RO          561    i.ADC_DMAHalfConvCplt  stm32f1xx_hal_adc.o
    0x08001430   0x08001430   0x00000084   Code   RO          562    i.ADC_Enable        stm32f1xx_hal_adc.o
    0x080014b4   0x080014b4   0x00000004   Code   RO          307    i.BusFault_Handler  stm32f1xx_it.o
    0x080014b8   0x080014b8   0x000000c0   Code   RO         4142    i.ConverseToTemperature  ntc.o
    0x08001578   0x08001578   0x00000010   Code   RO          308    i.DMA1_Channel1_IRQHandler  stm32f1xx_it.o
    0x08001588   0x08001588   0x0000002c   Code   RO         1217    i.DMA_SetConfig     stm32f1xx_hal_dma.o
    0x080015b4   0x080015b4   0x00000002   Code   RO          309    i.DebugMon_Handler  stm32f1xx_it.o
    0x080015b6   0x080015b6   0x00000002   Code   RO           13    i.Error_Handler     main.o
    0x080015b8   0x080015b8   0x000000b8   Code   RO         5121    i.EstablishMqttConnection  yeecom.o
    0x08001670   0x08001670   0x00000016   Code   RO         5044    i.FIFO_Clear        fifo.o
    0x08001686   0x08001686   0x0000005c   Code   RO         5045    i.FIFO_Init         fifo.o
    0x080016e2   0x080016e2   0x00000040   Code   RO         5046    i.FIFO_Read         fifo.o
    0x08001722   0x08001722   0x0000004a   Code   RO         5047    i.FIFO_ReadN        fifo.o
    0x0800176c   0x0800176c   0x00000038   Code   RO         5049    i.FIFO_Status       fifo.o
    0x080017a4   0x080017a4   0x00000028   Code   RO         1662    i.FLASH_MassErase   stm32f1xx_hal_flash_ex.o
    0x080017cc   0x080017cc   0x00000028   Code   RO         1671    i.FLASH_PageErase   stm32f1xx_hal_flash_ex.o
    0x080017f4   0x080017f4   0x00000020   Code   RO         1559    i.FLASH_Program_HalfWord  stm32f1xx_hal_flash.o
    0x08001814   0x08001814   0x00000084   Code   RO         1560    i.FLASH_SetErrorCode  stm32f1xx_hal_flash.o
    0x08001898   0x08001898   0x00000070   Code   RO         1561    i.FLASH_WaitForLastOperation  stm32f1xx_hal_flash.o
    0x08001908   0x08001908   0x000000dc   Code   RO         5122    i.FormJson          yeecom.o
    0x080019e4   0x080019e4   0x00000040   Code   RO         5123    i.FormUploadData    yeecom.o
    0x08001a24   0x08001a24   0x00000104   Code   RO          738    i.HAL_ADCEx_Calibration_Start  stm32f1xx_hal_adc_ex.o
    0x08001b28   0x08001b28   0x00000160   Code   RO          564    i.HAL_ADC_ConfigChannel  stm32f1xx_hal_adc.o
    0x08001c88   0x08001c88   0x00000002   Code   RO          565    i.HAL_ADC_ConvCpltCallback  stm32f1xx_hal_adc.o
    0x08001c8a   0x08001c8a   0x00000002   Code   RO          566    i.HAL_ADC_ConvHalfCpltCallback  stm32f1xx_hal_adc.o
    0x08001c8c   0x08001c8c   0x00000002   Code   RO          568    i.HAL_ADC_ErrorCallback  stm32f1xx_hal_adc.o
    0x08001c8e   0x08001c8e   0x00000002   PAD
    0x08001c90   0x08001c90   0x00000160   Code   RO          573    i.HAL_ADC_Init      stm32f1xx_hal_adc.o
    0x08001df0   0x08001df0   0x000000dc   Code   RO          420    i.HAL_ADC_MspInit   stm32f1xx_hal_msp.o
    0x08001ecc   0x08001ecc   0x00000130   Code   RO          579    i.HAL_ADC_Start     stm32f1xx_hal_adc.o
    0x08001ffc   0x08001ffc   0x00000180   Code   RO          580    i.HAL_ADC_Start_DMA  stm32f1xx_hal_adc.o
    0x0800217c   0x0800217c   0x00000074   Code   RO         1843    i.HAL_DAC_ConfigChannel  stm32f1xx_hal_dac.o
    0x080021f0   0x080021f0   0x00000028   Code   RO         1853    i.HAL_DAC_Init      stm32f1xx_hal_dac.o
    0x08002218   0x08002218   0x00000070   Code   RO          422    i.HAL_DAC_MspInit   stm32f1xx_hal_msp.o
    0x08002288   0x08002288   0x0000002c   Code   RO         1856    i.HAL_DAC_SetValue  stm32f1xx_hal_dac.o
    0x080022b4   0x080022b4   0x00000078   Code   RO         1857    i.HAL_DAC_Start     stm32f1xx_hal_dac.o
    0x0800232c   0x0800232c   0x000001a8   Code   RO         1219    i.HAL_DMA_Abort_IT  stm32f1xx_hal_dma.o
    0x080024d4   0x080024d4   0x00000398   Code   RO         1223    i.HAL_DMA_IRQHandler  stm32f1xx_hal_dma.o
    0x0800286c   0x0800286c   0x0000008c   Code   RO         1224    i.HAL_DMA_Init      stm32f1xx_hal_dma.o
    0x080028f8   0x080028f8   0x0000009c   Code   RO         1228    i.HAL_DMA_Start_IT  stm32f1xx_hal_dma.o
    0x08002994   0x08002994   0x00000028   Code   RO          841    i.HAL_Delay         stm32f1xx_hal.o
    0x080029bc   0x080029bc   0x000000b0   Code   RO         1672    i.HAL_FLASHEx_Erase  stm32f1xx_hal_flash_ex.o
    0x08002a6c   0x08002a6c   0x00000014   Code   RO         1565    i.HAL_FLASH_Lock    stm32f1xx_hal_flash.o
    0x08002a80   0x08002a80   0x000000b0   Code   RO         1570    i.HAL_FLASH_Program  stm32f1xx_hal_flash.o
    0x08002b30   0x08002b30   0x00000030   Code   RO         1572    i.HAL_FLASH_Unlock  stm32f1xx_hal_flash.o
    0x08002b60   0x08002b60   0x00000340   Code   RO         1154    i.HAL_GPIO_Init     stm32f1xx_hal_gpio.o
    0x08002ea0   0x08002ea0   0x00000010   Code   RO         1156    i.HAL_GPIO_ReadPin  stm32f1xx_hal_gpio.o
    0x08002eb0   0x08002eb0   0x00000014   Code   RO         1157    i.HAL_GPIO_TogglePin  stm32f1xx_hal_gpio.o
    0x08002ec4   0x08002ec4   0x0000000c   Code   RO         1158    i.HAL_GPIO_WritePin  stm32f1xx_hal_gpio.o
    0x08002ed0   0x08002ed0   0x0000000c   Code   RO          845    i.HAL_GetTick       stm32f1xx_hal.o
    0x08002edc   0x08002edc   0x00000018   Code   RO          851    i.HAL_IncTick       stm32f1xx_hal.o
    0x08002ef4   0x08002ef4   0x00000028   Code   RO          852    i.HAL_Init          stm32f1xx_hal.o
    0x08002f1c   0x08002f1c   0x0000004c   Code   RO          853    i.HAL_InitTick      stm32f1xx_hal.o
    0x08002f68   0x08002f68   0x00000054   Code   RO          423    i.HAL_MspInit       stm32f1xx_hal_msp.o
    0x08002fbc   0x08002fbc   0x00000020   Code   RO         1314    i.HAL_NVIC_EnableIRQ  stm32f1xx_hal_cortex.o
    0x08002fdc   0x08002fdc   0x0000007c   Code   RO         1320    i.HAL_NVIC_SetPriority  stm32f1xx_hal_cortex.o
    0x08003058   0x08003058   0x00000028   Code   RO         1321    i.HAL_NVIC_SetPriorityGrouping  stm32f1xx_hal_cortex.o
    0x08003080   0x08003080   0x0000000c   Code   RO         1441    i.HAL_PWR_EnableBkUpAccess  stm32f1xx_hal_pwr.o
    0x0800308c   0x0800308c   0x00000134   Code   RO         1116    i.HAL_RCCEx_GetPeriphCLKFreq  stm32f1xx_hal_rcc_ex.o
    0x080031c0   0x080031c0   0x00000130   Code   RO         1117    i.HAL_RCCEx_PeriphCLKConfig  stm32f1xx_hal_rcc_ex.o
    0x080032f0   0x080032f0   0x0000018c   Code   RO         1009    i.HAL_RCC_ClockConfig  stm32f1xx_hal_rcc.o
    0x0800347c   0x0800347c   0x0000000c   Code   RO         1014    i.HAL_RCC_GetHCLKFreq  stm32f1xx_hal_rcc.o
    0x08003488   0x08003488   0x00000020   Code   RO         1016    i.HAL_RCC_GetPCLK1Freq  stm32f1xx_hal_rcc.o
    0x080034a8   0x080034a8   0x00000020   Code   RO         1017    i.HAL_RCC_GetPCLK2Freq  stm32f1xx_hal_rcc.o
    0x080034c8   0x080034c8   0x00000094   Code   RO         1018    i.HAL_RCC_GetSysClockFreq  stm32f1xx_hal_rcc.o
    0x0800355c   0x0800355c   0x00000464   Code   RO         1021    i.HAL_RCC_OscConfig  stm32f1xx_hal_rcc.o
    0x080039c0   0x080039c0   0x000000d0   Code   RO         2076    i.HAL_RTC_Init      stm32f1xx_hal_rtc.o
    0x08003a90   0x08003a90   0x00000040   Code   RO          425    i.HAL_RTC_MspInit   stm32f1xx_hal_msp.o
    0x08003ad0   0x08003ad0   0x000000f8   Code   RO         2082    i.HAL_RTC_SetDate   stm32f1xx_hal_rtc.o
    0x08003bc8   0x08003bc8   0x000000dc   Code   RO         2083    i.HAL_RTC_SetTime   stm32f1xx_hal_rtc.o
    0x08003ca4   0x08003ca4   0x00000040   Code   RO         2084    i.HAL_RTC_WaitForSynchro  stm32f1xx_hal_rtc.o
    0x08003ce4   0x08003ce4   0x000000be   Code   RO         2356    i.HAL_SPI_Init      stm32f1xx_hal_spi.o
    0x08003da2   0x08003da2   0x00000002   PAD
    0x08003da4   0x08003da4   0x00000088   Code   RO          427    i.HAL_SPI_MspInit   stm32f1xx_hal_msp.o
    0x08003e2c   0x08003e2c   0x00000034   Code   RO         1325    i.HAL_SYSTICK_Config  stm32f1xx_hal_cortex.o
    0x08003e60   0x08003e60   0x00000002   Code   RO         3384    i.HAL_TIMEx_BreakCallback  stm32f1xx_hal_tim_ex.o
    0x08003e62   0x08003e62   0x00000002   Code   RO         3385    i.HAL_TIMEx_CommutCallback  stm32f1xx_hal_tim_ex.o
    0x08003e64   0x08003e64   0x00000074   Code   RO         3387    i.HAL_TIMEx_ConfigBreakDeadTime  stm32f1xx_hal_tim_ex.o
    0x08003ed8   0x08003ed8   0x0000009c   Code   RO         3403    i.HAL_TIMEx_MasterConfigSynchronization  stm32f1xx_hal_tim_ex.o
    0x08003f74   0x08003f74   0x00000066   Code   RO         2669    i.HAL_TIM_Base_Init  stm32f1xx_hal_tim.o
    0x08003fda   0x08003fda   0x00000002   PAD
    0x08003fdc   0x08003fdc   0x000000dc   Code   RO          429    i.HAL_TIM_Base_MspInit  stm32f1xx_hal_msp.o
    0x080040b8   0x080040b8   0x00000090   Code   RO         2674    i.HAL_TIM_Base_Start_IT  stm32f1xx_hal_tim.o
    0x08004148   0x08004148   0x00000108   Code   RO         2678    i.HAL_TIM_ConfigClockSource  stm32f1xx_hal_tim.o
    0x08004250   0x08004250   0x00000002   Code   RO         2703    i.HAL_TIM_IC_CaptureCallback  stm32f1xx_hal_tim.o
    0x08004252   0x08004252   0x00000196   Code   RO         2717    i.HAL_TIM_IRQHandler  stm32f1xx_hal_tim.o
    0x080043e8   0x080043e8   0x00000058   Code   RO          430    i.HAL_TIM_MspPostInit  stm32f1xx_hal_msp.o
    0x08004440   0x08004440   0x00000002   Code   RO         2720    i.HAL_TIM_OC_DelayElapsedCallback  stm32f1xx_hal_tim.o
    0x08004442   0x08004442   0x000000fc   Code   RO         2741    i.HAL_TIM_PWM_ConfigChannel  stm32f1xx_hal_tim.o
    0x0800453e   0x0800453e   0x00000066   Code   RO         2744    i.HAL_TIM_PWM_Init  stm32f1xx_hal_tim.o
    0x080045a4   0x080045a4   0x00000002   Code   RO         2746    i.HAL_TIM_PWM_MspInit  stm32f1xx_hal_tim.o
    0x080045a6   0x080045a6   0x00000002   Code   RO         2747    i.HAL_TIM_PWM_PulseFinishedCallback  stm32f1xx_hal_tim.o
    0x080045a8   0x080045a8   0x000000f4   Code   RO         2749    i.HAL_TIM_PWM_Start  stm32f1xx_hal_tim.o
    0x0800469c   0x0800469c   0x00000078   Code   RO         5050    i.HAL_TIM_PeriodElapsedCallback  fifo.o
    0x08004714   0x08004714   0x00000002   Code   RO         2760    i.HAL_TIM_TriggerCallback  stm32f1xx_hal_tim.o
    0x08004716   0x08004716   0x00000002   Code   RO         3672    i.HAL_UART_ErrorCallback  stm32f1xx_hal_uart.o
    0x08004718   0x08004718   0x00000154   Code   RO         3675    i.HAL_UART_IRQHandler  stm32f1xx_hal_uart.o
    0x0800486c   0x0800486c   0x00000072   Code   RO         3676    i.HAL_UART_Init     stm32f1xx_hal_uart.o
    0x080048de   0x080048de   0x00000002   PAD
    0x080048e0   0x080048e0   0x00000118   Code   RO          432    i.HAL_UART_MspInit  stm32f1xx_hal_msp.o
    0x080049f8   0x080049f8   0x00000070   Code   RO         3681    i.HAL_UART_Receive_IT  stm32f1xx_hal_uart.o
    0x08004a68   0x08004a68   0x00000060   Code   RO         5124    i.HAL_UART_RxCpltCallback  yeecom.o
    0x08004ac8   0x08004ac8   0x000000d2   Code   RO         3684    i.HAL_UART_Transmit  stm32f1xx_hal_uart.o
    0x08004b9a   0x08004b9a   0x00000058   Code   RO         3686    i.HAL_UART_Transmit_IT  stm32f1xx_hal_uart.o
    0x08004bf2   0x08004bf2   0x00000002   Code   RO         3687    i.HAL_UART_TxCpltCallback  stm32f1xx_hal_uart.o
    0x08004bf4   0x08004bf4   0x00000004   Code   RO          310    i.HardFault_Handler  stm32f1xx_it.o
    0x08004bf8   0x08004bf8   0x00000124   Code   RO           14    i.MX_ADC1_Init      main.o
    0x08004d1c   0x08004d1c   0x0000004c   Code   RO           15    i.MX_DAC_Init       main.o
    0x08004d68   0x08004d68   0x00000034   Code   RO           16    i.MX_DMA_Init       main.o
    0x08004d9c   0x08004d9c   0x00000178   Code   RO           17    i.MX_GPIO_Init      main.o
    0x08004f14   0x08004f14   0x00000098   Code   RO           18    i.MX_RTC_Init       main.o
    0x08004fac   0x08004fac   0x00000044   Code   RO           19    i.MX_SPI2_Init      main.o
    0x08004ff0   0x08004ff0   0x00000070   Code   RO           20    i.MX_TIM2_Init      main.o
    0x08005060   0x08005060   0x0000004c   Code   RO           21    i.MX_TIM6_Init      main.o
    0x080050ac   0x080050ac   0x0000004c   Code   RO           22    i.MX_TIM7_Init      main.o
    0x080050f8   0x080050f8   0x00000108   Code   RO           23    i.MX_TIM8_Init      main.o
    0x08005200   0x08005200   0x00000038   Code   RO           24    i.MX_USART1_UART_Init  main.o
    0x08005238   0x08005238   0x00000038   Code   RO           25    i.MX_USART3_UART_Init  main.o
    0x08005270   0x08005270   0x00000004   Code   RO          311    i.MemManage_Handler  stm32f1xx_it.o
    0x08005274   0x08005274   0x00000002   Code   RO          312    i.NMI_Handler       stm32f1xx_it.o
    0x08005276   0x08005276   0x00000002   Code   RO          313    i.PendSV_Handler    stm32f1xx_it.o
    0x08005278   0x08005278   0x00000028   Code   RO         1022    i.RCC_Delay         stm32f1xx_hal_rcc.o
    0x080052a0   0x080052a0   0x00000016   Code   RO         2085    i.RTC_Bcd2ToByte    stm32f1xx_hal_rtc.o
    0x080052b6   0x080052b6   0x0000003a   Code   RO         2088    i.RTC_EnterInitMode  stm32f1xx_hal_rtc.o
    0x080052f0   0x080052f0   0x0000003a   Code   RO         2089    i.RTC_ExitInitMode  stm32f1xx_hal_rtc.o
    0x0800532a   0x0800532a   0x00000018   Code   RO         2091    i.RTC_ReadAlarmCounter  stm32f1xx_hal_rtc.o
    0x08005342   0x08005342   0x00000034   Code   RO         2092    i.RTC_ReadTimeCounter  stm32f1xx_hal_rtc.o
    0x08005376   0x08005376   0x00000084   Code   RO         2093    i.RTC_WeekDayNum    stm32f1xx_hal_rtc.o
    0x080053fa   0x080053fa   0x0000002e   Code   RO         2094    i.RTC_WriteAlarmCounter  stm32f1xx_hal_rtc.o
    0x08005428   0x08005428   0x0000002e   Code   RO         2095    i.RTC_WriteTimeCounter  stm32f1xx_hal_rtc.o
    0x08005456   0x08005456   0x00000002   PAD
    0x08005458   0x08005458   0x00000024   Code   RO         4327    i.ReadFlashNWord    flash.o
    0x0800547c   0x0800547c   0x00000002   Code   RO          314    i.SVC_Handler       stm32f1xx_it.o
    0x0800547e   0x0800547e   0x00000002   PAD
    0x08005480   0x08005480   0x0000008c   Code   RO         5125    i.SendAtCommand     yeecom.o
    0x0800550c   0x0800550c   0x00000020   Code   RO         5126    i.SendCharToDtu     yeecom.o
    0x0800552c   0x0800552c   0x0000006c   Code   RO         5127    i.SendMessageToAliIOT  yeecom.o
    0x08005598   0x08005598   0x00000034   Code   RO         4143    i.StartNTC          ntc.o
    0x080055cc   0x080055cc   0x00000008   Code   RO          315    i.SysTick_Handler   stm32f1xx_it.o
    0x080055d4   0x080055d4   0x0000008e   Code   RO           26    i.SystemClock_Config  main.o
    0x08005662   0x08005662   0x00000002   Code   RO         3983    i.SystemInit        system_stm32f1xx.o
    0x08005664   0x08005664   0x00000010   Code   RO          316    i.TIM2_IRQHandler   stm32f1xx_it.o
    0x08005674   0x08005674   0x00000014   Code   RO          317    i.TIM6_IRQHandler   stm32f1xx_it.o
    0x08005688   0x08005688   0x00000010   Code   RO           27    i.TIM6_ISR          main.o
    0x08005698   0x08005698   0x00000014   Code   RO          318    i.TIM7_IRQHandler   stm32f1xx_it.o
    0x080056ac   0x080056ac   0x0000002c   Code   RO           28    i.TIM7_ISR          main.o
    0x080056d8   0x080056d8   0x0000009c   Code   RO         2762    i.TIM_Base_SetConfig  stm32f1xx_hal_tim.o
    0x08005774   0x08005774   0x00000022   Code   RO         2763    i.TIM_CCxChannelCmd  stm32f1xx_hal_tim.o
    0x08005796   0x08005796   0x00000016   Code   RO         2773    i.TIM_ETR_SetConfig  stm32f1xx_hal_tim.o
    0x080057ac   0x080057ac   0x00000012   Code   RO         2774    i.TIM_ITRx_SetConfig  stm32f1xx_hal_tim.o
    0x080057be   0x080057be   0x00000002   PAD
    0x080057c0   0x080057c0   0x00000070   Code   RO         2775    i.TIM_OC1_SetConfig  stm32f1xx_hal_tim.o
    0x08005830   0x08005830   0x0000007c   Code   RO         2776    i.TIM_OC2_SetConfig  stm32f1xx_hal_tim.o
    0x080058ac   0x080058ac   0x00000078   Code   RO         2777    i.TIM_OC3_SetConfig  stm32f1xx_hal_tim.o
    0x08005924   0x08005924   0x00000054   Code   RO         2778    i.TIM_OC4_SetConfig  stm32f1xx_hal_tim.o
    0x08005978   0x08005978   0x00000026   Code   RO         2780    i.TIM_TI1_ConfigInputStage  stm32f1xx_hal_tim.o
    0x0800599e   0x0800599e   0x00000028   Code   RO         2782    i.TIM_TI2_ConfigInputStage  stm32f1xx_hal_tim.o
    0x080059c6   0x080059c6   0x00000002   PAD
    0x080059c8   0x080059c8   0x000000a8   Code   RO           29    i.TryToReceiveMessage  main.o
    0x08005a70   0x08005a70   0x00000014   Code   RO         3689    i.UART_DMAAbortOnError  stm32f1xx_hal_uart.o
    0x08005a84   0x08005a84   0x00000020   Code   RO         3699    i.UART_EndRxTransfer  stm32f1xx_hal_uart.o
    0x08005aa4   0x08005aa4   0x00000020   Code   RO         3700    i.UART_EndTransmit_IT  stm32f1xx_hal_uart.o
    0x08005ac4   0x08005ac4   0x00000914   Code   RO           30    i.UART_ISR          main.o
    0x080063d8   0x080063d8   0x000000a0   Code   RO         3702    i.UART_Receive_IT   stm32f1xx_hal_uart.o
    0x08006478   0x08006478   0x000000fc   Code   RO         3703    i.UART_SetConfig    stm32f1xx_hal_uart.o
    0x08006574   0x08006574   0x00000060   Code   RO         3704    i.UART_Transmit_IT  stm32f1xx_hal_uart.o
    0x080065d4   0x080065d4   0x0000006c   Code   RO         3705    i.UART_WaitOnFlagUntilTimeout  stm32f1xx_hal_uart.o
    0x08006640   0x08006640   0x00000010   Code   RO          319    i.USART1_IRQHandler  stm32f1xx_it.o
    0x08006650   0x08006650   0x00000014   Code   RO          320    i.USART3_IRQHandler  stm32f1xx_it.o
    0x08006664   0x08006664   0x000001fc   Code   RO           31    i.UpdateStateByCommand  main.o
    0x08006860   0x08006860   0x00000004   Code   RO          321    i.UsageFault_Handler  stm32f1xx_it.o
    0x08006864   0x08006864   0x00000058   Code   RO         4329    i.WriteFlashNWord   flash.o
    0x080068bc   0x080068bc   0x00000020   Code   RO         5476    i.__0printf         mc_w.l(printfa.o)
    0x080068dc   0x080068dc   0x00000028   Code   RO         5478    i.__0sprintf        mc_w.l(printfa.o)
    0x08006904   0x08006904   0x00000010   Code   RO         1327    i.__NVIC_GetPriorityGrouping  stm32f1xx_hal_cortex.o
    0x08006914   0x08006914   0x00000028   Code   RO         1328    i.__NVIC_SetPriority  stm32f1xx_hal_cortex.o
    0x0800693c   0x0800693c   0x0000005c   Code   RO         5508    i.__free$realloc    mc_w.l(mallocr.o)
    0x08006998   0x08006998   0x00000050   Code   RO         5509    i.__malloc$realloc  mc_w.l(mallocr.o)
    0x080069e8   0x080069e8   0x0000000e   Code   RO         5627    i.__scatterload_copy  mc_w.l(handlers.o)
    0x080069f6   0x080069f6   0x00000002   Code   RO         5628    i.__scatterload_null  mc_w.l(handlers.o)
    0x080069f8   0x080069f8   0x0000000e   Code   RO         5629    i.__scatterload_zeroinit  mc_w.l(handlers.o)
    0x08006a06   0x08006a06   0x00000002   PAD
    0x08006a08   0x08006a08   0x00000184   Code   RO         5483    i._fp_digits        mc_w.l(printfa.o)
    0x08006b8c   0x08006b8c   0x0000000e   Code   RO         5538    i._is_digit         mc_w.l(scanf_fp.o)
    0x08006b9a   0x08006b9a   0x00000002   PAD
    0x08006b9c   0x08006b9c   0x000006dc   Code   RO         5484    i._printf_core      mc_w.l(printfa.o)
    0x08007278   0x08007278   0x00000024   Code   RO         5485    i._printf_post_padding  mc_w.l(printfa.o)
    0x0800729c   0x0800729c   0x0000002e   Code   RO         5486    i._printf_pre_padding  mc_w.l(printfa.o)
    0x080072ca   0x080072ca   0x0000000a   Code   RO         5488    i._sputc            mc_w.l(printfa.o)
    0x080072d4   0x080072d4   0x00000036   Code   RO         4365    i.add_item_to_array  cjson.o
    0x0800730a   0x0800730a   0x0000007a   Code   RO         4366    i.add_item_to_object  cjson.o
    0x08007384   0x08007384   0x00000048   Code   RO         4367    i.buffer_skip_whitespace  cjson.o
    0x080073cc   0x080073cc   0x00000020   Code   RO         4374    i.cJSON_AddItemToObject  cjson.o
    0x080073ec   0x080073ec   0x00000018   Code   RO         4392    i.cJSON_CreateObject  cjson.o
    0x08007404   0x08007404   0x00000024   Code   RO         4397    i.cJSON_CreateStringReference  cjson.o
    0x08007428   0x08007428   0x00000058   Code   RO         4399    i.cJSON_Delete      cjson.o
    0x08007480   0x08007480   0x00000012   Code   RO         4412    i.cJSON_GetObjectItem  cjson.o
    0x08007492   0x08007492   0x0000001a   Code   RO         4429    i.cJSON_New_Item    cjson.o
    0x080074ac   0x080074ac   0x00000010   Code   RO         4430    i.cJSON_Parse       cjson.o
    0x080074bc   0x080074bc   0x000000d4   Code   RO         4432    i.cJSON_ParseWithLengthOpts  cjson.o
    0x08007590   0x08007590   0x00000028   Code   RO         4433    i.cJSON_ParseWithOpts  cjson.o
    0x080075b8   0x080075b8   0x00000014   Code   RO         4437    i.cJSON_PrintUnformatted  cjson.o
    0x080075cc   0x080075cc   0x00000038   Code   RO         4447    i.cJSON_strdup      cjson.o
    0x08007604   0x08007604   0x00000048   Code   RO         4448    i.case_insensitive_strcmp  cjson.o
    0x0800764c   0x0800764c   0x00000002   Code   RO         4449    i.cast_away_const   cjson.o
    0x0800764e   0x0800764e   0x00000002   PAD
    0x08007650   0x08007650   0x00000098   Code   RO         5129    i.checkConnection   yeecom.o
    0x080076e8   0x080076e8   0x000000a4   Code   RO         5130    i.checkDtuStatu     yeecom.o
    0x0800778c   0x0800778c   0x00000074   Code   RO         4450    i.compare_double    cjson.o
    0x08007800   0x08007800   0x000000ba   Code   RO         4452    i.ensure            cjson.o
    0x080078ba   0x080078ba   0x00000002   PAD
    0x080078bc   0x080078bc   0x00000020   Code   RO           34    i.fputc             main.o
    0x080078dc   0x080078dc   0x00000004   Code   RO         4454    i.get_decimal_point  cjson.o
    0x080078e0   0x080078e0   0x00000052   Code   RO         4455    i.get_object_item   cjson.o
    0x08007932   0x08007932   0x00000002   PAD
    0x08007934   0x08007934   0x000001c4   Code   RO         5131    i.initDtu           yeecom.o
    0x08007af8   0x08007af8   0x0000002c   Code   RO         5051    i.init_Json_Buffer  fifo.o
    0x08007b24   0x08007b24   0x00000050   Code   RO         5510    i.internal_alloc    mc_w.l(mallocr.o)
    0x08007b74   0x08007b74   0x00000a14   Code   RO           35    i.main              main.o
    0x08008588   0x08008588   0x000000f8   Code   RO         4457    i.parse_array       cjson.o
    0x08008680   0x08008680   0x0000005a   Code   RO         4458    i.parse_hex4        cjson.o
    0x080086da   0x080086da   0x00000002   PAD
    0x080086dc   0x080086dc   0x00000138   Code   RO         4459    i.parse_number      cjson.o
    0x08008814   0x08008814   0x0000013e   Code   RO         4460    i.parse_object      cjson.o
    0x08008952   0x08008952   0x0000018c   Code   RO         4461    i.parse_string      cjson.o
    0x08008ade   0x08008ade   0x00000002   PAD
    0x08008ae0   0x08008ae0   0x0000013c   Code   RO         4462    i.parse_value       cjson.o
    0x08008c1c   0x08008c1c   0x000000b2   Code   RO         4463    i.print             cjson.o
    0x08008cce   0x08008cce   0x000000b2   Code   RO         4464    i.print_array       cjson.o
    0x08008d80   0x08008d80   0x0000012c   Code   RO         4465    i.print_number      cjson.o
    0x08008eac   0x08008eac   0x00000174   Code   RO         4466    i.print_object      cjson.o
    0x08009020   0x08009020   0x00000010   Code   RO         4467    i.print_string      cjson.o
    0x08009030   0x08009030   0x00000174   Code   RO         4468    i.print_string_ptr  cjson.o
    0x080091a4   0x080091a4   0x00000104   Code   RO         4469    i.print_value       cjson.o
    0x080092a8   0x080092a8   0x0000006c   Code   RO         5511    i.realloc           mc_w.l(mallocr.o)
    0x08009314   0x08009314   0x0000003c   Code   RO         4473    i.skip_utf8_bom     cjson.o
    0x08009350   0x08009350   0x0000001c   Code   RO         5213    i.strtod            m_ws.l(strtod.o)
    0x0800936c   0x0800936c   0x00000006   Code   RO         4474    i.suffix_object     cjson.o
    0x08009372   0x08009372   0x00000024   Code   RO         4475    i.update_offset     cjson.o
    0x08009396   0x08009396   0x00000002   PAD
    0x08009398   0x08009398   0x000001c8   Code   RO         5052    i.usart1_Process    fifo.o
    0x08009560   0x08009560   0x0000012c   Code   RO         4476    i.utf16_literal_to_utf8  cjson.o
    0x0800968c   0x0800968c   0x00000018   Data   RO         3984    .constdata          system_stm32f1xx.o
    0x080096a4   0x080096a4   0x00000504   Data   RO         4144    .constdata          ntc.o
    0x08009ba8   0x08009ba8   0x00000040   Data   RO         5623    .constdata          mc_w.l(ctype_c.o)
    0x08009be8   0x08009be8   0x00000039   Data   RO           37    .conststring        main.o
    0x08009c21   0x08009c21   0x00000003   PAD
    0x08009c24   0x08009c24   0x000000e8   Data   RO         5133    .conststring        yeecom.o
    0x08009d0c   0x08009d0c   0x00000020   Data   RO         5625    Region$$Table       anon$$obj.o


    Execution Region RW_IRAM1 (Exec base: 0x20000000, Load base: 0x08009d2c, Size: 0x00001890, Max: 0x0000c000, ABSOLUTE)

    Exec Addr    Load Addr    Size         Type   Attr      Idx    E Section Name        Object

    0x20000000   0x08009d2c   0x00000040   Data   RW           38    .data               main.o
    0x20000040   0x08009d6c   0x00000009   Data   RW          859    .data               stm32f1xx_hal.o
    0x20000049   0x08009d75   0x00000003   PAD
    0x2000004c   0x08009d78   0x00000004   Data   RW         3985    .data               system_stm32f1xx.o
    0x20000050   0x08009d7c   0x00000014   Data   RW         4478    .data               cjson.o
    0x20000064   0x08009d90   0x00000011   Data   RW         5054    .data               fifo.o
    0x20000075   0x08009da1   0x0000002a   Data   RW         5134    .data               yeecom.o
    0x2000009f   0x08009dcb   0x00000001   PAD
    0x200000a0   0x08009dcc   0x00000004   Data   RW         5236    .data               mc_w.l(strtok.o)
    0x200000a4   0x08009dd0   0x00000004   Data   RW         5588    .data               mc_w.l(stdout.o)
    0x200000a8   0x08009dd4   0x00000004   Data   RW         5597    .data               mc_w.l(mvars.o)
    0x200000ac   0x08009dd8   0x00000004   Data   RW         5598    .data               mc_w.l(mvars.o)
    0x200000b0        -       0x00000562   Zero   RW           36    .bss                main.o
    0x20000612   0x08009ddc   0x00000006   PAD
    0x20000618        -       0x00000020   Zero   RW         1573    .bss                stm32f1xx_hal_flash.o
    0x20000638        -       0x0000012c   Zero   RW         5053    .bss                fifo.o
    0x20000764        -       0x0000012c   Zero   RW         5132    .bss                yeecom.o
    0x20000890        -       0x00000800   Zero   RW            2    HEAP                startup_stm32f103xe.o
    0x20001090        -       0x00000800   Zero   RW            1    STACK               startup_stm32f103xe.o


==============================================================================

Image component sizes


      Code (inc. data)   RO Data    RW Data    ZI Data      Debug   Object Name

      5036        156          0         20          0      35080   cjson.o
       928         70          0         17        300       5998   fifo.o
       124          8          0          0          0       1367   flash.o
      7472        874         57         64       1378     550397   main.o
       244         28       1284          0          0       1803   ntc.o
        36          8        304          0       4096        788   startup_stm32f103xe.o
       192         36          0          9          0       6365   stm32f1xx_hal.o
      1738         68          0          0          0       8938   stm32f1xx_hal_adc.o
       260          4          0          0          0       1422   stm32f1xx_hal_adc_ex.o
       304         22          0          0          0      29303   stm32f1xx_hal_cortex.o
       320          0          0          0          0       3262   stm32f1xx_hal_dac.o
      1684         28          0          0          0       4530   stm32f1xx_hal_dma.o
       520         48          0          0         32       4058   stm32f1xx_hal_flash.o
       256         26          0          0          0       2491   stm32f1xx_hal_flash_ex.o
       880         40          0          0          0       3872   stm32f1xx_hal_gpio.o
      1204        120          0          0          0       5666   stm32f1xx_hal_msp.o
        12          4          0          0          0        499   stm32f1xx_hal_pwr.o
      1784        110          0          0          0       5888   stm32f1xx_hal_rcc.o
       612         46          0          0          0       2377   stm32f1xx_hal_rcc_ex.o
      1178         18          0          0          0       8844   stm32f1xx_hal_rtc.o
       190          0          0          0          0       1095   stm32f1xx_hal_spi.o
      2272        102          0          0          0      15220   stm32f1xx_hal_tim.o
       276         22          0          0          0       3117   stm32f1xx_hal_tim_ex.o
      1568         10          0          0          0      10090   stm32f1xx_hal_uart.o
       140         36          0          0          0       6323   stm32f1xx_it.o
         2          0         24          4          0       1051   system_stm32f1xx.o
      1612        530        232         42        300       8140   yeecom.o

    ----------------------------------------------------------------------
     30872       2414       1936        160       6112     727984   Object Totals
         0          0         32          0          0          0   (incl. Generated)
        28          0          3          4          6          0   (incl. Padding)

    ----------------------------------------------------------------------

      Code (inc. data)   RO Data    RW Data    ZI Data      Debug   Library Member Name

        28          0          0          0          0         80   strtod.o
        56          8          0          0          0         84   __0sscanf.o
        28          0          0          0          0         68   _chval.o
       812          4          0          0          0        112   _scanf.o
       332          0          0          0          0         96   _scanf_int.o
        64          0          0          0          0         84   _sgetc.o
        40          6         64          0          0         68   ctype_c.o
         0          0          0          0          0          0   entry.o
         0          0          0          0          0          0   entry10a.o
         0          0          0          0          0          0   entry11a.o
         8          4          0          0          0          0   entry2.o
         4          0          0          0          0          0   entry5.o
         0          0          0          0          0          0   entry7b.o
         0          0          0          0          0          0   entry8b.o
         8          4          0          0          0          0   entry9a.o
        30          0          0          0          0          0   handlers.o
        36          8          0          0          0         68   init.o
        10          0          0          0          0         68   isspace_c.o
         0          0          0          0          0          0   iusefp.o
        30          0          0          0          0         68   llshl.o
        36          0          0          0          0         68   llsshr.o
        32          0          0          0          0         68   llushr.o
       360         30          0          0          0        356   mallocr.o
        36          0          0          0          0         68   memcpya.o
        36          0          0          0          0        108   memseta.o
         0          0          0          8          0          0   mvars.o
      2308         96          0          0          0        604   printfa.o
        40          8          0          0          0         84   scanf_char.o
       878         12          0          0          0        216   scanf_fp.o
         0          0          0          4          0          0   stdout.o
        28          0          0          0          0         76   strcmp.o
        18          0          0          0          0         68   strcpy.o
        14          0          0          0          0         68   strlen.o
        30          0          0          0          0         80   strncmp.o
       156         12          0          0          0        120   strtod.o
        68          6          0          4          0         80   strtok.o
        12          0          0          0          0         68   tolower.o
        44          0          0          0          0         80   uidiv.o
        98          0          0          0          0         92   uldiv.o
        48          0          0          0          0         68   cdcmple.o
        48          0          0          0          0         68   cdrcmple.o
        56          0          0          0          0         88   d2f.o
       334          0          0          0          0        148   dadd.o
       222          0          0          0          0        100   ddiv.o
       186          0          0          0          0        176   depilogue.o
        62          0          0          0          0         80   dfixi.o
        50          0          0          0          0         76   dfixui.o
        48          0          0          0          0         68   dfixul.o
        34          0          0          0          0         76   dflti.o
        26          0          0          0          0         76   dfltui.o
        24          0          0          0          0         76   dfltul.o
       228          0          0          0          0         96   dmul.o
        38          0          0          0          0         68   f2d.o
       110          0          0          0          0        168   fepilogue.o
        50          0          0          0          0         68   ffixi.o
        10          0          0          0          0         68   ffltui.o
       100          0          0          0          0         76   fmul.o

    ----------------------------------------------------------------------
      7364        198         64         16          0       4744   Library Totals
        10          0          0          0          0          0   (incl. Padding)

    ----------------------------------------------------------------------

      Code (inc. data)   RO Data    RW Data    ZI Data      Debug   Library Name

        28          0          0          0          0         80   m_ws.l
      5652        198         64         16          0       3020   mc_w.l
      1674          0          0          0          0       1644   mf_w.l

    ----------------------------------------------------------------------
      7364        198         64         16          0       4744   Library Totals

    ----------------------------------------------------------------------

==============================================================================


      Code (inc. data)   RO Data    RW Data    ZI Data      Debug   

     38236       2612       2000        176       6112     719360   Grand Totals
     38236       2612       2000        176       6112     719360   ELF Image Totals
     38236       2612       2000        176          0          0   ROM Totals

==============================================================================

    Total RO  Size (Code + RO Data)                40236 (  39.29kB)
    Total RW  Size (RW Data + ZI Data)              6288 (   6.14kB)
    Total ROM Size (Code + RO Data + RW Data)      40412 (  39.46kB)

==============================================================================

