Component: ARM Compiler 5.06 update 6 (build 750) Tool: armlink [4d35ed]

==============================================================================

Section Cross References

    startup_stm32f103xe.o(RESET) refers to startup_stm32f103xe.o(STACK) for __initial_sp
    startup_stm32f103xe.o(RESET) refers to startup_stm32f103xe.o(.text) for Reset_Handler
    startup_stm32f103xe.o(RESET) refers to stm32f1xx_it.o(i.NMI_Handler) for NMI_Handler
    startup_stm32f103xe.o(RESET) refers to stm32f1xx_it.o(i.HardFault_Handler) for HardFault_Handler
    startup_stm32f103xe.o(RESET) refers to stm32f1xx_it.o(i.MemManage_Handler) for MemManage_Handler
    startup_stm32f103xe.o(RESET) refers to stm32f1xx_it.o(i.BusFault_Handler) for BusFault_Handler
    startup_stm32f103xe.o(RESET) refers to stm32f1xx_it.o(i.UsageFault_Handler) for UsageFault_Handler
    startup_stm32f103xe.o(RESET) refers to stm32f1xx_it.o(i.SVC_Handler) for SVC_Handler
    startup_stm32f103xe.o(RESET) refers to stm32f1xx_it.o(i.DebugMon_Handler) for DebugMon_Handler
    startup_stm32f103xe.o(RESET) refers to stm32f1xx_it.o(i.PendSV_Handler) for PendSV_Handler
    startup_stm32f103xe.o(RESET) refers to stm32f1xx_it.o(i.SysTick_Handler) for SysTick_Handler
    startup_stm32f103xe.o(RESET) refers to stm32f1xx_it.o(i.DMA1_Channel1_IRQHandler) for DMA1_Channel1_IRQHandler
    startup_stm32f103xe.o(RESET) refers to stm32f1xx_it.o(i.TIM2_IRQHandler) for TIM2_IRQHandler
    startup_stm32f103xe.o(RESET) refers to stm32f1xx_it.o(i.USART1_IRQHandler) for USART1_IRQHandler
    startup_stm32f103xe.o(RESET) refers to stm32f1xx_it.o(i.USART3_IRQHandler) for USART3_IRQHandler
    startup_stm32f103xe.o(RESET) refers to stm32f1xx_it.o(i.TIM6_IRQHandler) for TIM6_IRQHandler
    startup_stm32f103xe.o(RESET) refers to stm32f1xx_it.o(i.TIM7_IRQHandler) for TIM7_IRQHandler
    startup_stm32f103xe.o(.text) refers to system_stm32f1xx.o(i.SystemInit) for SystemInit
    startup_stm32f103xe.o(.text) refers to entry.o(.ARM.Collect$$$$00000000) for __main
    main.o(i.MX_ADC1_Init) refers to stm32f1xx_hal_adc.o(i.HAL_ADC_Init) for HAL_ADC_Init
    main.o(i.MX_ADC1_Init) refers to main.o(i.Error_Handler) for Error_Handler
    main.o(i.MX_ADC1_Init) refers to stm32f1xx_hal_adc.o(i.HAL_ADC_ConfigChannel) for HAL_ADC_ConfigChannel
    main.o(i.MX_ADC1_Init) refers to main.o(.bss) for hadc1
    main.o(i.MX_DAC_Init) refers to stm32f1xx_hal_dac.o(i.HAL_DAC_Init) for HAL_DAC_Init
    main.o(i.MX_DAC_Init) refers to main.o(i.Error_Handler) for Error_Handler
    main.o(i.MX_DAC_Init) refers to stm32f1xx_hal_dac.o(i.HAL_DAC_ConfigChannel) for HAL_DAC_ConfigChannel
    main.o(i.MX_DAC_Init) refers to main.o(.bss) for hdac
    main.o(i.MX_DMA_Init) refers to stm32f1xx_hal_cortex.o(i.HAL_NVIC_SetPriority) for HAL_NVIC_SetPriority
    main.o(i.MX_DMA_Init) refers to stm32f1xx_hal_cortex.o(i.HAL_NVIC_EnableIRQ) for HAL_NVIC_EnableIRQ
    main.o(i.MX_GPIO_Init) refers to stm32f1xx_hal_gpio.o(i.HAL_GPIO_WritePin) for HAL_GPIO_WritePin
    main.o(i.MX_GPIO_Init) refers to stm32f1xx_hal_gpio.o(i.HAL_GPIO_Init) for HAL_GPIO_Init
    main.o(i.MX_RTC_Init) refers to stm32f1xx_hal_rtc.o(i.HAL_RTC_Init) for HAL_RTC_Init
    main.o(i.MX_RTC_Init) refers to main.o(i.Error_Handler) for Error_Handler
    main.o(i.MX_RTC_Init) refers to stm32f1xx_hal_rtc.o(i.HAL_RTC_SetTime) for HAL_RTC_SetTime
    main.o(i.MX_RTC_Init) refers to stm32f1xx_hal_rtc.o(i.HAL_RTC_SetDate) for HAL_RTC_SetDate
    main.o(i.MX_RTC_Init) refers to main.o(.bss) for hrtc
    main.o(i.MX_SPI2_Init) refers to stm32f1xx_hal_spi.o(i.HAL_SPI_Init) for HAL_SPI_Init
    main.o(i.MX_SPI2_Init) refers to main.o(i.Error_Handler) for Error_Handler
    main.o(i.MX_SPI2_Init) refers to main.o(.bss) for hspi2
    main.o(i.MX_TIM2_Init) refers to stm32f1xx_hal_tim.o(i.HAL_TIM_Base_Init) for HAL_TIM_Base_Init
    main.o(i.MX_TIM2_Init) refers to main.o(i.Error_Handler) for Error_Handler
    main.o(i.MX_TIM2_Init) refers to stm32f1xx_hal_tim.o(i.HAL_TIM_ConfigClockSource) for HAL_TIM_ConfigClockSource
    main.o(i.MX_TIM2_Init) refers to stm32f1xx_hal_tim_ex.o(i.HAL_TIMEx_MasterConfigSynchronization) for HAL_TIMEx_MasterConfigSynchronization
    main.o(i.MX_TIM2_Init) refers to main.o(.bss) for htim2
    main.o(i.MX_TIM6_Init) refers to stm32f1xx_hal_tim.o(i.HAL_TIM_Base_Init) for HAL_TIM_Base_Init
    main.o(i.MX_TIM6_Init) refers to main.o(i.Error_Handler) for Error_Handler
    main.o(i.MX_TIM6_Init) refers to stm32f1xx_hal_tim_ex.o(i.HAL_TIMEx_MasterConfigSynchronization) for HAL_TIMEx_MasterConfigSynchronization
    main.o(i.MX_TIM6_Init) refers to main.o(.bss) for htim6
    main.o(i.MX_TIM7_Init) refers to stm32f1xx_hal_tim.o(i.HAL_TIM_Base_Init) for HAL_TIM_Base_Init
    main.o(i.MX_TIM7_Init) refers to main.o(i.Error_Handler) for Error_Handler
    main.o(i.MX_TIM7_Init) refers to stm32f1xx_hal_tim_ex.o(i.HAL_TIMEx_MasterConfigSynchronization) for HAL_TIMEx_MasterConfigSynchronization
    main.o(i.MX_TIM7_Init) refers to main.o(.bss) for htim7
[...]
    i.cJSON_CreateStringReference            0x0800747c   Section        0  cjson.o(i.cJSON_CreateStringReference)
    i.cJSON_Delete                           0x080074a0   Section        0  cjson.o(i.cJSON_Delete)
    i.cJSON_GetObjectItem                    0x080074f8   Section        0  cjson.o(i.cJSON_GetObjectItem)
    i.cJSON_New_Item                         0x0800750a   Section        0  cjson.o(i.cJSON_New_Item)
    cJSON_New_Item                           0x0800750b   Thumb Code    26  cjson.o(i.cJSON_New_Item)
    i.cJSON_Parse                            0x08007524   Section        0  cjson.o(i.cJSON_Parse)
    i.cJSON_ParseWithLengthOpts              0x08007534   Section        0  cjson.o(i.cJSON_ParseWithLengthOpts)
    i.cJSON_ParseWithOpts                    0x08007608   Section        0  cjson.o(i.cJSON_ParseWithOpts)
    i.cJSON_PrintUnformatted                 0x08007630   Section        0  cjson.o(i.cJSON_PrintUnformatted)
    i.cJSON_strdup                           0x08007644   Section        0  cjson.o(i.cJSON_strdup)
    cJSON_strdup                             0x08007645   Thumb Code    56  cjson.o(i.cJSON_strdup)
    i.case_insensitive_strcmp                0x0800767c   Section        0  cjson.o(i.case_insensitive_strcmp)
    case_insensitive_strcmp                  0x0800767d   Thumb Code    72  cjson.o(i.case_insensitive_strcmp)
    i.cast_away_const                        0x080076c4   Section        0  cjson.o(i.cast_away_const)
    cast_away_const                          0x080076c5   Thumb Code     2  cjson.o(i.cast_away_const)
    i.checkConnection                        0x080076c8   Section        0  yeecom.o(i.checkConnection)
    i.checkDtuStatu                          0x08007760   Section        0  yeecom.o(i.checkDtuStatu)
    i.compare_double                         0x08007804   Section        0  cjson.o(i.compare_double)
    compare_double                           0x08007805   Thumb Code   112  cjson.o(i.compare_double)
    i.ensure                                 0x08007878   Section        0  cjson.o(i.ensure)
    ensure                                   0x08007879   Thumb Code   186  cjson.o(i.ensure)
    i.get_decimal_point                      0x08007932   Section        0  cjson.o(i.get_decimal_point)
    get_decimal_point                        0x08007933   Thumb Code     4  cjson.o(i.get_decimal_point)
    i.get_object_item                        0x08007936   Section        0  cjson.o(i.get_object_item)
    get_object_item                          0x08007937   Thumb Code    82  cjson.o(i.get_object_item)
    i.initDtu                                0x08007988   Section        0  yeecom.o(i.initDtu)
    i.init_Json_Buffer                       0x08007b4c   Section        0  fifo.o(i.init_Json_Buffer)
    i.internal_alloc                         0x08007b78   Section        0  mallocr.o(i.internal_alloc)
    internal_alloc                           0x08007b79   Thumb Code    76  mallocr.o(i.internal_alloc)
    i.loadAliyunMessageFromFlash             0x08007bc8   Section        0  main.o(i.loadAliyunMessageFromFlash)
    i.main                                   0x08007c2c   Section        0  main.o(i.main)
    i.parse_array                            0x080085c4   Section        0  cjson.o(i.parse_array)
    parse_array                              0x080085c5   Thumb Code   248  cjson.o(i.parse_array)
    i.parse_hex4                             0x080086bc   Section        0  cjson.o(i.parse_hex4)
    parse_hex4                               0x080086bd   Thumb Code    90  cjson.o(i.parse_hex4)
    i.parse_number                           0x08008718   Section        0  cjson.o(i.parse_number)
    parse_number                             0x08008719   Thumb Code   298  cjson.o(i.parse_number)
    i.parse_object                           0x08008850   Section        0  cjson.o(i.parse_object)
    parse_object                             0x08008851   Thumb Code   318  cjson.o(i.parse_object)
    i.parse_string                           0x0800898e   Section        0  cjson.o(i.parse_string)
    parse_string                             0x0800898f   Thumb Code   396  cjson.o(i.parse_string)
    i.parse_value                            0x08008b1c   Section        0  cjson.o(i.parse_value)
    parse_value                              0x08008b1d   Thumb Code   290  cjson.o(i.parse_value)
    i.print                                  0x08008c58   Section        0  cjson.o(i.print)
    print                                    0x08008c59   Thumb Code   178  cjson.o(i.print)
    i.print_array                            0x08008d0a   Section        0  cjson.o(i.print_array)
    print_array                              0x08008d0b   Thumb Code   178  cjson.o(i.print_array)
    i.print_number                           0x08008dbc   Section        0  cjson.o(i.print_number)
    print_number                             0x08008dbd   Thumb Code   268  cjson.o(i.print_number)
    i.print_object                           0x08008ee8   Section        0  cjson.o(i.print_object)
    print_object                             0x08008ee9   Thumb Code   372  cjson.o(i.print_object)
    i.print_string                           0x0800905c   Section        0  cjson.o(i.print_string)
    print_string                             0x0800905d   Thumb Code    16  cjson.o(i.print_string)
    i.print_string_ptr                       0x0800906c   Section        0  cjson.o(i.print_string_ptr)
    print_string_ptr                         0x0800906d   Thumb Code   360  cjson.o(i.print_string_ptr)
    i.print_value                            0x080091e0   Section        0  cjson.o(i.print_value)
    print_value                              0x080091e1   Thumb Code   236  cjson.o(i.print_value)
    i.realloc                                0x080092e4   Section        0  mallocr.o(i.realloc)
    i.skip_utf8_bom                          0x08009350   Section        0  cjson.o(i.skip_utf8_bom)
    skip_utf8_bom                            0x08009351   Thumb Code    56  cjson.o(i.skip_utf8_bom)
    i.strtod                                 0x0800938c   Section        0  strtod.o(i.strtod)
    i.suffix_object                          0x080093a8   Section        0  cjson.o(i.suffix_object)
    suffix_object                            0x080093a9   Thumb Code     6  cjson.o(i.suffix_object)
    i.update_offset                          0x080093ae   Section        0  cjson.o(i.update_offset)
    update_offset                            0x080093af   Thumb Code    36  cjson.o(i.update_offset)
    i.usart1_Process                         0x080093d4   Section        0  fifo.o(i.usart1_Process)
    i.utf16_literal_to_utf8                  0x0800959c   Section        0  cjson.o(i.utf16_literal_to_utf8)
    utf16_literal_to_utf8                    0x0800959d   Thumb Code   300  cjson.o(i.utf16_literal_to_utf8)
    .constdata                               0x080096c8   Section       24  system_stm32f1xx.o(.constdata)
    .constdata                               0x080096e0   Section     1284  ntc.o(.constdata)
    .constdata                               0x08009be4   Section       64  ctype_c.o(.constdata)
    .conststring                             0x08009c24   Section       57  main.o(.conststring)
    .conststring                             0x08009c60   Section      252  yeecom.o(.conststring)
    .data                                    0x20000000   Section       64  main.o(.data)
    .data                                    0x20000040   Section        9  stm32f1xx_hal.o(.data)
    .data                                    0x2000004c   Section        4  system_stm32f1xx.o(.data)
    .data                                    0x20000050   Section       20  cjson.o(.data)
    global_error                             0x20000050   Data           8  cjson.o(.data)
    global_hooks                             0x20000058   Data          12  cjson.o(.data)
    .data                                    0x20000064   Section       17  fifo.o(.data)
    .data                                    0x20000075   Section       42  yeecom.o(.data)
    SuccessInit                              0x2000009e   Data           1  yeecom.o(.data)
    .data                                    0x200000a0   Section        4  strtok.o(.data)
    state                                    0x200000a0   Data           4  strtok.o(.data)
    .data                                    0x200000a4   Section        4  mvars.o(.data)
    .data                                    0x200000a8   Section        4  mvars.o(.data)
    .bss                                     0x200000ac   Section     1570  main.o(.bss)
    .bss                                     0x200006d0   Section       32  stm32f1xx_hal_flash.o(.bss)
    .bss                                     0x200006f0   Section      300  fifo.o(.bss)
    .bss                                     0x2000081c   Section      300  yeecom.o(.bss)
    HEAP                                     0x20000948   Section     2048  startup_stm32f103xe.o(HEAP)
    STACK                                    0x20001148   Section     2048  startup_stm32f103xe.o(STACK)

    Global Symbols

    Symbol Name                              Value     Ov Type        Size  Object(Section)

    BuildAttributes$$THM_ISAv4$P$D$K$B$S$PE$A:L22UL41UL21$X:L11$S22US41US21$IEEE1$IW$USESV6$~STKCKD$USESV7$~SHL$OTIME$ROPI$IEEEJ$EBA8$MICROLIB$REQ8$PRES8$EABIv2 0x00000000   Number         0  anon$$obj.o ABSOLUTE
    __ARM_use_no_argv                        0x00000000   Number         0  main.o ABSOLUTE
    _printf_a                                0x00000000   Number         0  stubs.o ABSOLUTE
    _printf_c                                0x00000000   Number         0  stubs.o ABSOLUTE
    _printf_charcount                        0x00000000   Number         0  stubs.o ABSOLUTE
    _printf_d                                0x00000000   Number         0  stubs.o ABSOLUTE
    _printf_e                                0x00000000   Number         0  stubs.o ABSOLUTE
    _printf_f                                0x00000000   Number         0  stubs.o ABSOLUTE
    _printf_flags                            0x00000000   Number         0  stubs.o ABSOLUTE
    _printf_fp_dec                           0x00000000   Number         0  stubs.o ABSOLUTE
    _printf_fp_hex                           0x00000000   Number         0  stubs.o ABSOLUTE
    _printf_g                                0x00000000   Number         0  stubs.o ABSOLUTE
    _printf_i                                0x00000000   Number         0  stubs.o ABSOLUTE
    _printf_int_dec                          0x00000000   Number         0  stubs.o ABSOLUTE
    _printf_l                                0x00000000   Number         0  stubs.o ABSOLUTE
    _printf_lc                               0x00000000   Number         0  stubs.o ABSOLUTE
    _printf_ll                               0x00000000   Number         0  stubs.o ABSOLUTE
    _printf_lld                              0x00000000   Number         0  stubs.o ABSOLUTE
    _printf_lli                              0x00000000   Number         0  stubs.o ABSOLUTE
    _printf_llo                              0x00000000   Number         0  stubs.o ABSOLUTE
    _printf_llu                              0x00000000   Number         0  stubs.o ABSOLUTE
    _printf_llx                              0x00000000   Number         0  stubs.o ABSOLUTE
    _printf_longlong_dec                     0x00000000   Number         0  stubs.o ABSOLUTE
    _printf_longlong_hex                     0x00000000   Number         0  stubs.o ABSOLUTE
    _printf_longlong_oct                     0x00000000   Number         0  stubs.o ABSOLUTE
    _printf_ls                               0x00000000   Number         0  stubs.o ABSOLUTE
    _printf_mbtowc                           0x00000000   Number         0  stubs.o ABSOLUTE
    _printf_n                                0x00000000   Number         0  stubs.o ABSOLUTE
    _printf_o                                0x00000000   Number         0  stubs.o ABSOLUTE
    _printf_p                                0x00000000   Number         0  stubs.o ABSOLUTE
    _printf_percent                          0x00000000   Number         0  stubs.o ABSOLUTE
    _printf_pre_padding                      0x00000000   Number         0  stubs.o ABSOLUTE
    _printf_return_value                     0x00000000   Number         0  stubs.o ABSOLUTE
    _printf_s                                0x00000000   Number         0  stubs.o ABSOLUTE
    _printf_sizespec                         0x00000000   Number         0  stubs.o ABSOLUTE
    _printf_str                              0x00000000   Number         0  stubs.o ABSOLUTE
    _printf_truncate_signed                  0x00000000   Number         0  stubs.o ABSOLUTE
    _printf_truncate_unsigned                0x00000000   Number         0  stubs.o ABSOLUTE
    _printf_u                                0x00000000   Number         0  stubs.o ABSOLUTE
    _printf_wc                               0x00000000   Number         0  stubs.o ABSOLUTE
    _printf_wctomb                           0x00000000   Number         0  stubs.o ABSOLUTE
    _printf_widthprec                        0x00000000   Number         0  stubs.o ABSOLUTE
    _printf_x                                0x00000000   Number         0  stubs.o ABSOLUTE
    __cpp_initialize__aeabi_                  - Undefined Weak Reference
    __cxa_finalize                            - Undefined Weak Reference
    __decompress                              - Undefined Weak Reference
    _clock_init                               - Undefined Weak Reference
    _microlib_exit                            - Undefined Weak Reference
    _scanf_longlong                           - Undefined Weak Reference
    _scanf_string                             - Undefined Weak Reference
    __Vectors_Size                           0x00000130   Number         0  startup_stm32f103xe.o ABSOLUTE
    __Vectors                                0x08000000   Data           4  startup_stm32f103xe.o(RESET)
    __Vectors_End                            0x08000130   Data           0  startup_stm32f103xe.o(RESET)
    __main                                   0x08000131   Thumb Code     0  entry.o(.ARM.Collect$$$$00000000)
    _main_stk                                0x08000131   Thumb Code     0  entry2.o(.ARM.Collect$$$$00000001)
    _main_scatterload                        0x08000135   Thumb Code     0  entry5.o(.ARM.Collect$$$$00000004)
    __main_after_scatterload                 0x08000139   Thumb Code     0  entry5.o(.ARM.Collect$$$$00000004)
    _main_clock                              0x08000139   Thumb Code     0  entry7b.o(.ARM.Collect$$$$00000008)
    _main_cpp_init                           0x08000139   Thumb Code     0  entry8b.o(.ARM.Collect$$$$0000000A)
    _main_init                               0x08000139   Thumb Code     0  entry9a.o(.ARM.Collect$$$$0000000B)
    __rt_final_cpp                           0x08000141   Thumb Code     0  entry10a.o(.ARM.Collect$$$$0000000D)
    __rt_final_exit                          0x08000141   Thumb Code     0  entry11a.o(.ARM.Collect$$$$0000000F)
    Reset_Handler                            0x08000145   Thumb Code     8  startup_stm32f103xe.o(.text)
    ADC1_2_IRQHandler                        0x0800015f   Thumb Code     0  startup_stm32f103xe.o(.text)
    ADC3_IRQHandler                          0x0800015f   Thumb Code     0  startup_stm32f103xe.o(.text)
    CAN1_RX1_IRQHandler                      0x0800015f   Thumb Code     0  startup_stm32f103xe.o(.text)
    CAN1_SCE_IRQHandler                      0x0800015f   Thumb Code     0  startup_stm32f103xe.o(.text)
    DMA1_Channel2_IRQHandler                 0x0800015f   Thumb Code     0  startup_stm32f103xe.o(.text)
    DMA1_Channel3_IRQHandler                 0x0800015f   Thumb Code     0  startup_stm32f103xe.o(.text)
    DMA1_Channel4_IRQHandler                 0x0800015f   Thumb Code     0  startup_stm32f103xe.o(.text)
    DMA1_Channel5_IRQHandler                 0x0800015f   Thumb Code     0  startup_stm32f103xe.o(.text)
    DMA1_Channel6_IRQHandler                 0x0800015f   Thumb Code     0  startup_stm32f103xe.o(.text)
    DMA1_Channel7_IRQHandler                 0x0800015f   Thumb Code     0  startup_stm32f103xe.o(.text)
    DMA2_Channel1_IRQHandler                 0x0800015f   Thumb Code     0  startup_stm32f103xe.o(.text)
    DMA2_Channel2_IRQHandler                 0x0800015f   Thumb Code     0  startup_stm32f103xe.o(.text)
    DMA2_Channel3_IRQHandler                 0x0800015f   Thumb Code     0  startup_stm32f103xe.o(.text)
    DMA2_Channel4_5_IRQHandler               0x0800015f   Thumb Code     0  startup_stm32f103xe.o(.text)
    EXTI0_IRQHandler                         0x0800015f   Thumb Code     0  startup_stm32f103xe.o(.text)
    EXTI15_10_IRQHandler                     0x0800015f   Thumb Code     0  startup_stm32f103xe.o(.text)
    EXTI1_IRQHandler                         0x0800015f   Thumb Code     0  startup_stm32f103xe.o(.text)
    EXTI2_IRQHandler                         0x0800015f   Thumb Code     0  startup_stm32f103xe.o(.text)
    EXTI3_IRQHandler                         0x0800015f   Thumb Code     0  startup_stm32f103xe.o(.text)
    EXTI4_IRQHandler                         0x0800015f   Thumb Code     0  startup_stm32f103xe.o(.text)
    EXTI9_5_IRQHandler                       0x0800015f   Thumb Code     0  startup_stm32f103xe.o(.text)
    FLASH_IRQHandler                         0x0800015f   Thumb Code     0  startup_stm32f103xe.o(.text)
    FSMC_IRQHandler                          0x0800015f   Thumb Code     0  startup_stm32f103xe.o(.text)
    I2C1_ER_IRQHandler                       0x0800015f   Thumb Code     0  startup_stm32f103xe.o(.text)
    I2C1_EV_IRQHandler                       0x0800015f   Thumb Code     0  startup_stm32f103xe.o(.text)
    I2C2_ER_IRQHandler                       0x0800015f   Thumb Code     0  startup_stm32f103xe.o(.text)
    I2C2_EV_IRQHandler                       0x0800015f   Thumb Code     0  startup_stm32f103xe.o(.text)
    PVD_IRQHandler                           0x0800015f   Thumb Code     0  startup_stm32f103xe.o(.text)
    RCC_IRQHandler                           0x0800015f   Thumb Code     0  startup_stm32f103xe.o(.text)
    RTC_Alarm_IRQHandler                     0x0800015f   Thumb Code     0  startup_stm32f103xe.o(.text)
    RTC_IRQHandler                           0x0800015f   Thumb Code     0  startup_stm32f103xe.o(.text)
    SDIO_IRQHandler                          0x0800015f   Thumb Code     0  startup_stm32f103xe.o(.text)
    SPI1_IRQHandler                          0x0800015f   Thumb Code     0  startup_stm32f103xe.o(.text)
    SPI2_IRQHandler                          0x0800015f   Thumb Code     0  startup_stm32f103xe.o(.text)
    SPI3_IRQHandler                          0x0800015f   Thumb Code     0  startup_stm32f103xe.o(.text)
    TAMPER_IRQHandler                        0x0800015f   Thumb Code     0  startup_stm32f103xe.o(.text)
    TIM1_BRK_IRQHandler                      0x0800015f   Thumb Code     0  startup_stm32f103xe.o(.text)
    TIM1_CC_IRQHandler                       0x0800015f   Thumb Code     0  startup_stm32f103xe.o(.text)
    TIM1_TRG_COM_IRQHandler                  0x0800015f   Thumb Code     0  startup_stm32f103xe.o(.text)
    TIM1_UP_IRQHandler                       0x0800015f   Thumb Code     0  startup_stm32f103xe.o(.text)
    TIM3_IRQHandler                          0x0800015f   Thumb Code     0  startup_stm32f103xe.o(.text)
    TIM4_IRQHandler                          0x0800015f   Thumb Code     0  startup_stm32f103xe.o(.text)
    TIM5_IRQHandler                          0x0800015f   Thumb Code     0  startup_stm32f103xe.o(.text)
    TIM8_BRK_IRQHandler                      0x0800015f   Thumb Code     0  startup_stm32f103xe.o(.text)
    TIM8_CC_IRQHandler                       0x0800015f   Thumb Code     0  startup_stm32f103xe.o(.text)
    TIM8_TRG_COM_IRQHandler                  0x0800015f   Thumb Code     0  startup_stm32f103xe.o(.text)
    TIM8_UP_IRQHandler                       0x0800015f   Thumb Code     0  startup_stm32f103xe.o(.text)
    UART4_IRQHandler                         0x0800015f   Thumb Code     0  startup_stm32f103xe.o(.text)
    UART5_IRQHandler                         0x0800015f   Thumb Code     0  startup_stm32f103xe.o(.text)
    USART2_IRQHandler                        0x0800015f   Thumb Code     0  startup_stm32f103xe.o(.text)
    USBWakeUp_IRQHandler                     0x0800015f   Thumb Code     0  startup_stm32f103xe.o(.text)
    USB_HP_CAN1_TX_IRQHandler                0x0800015f   Thumb Code     0  startup_stm32f103xe.o(.text)
    USB_LP_CAN1_RX0_IRQHandler               0x0800015f   Thumb Code     0  startup_stm32f103xe.o(.text)
    WWDG_IRQHandler                          0x0800015f   Thumb Code     0  startup_stm32f103xe.o(.text)
    __aeabi_llsr                             0x08000169   Thumb Code    32  llushr.o(.text)
    _ll_ushift_r                             0x08000169   Thumb Code     0  llushr.o(.text)
    tolower                                  0x08000189   Thumb Code    12  tolower.o(.text)
    __aeabi_memcpy                           0x08000195   Thumb Code    36  memcpya.o(.text)
    __aeabi_memcpy4                          0x08000195   Thumb Code     0  memcpya.o(.text)
    __aeabi_memcpy8                          0x08000195   Thumb Code     0  memcpya.o(.text)
    __aeabi_memset                           0x080001b9   Thumb Code    14  memseta.o(.text)
    __aeabi_memset4                          0x080001b9   Thumb Code     0  memseta.o(.text)
    __aeabi_memset8                          0x080001b9   Thumb Code     0  memseta.o(.text)
    __aeabi_memclr                           0x080001c7   Thumb Code     4  memseta.o(.text)
    __aeabi_memclr4                          0x080001c7   Thumb Code     0  memseta.o(.text)
    __aeabi_memclr8                          0x080001c7   Thumb Code     0  memseta.o(.text)
    _memset$wrapper                          0x080001cb   Thumb Code    18  memseta.o(.text)
    strlen                                   0x080001dd   Thumb Code    14  strlen.o(.text)
    strcmp                                   0x080001eb   Thumb Code    28  strcmp.o(.text)
    strcpy                                   0x08000207   Thumb Code    18  strcpy.o(.text)
    strncmp                                  0x08000219   Thumb Code    30  strncmp.o(.text)
    strtok                                   0x08000239   Thumb Code    62  strtok.o(.text)
    __0sscanf                                0x0800027d   Thumb Code    48  __0sscanf.o(.text)
    _scanf_int                               0x080002b5   Thumb Code   332  _scanf_int.o(.text)
    _scanf_real                              0x08000529   Thumb Code     0  scanf_fp.o(.text)
    _scanf_really_real                       0x08000529   Thumb Code   556  scanf_fp.o(.text)
    __aeabi_fmul                             0x08000761   Thumb Code   100  fmul.o(.text)
    __aeabi_dadd                             0x080007c5   Thumb Code   322  dadd.o(.text)
    __aeabi_dsub                             0x08000907   Thumb Code     6  dadd.o(.text)
    __aeabi_drsub                            0x0800090d   Thumb Code     6  dadd.o(.text)
    __aeabi_dmul                             0x08000913   Thumb Code   228  dmul.o(.text)
    __aeabi_ddiv                             0x080009f7   Thumb Code   222  ddiv.o(.text)
    __aeabi_ui2f                             0x08000ad5   Thumb Code    10  ffltui.o(.text)
    __aeabi_i2d                              0x08000adf   Thumb Code    34  dflti.o(.text)
    __aeabi_ui2d                             0x08000b01   Thumb Code    26  dfltui.o(.text)
    __aeabi_f2iz                             0x08000b1b   Thumb Code    50  ffixi.o(.text)
    __aeabi_d2iz                             0x08000b4d   Thumb Code    62  dfixi.o(.text)
    __aeabi_d2uiz                            0x08000b8b   Thumb Code    50  dfixui.o(.text)
    __aeabi_f2d                              0x08000bbd   Thumb Code    38  f2d.o(.text)
    __aeabi_cdcmpeq                          0x08000be5   Thumb Code     0  cdcmple.o(.text)
    __aeabi_cdcmple                          0x08000be5   Thumb Code    48  cdcmple.o(.text)
    __aeabi_cdrcmple                         0x08000c15   Thumb Code    48  cdrcmple.o(.text)
    __aeabi_d2f                              0x08000c45   Thumb Code    56  d2f.o(.text)
    __aeabi_uidiv                            0x08000c7d   Thumb Code     0  uidiv.o(.text)
    __aeabi_uidivmod                         0x08000c7d   Thumb Code    44  uidiv.o(.text)
    __aeabi_uldivmod                         0x08000ca9   Thumb Code    98  uldiv.o(.text)
    __aeabi_llsl                             0x08000d0b   Thumb Code    30  llshl.o(.text)
    _ll_shift_l                              0x08000d0b   Thumb Code     0  llshl.o(.text)
    __aeabi_lasr                             0x08000d29   Thumb Code    36  llsshr.o(.text)
    _ll_sshift_r                             0x08000d29   Thumb Code     0  llsshr.o(.text)
    _chval                                   0x08000d4d   Thumb Code    28  _chval.o(.text)
    __vfscanf_char                           0x08000d75   Thumb Code    20  scanf_char.o(.text)
    _sgetc                                   0x08000d91   Thumb Code    30  _sgetc.o(.text)
    _sbackspace                              0x08000daf   Thumb Code    34  _sgetc.o(.text)
    __strtod_int                             0x08000e07   Thumb Code    90  strtod.o(.text)
    __I$use$fp                               0x08000e6d   Thumb Code     0  iusefp.o(.text)
    _float_round                             0x08000e6d   Thumb Code    18  fepilogue.o(.text)
    _float_epilogue                          0x08000e7f   Thumb Code    92  fepilogue.o(.text)
    _double_round                            0x08000edb   Thumb Code    30  depilogue.o(.text)
    _double_epilogue                         0x08000ef9   Thumb Code   156  depilogue.o(.text)
    __aeabi_ul2d                             0x08000f95   Thumb Code    24  dfltul.o(.text)
    __aeabi_d2ulz                            0x08000fad   Thumb Code    48  dfixul.o(.text)
    __scatterload                            0x08000fdd   Thumb Code    28  init.o(.text)
    __scatterload_rt2                        0x08000fdd   Thumb Code     0  init.o(.text)
    isspace                                  0x08001001   Thumb Code    10  isspace_c.o(.text)
    __vfscanf                                0x0800100d   Thumb Code   808  _scanf.o(.text)
    __ctype_lookup                           0x08001339   Thumb Code    34  ctype_c.o(.text)
    ADC_ConversionStop_Disable               0x08001361   Thumb Code    82  stm32f1xx_hal_adc.o(i.ADC_ConversionStop_Disable)
    ADC_DMAConvCplt                          0x080013b3   Thumb Code    82  stm32f1xx_hal_adc.o(i.ADC_DMAConvCplt)
    ADC_DMAError                             0x08001405   Thumb Code    30  stm32f1xx_hal_adc.o(i.ADC_DMAError)
    ADC_DMAHalfConvCplt                      0x08001423   Thumb Code    14  stm32f1xx_hal_adc.o(i.ADC_DMAHalfConvCplt)
    ADC_Enable                               0x08001431   Thumb Code   122  stm32f1xx_hal_adc.o(i.ADC_Enable)
    BusFault_Handler                         0x080014b5   Thumb Code     4  stm32f1xx_it.o(i.BusFault_Handler)
    ConverseToTemperature                    0x080014b9   Thumb Code   174  ntc.o(i.ConverseToTemperature)
    DMA1_Channel1_IRQHandler                 0x08001579   Thumb Code    10  stm32f1xx_it.o(i.DMA1_Channel1_IRQHandler)
    DebugMon_Handler                         0x080015b5   Thumb Code     2  stm32f1xx_it.o(i.DebugMon_Handler)
    Error_Handler                            0x080015b7   Thumb Code     2  main.o(i.Error_Handler)
    EstablishMqttConnection                  0x080015b9   Thumb Code   106  yeecom.o(i.EstablishMqttConnection)
    FIFO_Clear                               0x0800162d   Thumb Code    22  fifo.o(i.FIFO_Clear)
    FIFO_Init                                0x08001643   Thumb Code    92  fifo.o(i.FIFO_Init)
    FIFO_Read                                0x0800169f   Thumb Code    64  fifo.o(i.FIFO_Read)
    FIFO_ReadN                               0x080016df   Thumb Code    74  fifo.o(i.FIFO_ReadN)
    FIFO_Status                              0x08001729   Thumb Code    52  fifo.o(i.FIFO_Status)
    FLASH_PageErase                          0x08001789   Thumb Code    32  stm32f1xx_hal_flash_ex.o(i.FLASH_PageErase)
    FLASH_WaitForLastOperation               0x08001855   Thumb Code   106  stm32f1xx_hal_flash.o(i.FLASH_WaitForLastOperation)
    FormJson                                 0x080018c5   Thumb Code   170  yeecom.o(i.FormJson)
    FormUploadData                           0x080019a1   Thumb Code    64  yeecom.o(i.FormUploadData)
    HAL_ADCEx_Calibration_Start              0x080019e9   Thumb Code   256  stm32f1xx_hal_adc_ex.o(i.HAL_ADCEx_Calibration_Start)
    HAL_ADC_ConfigChannel                    0x08001aed   Thumb Code   338  stm32f1xx_hal_adc.o(i.HAL_ADC_ConfigChannel)
    HAL_ADC_ConvCpltCallback                 0x08001c4d   Thumb Code     2  stm32f1xx_hal_adc.o(i.HAL_ADC_ConvCpltCallback)
    HAL_ADC_ConvHalfCpltCallback             0x08001c4f   Thumb Code     2  stm32f1xx_hal_adc.o(i.HAL_ADC_ConvHalfCpltCallback)
    HAL_ADC_ErrorCallback                    0x08001c51   Thumb Code     2  stm32f1xx_hal_adc.o(i.HAL_ADC_ErrorCallback)
    HAL_ADC_Init                             0x08001c55   Thumb Code   340  stm32f1xx_hal_adc.o(i.HAL_ADC_Init)
    HAL_ADC_MspInit                          0x08001db5   Thumb Code   196  stm32f1xx_hal_msp.o(i.HAL_ADC_MspInit)
    HAL_ADC_Start                            0x08001e91   Thumb Code   294  stm32f1xx_hal_adc.o(i.HAL_ADC_Start)
    HAL_ADC_Start_DMA                        0x08001fc1   Thumb Code   362  stm32f1xx_hal_adc.o(i.HAL_ADC_Start_DMA)
    HAL_DAC_ConfigChannel                    0x08002141   Thumb Code   116  stm32f1xx_hal_dac.o(i.HAL_DAC_ConfigChannel)
    HAL_DAC_Init                             0x080021b5   Thumb Code    40  stm32f1xx_hal_dac.o(i.HAL_DAC_Init)
    HAL_DAC_MspInit                          0x080021dd   Thumb Code    98  stm32f1xx_hal_msp.o(i.HAL_DAC_MspInit)
    HAL_DAC_SetValue                         0x0800224d   Thumb Code    44  stm32f1xx_hal_dac.o(i.HAL_DAC_SetValue)
    HAL_DAC_Start                            0x08002279   Thumb Code   120  stm32f1xx_hal_dac.o(i.HAL_DAC_Start)
    HAL_DMA_Abort_IT                         0x080022f1   Thumb Code   414  stm32f1xx_hal_dma.o(i.HAL_DMA_Abort_IT)
    HAL_DMA_IRQHandler                       0x08002499   Thumb Code   910  stm32f1xx_hal_dma.o(i.HAL_DMA_IRQHandler)
    HAL_DMA_Init                             0x08002831   Thumb Code   132  stm32f1xx_hal_dma.o(i.HAL_DMA_Init)
    HAL_DMA_Start_IT                         0x080028bd   Thumb Code   156  stm32f1xx_hal_dma.o(i.HAL_DMA_Start_IT)
    HAL_Delay                                0x08002959   Thumb Code    36  stm32f1xx_hal.o(i.HAL_Delay)
    HAL_FLASHEx_Erase                        0x08002981   Thumb Code   168  stm32f1xx_hal_flash_ex.o(i.HAL_FLASHEx_Erase)
    HAL_FLASH_Lock                           0x08002a31   Thumb Code    16  stm32f1xx_hal_flash.o(i.HAL_FLASH_Lock)
    HAL_FLASH_Program                        0x08002a45   Thumb Code   168  stm32f1xx_hal_flash.o(i.HAL_FLASH_Program)
    HAL_FLASH_Unlock                         0x08002af5   Thumb Code    36  stm32f1xx_hal_flash.o(i.HAL_FLASH_Unlock)
    HAL_GPIO_Init                            0x08002b25   Thumb Code   792  stm32f1xx_hal_gpio.o(i.HAL_GPIO_Init)
    HAL_GPIO_ReadPin                         0x08002e65   Thumb Code    16  stm32f1xx_hal_gpio.o(i.HAL_GPIO_ReadPin)
    HAL_GPIO_TogglePin                       0x08002e75   Thumb Code    20  stm32f1xx_hal_gpio.o(i.HAL_GPIO_TogglePin)
    HAL_GPIO_WritePin                        0x08002e89   Thumb Code    12  stm32f1xx_hal_gpio.o(i.HAL_GPIO_WritePin)
    HAL_GetTick                              0x08002e95   Thumb Code     6  stm32f1xx_hal.o(i.HAL_GetTick)
    HAL_IncTick                              0x08002ea1   Thumb Code    16  stm32f1xx_hal.o(i.HAL_IncTick)
    HAL_Init                                 0x08002eb9   Thumb Code    34  stm32f1xx_hal.o(i.HAL_Init)
    HAL_InitTick                             0x08002ee1   Thumb Code    64  stm32f1xx_hal.o(i.HAL_InitTick)
    HAL_MspInit                              0x08002f2d   Thumb Code    76  stm32f1xx_hal_msp.o(i.HAL_MspInit)
    HAL_NVIC_EnableIRQ                       0x08002f81   Thumb Code    32  stm32f1xx_hal_cortex.o(i.HAL_NVIC_EnableIRQ)
    HAL_NVIC_SetPriority                     0x08002fa1   Thumb Code   124  stm32f1xx_hal_cortex.o(i.HAL_NVIC_SetPriority)
    HAL_NVIC_SetPriorityGrouping             0x0800301d   Thumb Code    32  stm32f1xx_hal_cortex.o(i.HAL_NVIC_SetPriorityGrouping)
    HAL_PWR_EnableBkUpAccess                 0x08003045   Thumb Code     8  stm32f1xx_hal_pwr.o(i.HAL_PWR_EnableBkUpAccess)
    HAL_RCCEx_GetPeriphCLKFreq               0x08003051   Thumb Code   276  stm32f1xx_hal_rcc_ex.o(i.HAL_RCCEx_GetPeriphCLKFreq)
    HAL_RCCEx_PeriphCLKConfig                0x08003185   Thumb Code   290  stm32f1xx_hal_rcc_ex.o(i.HAL_RCCEx_PeriphCLKConfig)
    HAL_RCC_ClockConfig                      0x080032b5   Thumb Code   376  stm32f1xx_hal_rcc.o(i.HAL_RCC_ClockConfig)
    HAL_RCC_GetHCLKFreq                      0x08003441   Thumb Code     6  stm32f1xx_hal_rcc.o(i.HAL_RCC_GetHCLKFreq)
    HAL_RCC_GetPCLK1Freq                     0x0800344d   Thumb Code    22  stm32f1xx_hal_rcc.o(i.HAL_RCC_GetPCLK1Freq)
    HAL_RCC_GetPCLK2Freq                     0x0800346d   Thumb Code    22  stm32f1xx_hal_rcc.o(i.HAL_RCC_GetPCLK2Freq)
    HAL_RCC_GetSysClockFreq                  0x0800348d   Thumb Code   116  stm32f1xx_hal_rcc.o(i.HAL_RCC_GetSysClockFreq)
    HAL_RCC_OscConfig                        0x08003521   Thumb Code  1114  stm32f1xx_hal_rcc.o(i.HAL_RCC_OscConfig)
    HAL_RTC_Init                             0x08003985   Thumb Code   202  stm32f1xx_hal_rtc.o(i.HAL_RTC_Init)
    HAL_RTC_MspInit                          0x08003a55   Thumb Code    52  stm32f1xx_hal_msp.o(i.HAL_RTC_MspInit)
    HAL_RTC_SetDate                          0x08003a95   Thumb Code   242  stm32f1xx_hal_rtc.o(i.HAL_RTC_SetDate)
    HAL_RTC_SetTime                          0x08003b8d   Thumb Code   214  stm32f1xx_hal_rtc.o(i.HAL_RTC_SetTime)
    HAL_RTC_WaitForSynchro                   0x08003c69   Thumb Code    64  stm32f1xx_hal_rtc.o(i.HAL_RTC_WaitForSynchro)
    HAL_SPI_Init                             0x08003ca9   Thumb Code   190  stm32f1xx_hal_spi.o(i.HAL_SPI_Init)
    HAL_SPI_MspInit                          0x08003d69   Thumb Code   124  stm32f1xx_hal_msp.o(i.HAL_SPI_MspInit)
    HAL_SYSTICK_Config                       0x08003df1   Thumb Code    52  stm32f1xx_hal_cortex.o(i.HAL_SYSTICK_Config)
    HAL_TIMEx_BreakCallback                  0x08003e25   Thumb Code     2  stm32f1xx_hal_tim_ex.o(i.HAL_TIMEx_BreakCallback)
    HAL_TIMEx_CommutCallback                 0x08003e27   Thumb Code     2  stm32f1xx_hal_tim_ex.o(i.HAL_TIMEx_CommutCallback)
    HAL_TIMEx_ConfigBreakDeadTime            0x08003e29   Thumb Code   116  stm32f1xx_hal_tim_ex.o(i.HAL_TIMEx_ConfigBreakDeadTime)
    HAL_TIMEx_MasterConfigSynchronization    0x08003e9d   Thumb Code   134  stm32f1xx_hal_tim_ex.o(i.HAL_TIMEx_MasterConfigSynchronization)
    HAL_TIM_Base_Init                        0x08003f39   Thumb Code   102  stm32f1xx_hal_tim.o(i.HAL_TIM_Base_Init)
    HAL_TIM_Base_MspInit                     0x08003fa1   Thumb Code   204  stm32f1xx_hal_msp.o(i.HAL_TIM_Base_MspInit)
    HAL_TIM_Base_Start_IT                    0x0800407d   Thumb Code   122  stm32f1xx_hal_tim.o(i.HAL_TIM_Base_Start_IT)
    HAL_TIM_ConfigClockSource                0x0800410d   Thumb Code   264  stm32f1xx_hal_tim.o(i.HAL_TIM_ConfigClockSource)
    HAL_TIM_IC_CaptureCallback               0x08004215   Thumb Code     2  stm32f1xx_hal_tim.o(i.HAL_TIM_IC_CaptureCallback)
    HAL_TIM_IRQHandler                       0x08004217   Thumb Code   406  stm32f1xx_hal_tim.o(i.HAL_TIM_IRQHandler)
    HAL_TIM_MspPostInit                      0x080043ad   Thumb Code    76  stm32f1xx_hal_msp.o(i.HAL_TIM_MspPostInit)
    HAL_TIM_OC_DelayElapsedCallback          0x08004405   Thumb Code     2  stm32f1xx_hal_tim.o(i.HAL_TIM_OC_DelayElapsedCallback)
    HAL_TIM_PWM_ConfigChannel                0x08004407   Thumb Code   252  stm32f1xx_hal_tim.o(i.HAL_TIM_PWM_ConfigChannel)
    HAL_TIM_PWM_Init                         0x08004503   Thumb Code   102  stm32f1xx_hal_tim.o(i.HAL_TIM_PWM_Init)
    HAL_TIM_PWM_MspInit                      0x08004569   Thumb Code     2  stm32f1xx_hal_tim.o(i.HAL_TIM_PWM_MspInit)
    HAL_TIM_PWM_PulseFinishedCallback        0x0800456b   Thumb Code     2  stm32f1xx_hal_tim.o(i.HAL_TIM_PWM_PulseFinishedCallback)
    HAL_TIM_PWM_Start                        0x0800456d   Thumb Code   222  stm32f1xx_hal_tim.o(i.HAL_TIM_PWM_Start)
    HAL_TIM_PeriodElapsedCallback            0x08004661   Thumb Code    96  fifo.o(i.HAL_TIM_PeriodElapsedCallback)
    HAL_TIM_TriggerCallback                  0x080046d9   Thumb Code     2  stm32f1xx_hal_tim.o(i.HAL_TIM_TriggerCallback)
    HAL_UART_ErrorCallback                   0x080046db   Thumb Code     2  stm32f1xx_hal_uart.o(i.HAL_UART_ErrorCallback)
    HAL_UART_IRQHandler                      0x080046dd   Thumb Code   334  stm32f1xx_hal_uart.o(i.HAL_UART_IRQHandler)
    HAL_UART_Init                            0x08004831   Thumb Code   114  stm32f1xx_hal_uart.o(i.HAL_UART_Init)
    HAL_UART_MspInit                         0x080048a5   Thumb Code   258  stm32f1xx_hal_msp.o(i.HAL_UART_MspInit)
    HAL_UART_Receive_IT                      0x080049bd   Thumb Code   112  stm32f1xx_hal_uart.o(i.HAL_UART_Receive_IT)
    HAL_UART_RxCpltCallback                  0x08004a2d   Thumb Code    78  yeecom.o(i.HAL_UART_RxCpltCallback)
    HAL_UART_Transmit                        0x08004a8d   Thumb Code   210  stm32f1xx_hal_uart.o(i.HAL_UART_Transmit)
    HAL_UART_Transmit_IT                     0x08004b5f   Thumb Code    88  stm32f1xx_hal_uart.o(i.HAL_UART_Transmit_IT)
    HAL_UART_TxCpltCallback                  0x08004bb7   Thumb Code     2  stm32f1xx_hal_uart.o(i.HAL_UART_TxCpltCallback)
    HardFault_Handler                        0x08004bb9   Thumb Code     4  stm32f1xx_it.o(i.HardFault_Handler)
    MemManage_Handler                        0x08005235   Thumb Code     4  stm32f1xx_it.o(i.MemManage_Handler)
    NMI_Handler                              0x08005239   Thumb Code     2  stm32f1xx_it.o(i.NMI_Handler)
    PendSV_Handler                           0x0800523b   Thumb Code     2  stm32f1xx_it.o(i.PendSV_Handler)
    ReadFlashNWord                           0x0800541d   Thumb Code    32  flash.o(i.ReadFlashNWord)
    ReadStringFromFlash                      0x08005441   Thumb Code    36  main.o(i.ReadStringFromFlash)
    SVC_Handler                              0x08005465   Thumb Code     2  stm32f1xx_it.o(i.SVC_Handler)
    SendAtCommand                            0x08005469   Thumb Code   110  yeecom.o(i.SendAtCommand)
    SendCharToDtu                            0x080054e5   Thumb Code    28  yeecom.o(i.SendCharToDtu)
    SendMessageToAliIOT                      0x08005505   Thumb Code    86  yeecom.o(i.SendMessageToAliIOT)
    StartNTC                                 0x0800555d   Thumb Code    42  ntc.o(i.StartNTC)
    SysTick_Handler                          0x08005591   Thumb Code     8  stm32f1xx_it.o(i.SysTick_Handler)
    SystemClock_Config                       0x08005599   Thumb Code   142  main.o(i.SystemClock_Config)
    SystemInit                               0x08005627   Thumb Code     2  system_stm32f1xx.o(i.SystemInit)
    TIM2_IRQHandler                          0x08005629   Thumb Code    10  stm32f1xx_it.o(i.TIM2_IRQHandler)
    TIM6_IRQHandler                          0x08005639   Thumb Code    14  stm32f1xx_it.o(i.TIM6_IRQHandler)
    TIM6_ISR                                 0x0800564d   Thumb Code    12  main.o(i.TIM6_ISR)
    TIM7_IRQHandler                          0x0800565d   Thumb Code    14  stm32f1xx_it.o(i.TIM7_IRQHandler)
    TIM7_ISR                                 0x08005671   Thumb Code    32  main.o(i.TIM7_ISR)
    TIM_Base_SetConfig                       0x0800569d   Thumb Code   134  stm32f1xx_hal_tim.o(i.TIM_Base_SetConfig)
    TIM_CCxChannelCmd                        0x08005739   Thumb Code    34  stm32f1xx_hal_tim.o(i.TIM_CCxChannelCmd)
    TIM_ETR_SetConfig                        0x0800575b   Thumb Code    22  stm32f1xx_hal_tim.o(i.TIM_ETR_SetConfig)
    TIM_OC2_SetConfig                        0x080057f5   Thumb Code   114  stm32f1xx_hal_tim.o(i.TIM_OC2_SetConfig)
    TryToReceiveMessage                      0x0800598d   Thumb Code    92  main.o(i.TryToReceiveMessage)
    UART_ISR                                 0x08005a61   Thumb Code  2338  main.o(i.UART_ISR)
    USART1_IRQHandler                        0x08006611   Thumb Code    10  stm32f1xx_it.o(i.USART1_IRQHandler)
    USART3_IRQHandler                        0x08006621   Thumb Code    14  stm32f1xx_it.o(i.USART3_IRQHandler)
    UpdateStateByCommand                     0x08006635   Thumb Code   604  main.o(i.UpdateStateByCommand)
    UsageFault_Handler                       0x080068f9   Thumb Code     4  stm32f1xx_it.o(i.UsageFault_Handler)
    WriteFlashNWord                          0x080068fd   Thumb Code    84  flash.o(i.WriteFlashNWord)
    __0sprintf                               0x08006955   Thumb Code    34  printfa.o(i.__0sprintf)
    __1sprintf                               0x08006955   Thumb Code     0  printfa.o(i.__0sprintf)
    __2sprintf                               0x08006955   Thumb Code     0  printfa.o(i.__0sprintf)
    __c89sprintf                             0x08006955   Thumb Code     0  printfa.o(i.__0sprintf)
    sprintf                                  0x08006955   Thumb Code     0  printfa.o(i.__0sprintf)
    free                                     0x080069b5   Thumb Code    88  mallocr.o(i.__free$realloc)
    malloc                                   0x08006a11   Thumb Code    64  mallocr.o(i.__malloc$realloc)
    __scatterload_copy                       0x08006a61   Thumb Code    14  handlers.o(i.__scatterload_copy)
    __scatterload_null                       0x08006a6f   Thumb Code     2  handlers.o(i.__scatterload_null)
    __scatterload_zeroinit                   0x08006a71   Thumb Code    14  handlers.o(i.__scatterload_zeroinit)
    _is_digit                                0x08006c05   Thumb Code    14  scanf_fp.o(i._is_digit)
    cJSON_AddItemToObject                    0x08007445   Thumb Code    26  cjson.o(i.cJSON_AddItemToObject)
    cJSON_CreateObject                       0x08007465   Thumb Code    20  cjson.o(i.cJSON_CreateObject)
    cJSON_CreateStringReference              0x0800747d   Thumb Code    32  cjson.o(i.cJSON_CreateStringReference)
    cJSON_Delete                             0x080074a1   Thumb Code    84  cjson.o(i.cJSON_Delete)
    cJSON_GetObjectItem                      0x080074f9   Thumb Code    18  cjson.o(i.cJSON_GetObjectItem)
    cJSON_Parse                              0x08007525   Thumb Code    16  cjson.o(i.cJSON_Parse)
    cJSON_ParseWithLengthOpts                0x08007535   Thumb Code   204  cjson.o(i.cJSON_ParseWithLengthOpts)
    cJSON_ParseWithOpts                      0x08007609   Thumb Code    40  cjson.o(i.cJSON_ParseWithOpts)
    cJSON_PrintUnformatted                   0x08007631   Thumb Code    16  cjson.o(i.cJSON_PrintUnformatted)
    checkConnection                          0x080076c9   Thumb Code   118  yeecom.o(i.checkConnection)
    checkDtuStatu                            0x08007761   Thumb Code   130  yeecom.o(i.checkDtuStatu)
    initDtu                                  0x08007989   Thumb Code   178  yeecom.o(i.initDtu)
    init_Json_Buffer                         0x08007b4d   Thumb Code    28  fifo.o(i.init_Json_Buffer)
    loadAliyunMessageFromFlash               0x08007bc9   Thumb Code    84  main.o(i.loadAliyunMessageFromFlash)
    main                                     0x08007c2d   Thumb Code  2424  main.o(i.main)
    realloc                                  0x080092e5   Thumb Code   102  mallocr.o(i.realloc)
    strtod                                   0x0800938d   Thumb Code    28  strtod.o(i.strtod)
    usart1_Process                           0x080093d5   Thumb Code   430  fifo.o(i.usart1_Process)
    AHBPrescTable                            0x080096c8   Data          16  system_stm32f1xx.o(.constdata)
    APBPrescTable                            0x080096d8   Data           8  system_stm32f1xx.o(.constdata)
    NTC_103_INTERGER                         0x080096e0   Data         644  ntc.o(.constdata)
    NTC_103_FRACTION                         0x08009964   Data         640  ntc.o(.constdata)
    __ctype_categories                       0x08009be4   Data          64  ctype_c.o(.constdata)
    Region$$Table$$Base                      0x08009d5c   Number         0  anon$$obj.o(Region$$Table)
    Region$$Table$$Limit                     0x08009d7c   Number         0  anon$$obj.o(Region$$Table)
    Start                                    0x20000000   Data           2  main.o(.data)
    Mstate                                   0x20000002   Data           2  main.o(.data)
    DAC1_val                                 0x20000004   Data           2  main.o(.data)
    DAC2_val                                 0x20000006   Data           2  main.o(.data)
    IO1_val                                  0x20000008   Data           2  main.o(.data)
    IO2_val                                  0x2000000a   Data           2  main.o(.data)
    IO3_val                                  0x2000000c   Data           2  main.o(.data)
    IO4_val                                  0x2000000e   Data           2  main.o(.data)
    cnt10ms                                  0x20000010   Data           2  main.o(.data)
    cnt1s                                    0x20000012   Data           2  main.o(.data)
    AdjTimer1s                               0x20000014   Data           4  main.o(.data)
    WorkTimer1s                              0x20000018   Data           4  main.o(.data)
    Mode_Auto                                0x2000001c   Data           2  main.o(.data)
    NTCTemperature                           0x2000001e   Data           2  main.o(.data)
    iTemp                                    0x20000020   Data           4  main.o(.data)
    iHumi                                    0x20000024   Data           4  main.o(.data)
    uartFIFO                                 0x20000028   Data           4  main.o(.data)
    aRx_uart                                 0x2000002c   Data           1  main.o(.data)
    Rx_uart                                  0x2000002d   Data           1  main.o(.data)
    Rx_state                                 0x2000002e   Data           1  main.o(.data)
    RxFirst                                  0x2000002f   Data           1  main.o(.data)
    RxSecond                                 0x20000030   Data           1  main.o(.data)
    RxThird                                  0x20000031   Data           1  main.o(.data)
    uart3cnt                                 0x20000032   Data           1  main.o(.data)
    uart3_Rxcnt                              0x20000033   Data           1  main.o(.data)
    productKey                               0x20000034   Data           4  main.o(.data)
    deviceName                               0x20000038   Data           4  main.o(.data)
    deviceSecret                             0x2000003c   Data           4  main.o(.data)
    uwTick                                   0x20000040   Data           4  stm32f1xx_hal.o(.data)
    uwTickPrio                               0x20000044   Data           4  stm32f1xx_hal.o(.data)
    uwTickFreq                               0x20000048   Data           1  stm32f1xx_hal.o(.data)
    SystemCoreClock                          0x2000004c   Data           4  system_stm32f1xx.o(.data)
    numOfUnpairedBrace                       0x20000064   Data           1  fifo.o(.data)
    JsonBufferPtr                            0x20000066   Data           2  fifo.o(.data)
    continueRead                             0x20000068   Data           1  fifo.o(.data)
    time2_cnt                                0x2000006a   Data           2  fifo.o(.data)
    RetryTime                                0x2000006c   Data           2  fifo.o(.data)
    send_time_counter                        0x20000070   Data           4  fifo.o(.data)
    readyToSend                              0x20000074   Data           1  fifo.o(.data)
    uploadId                                 0x20000075   Data          10  yeecom.o(.data)
    propertyPostTopic                        0x2000007f   Data          26  yeecom.o(.data)
    AlinkVersion                             0x20000099   Data           4  yeecom.o(.data)
    aRx_uart_DTU                             0x2000009d   Data           1  yeecom.o(.data)
    __microlib_freelist                      0x200000a4   Data           4  mvars.o(.data)
    __microlib_freelist_initialised          0x200000a8   Data           4  mvars.o(.data)
    hadc1                                    0x200000ac   Data          48  main.o(.bss)
    hdma_adc1                                0x200000dc   Data          68  main.o(.bss)
    hdac                                     0x20000120   Data          20  main.o(.bss)
    hrtc                                     0x20000134   Data          20  main.o(.bss)
    hspi2                                    0x20000148   Data          88  main.o(.bss)
    htim2                                    0x200001a0   Data          72  main.o(.bss)
    htim6                                    0x200001e8   Data          72  main.o(.bss)
    htim7                                    0x20000230   Data          72  main.o(.bss)
    htim8                                    0x20000278   Data          72  main.o(.bss)
    huart1                                   0x200002c0   Data          64  main.o(.bss)
    huart3                                   0x20000300   Data          64  main.o(.bss)
    adc1_val_buf                             0x20000340   Data         320  main.o(.bss)
    adc1_aver_val                            0x20000480   Data          40  main.o(.bss)
    Sys                                      0x200004a8   Data          48  main.o(.bss)
    TxBuffer                                 0x200004d8   Data          10  main.o(.bss)
    receive_command                          0x200004e2   Data         300  main.o(.bss)
    productKeyInFlash                        0x2000060e   Data          64  main.o(.bss)
    deviceNameInFlash                        0x2000064e   Data          64  main.o(.bss)
    deviceSecretInFlash                      0x2000068e   Data          64  main.o(.bss)
    pFlash                                   0x200006d0   Data          32  stm32f1xx_hal_flash.o(.bss)
    ReceivedJsonBuffer                       0x200006f0   Data         300  fifo.o(.bss)
    PdataBuffer                              0x2000081c   Data         300  yeecom.o(.bss)
    __heap_base                              0x20000948   Data           0  startup_stm32f103xe.o(HEAP)
    __heap_limit                             0x20001148   Data           0  startup_stm32f103xe.o(HEAP)
    __initial_sp                             0x20001948   Data           0  startup_stm32f103xe.o(STACK)



==============================================================================

Memory Map of the image

  Image Entry point : 0x08000131

  Load Region LR_IROM1 (Base: 0x08000000, Size: 0x00009e28, Max: 0x00040000, ABSOLUTE)

    Execution Region ER_IROM1 (Exec base: 0x08000000, Load base: 0x08000000, Size: 0x00009d7c, Max: 0x00040000, ABSOLUTE)

    Exec Addr    Load Addr    Size         Type   Attr      Idx    E Section Name        Object

    0x08000000   0x08000000   0x00000130   Data   RO            3    RESET               startup_stm32f103xe.o
    0x08000130   0x08000130   0x00000000   Code   RO         5228  * .ARM.Collect$$$$00000000  mc_w.l(entry.o)
    0x08000130   0x08000130   0x00000004   Code   RO         5586    .ARM.Collect$$$$00000001  mc_w.l(entry2.o)
    0x08000134   0x08000134   0x00000004   Code   RO         5589    .ARM.Collect$$$$00000004  mc_w.l(entry5.o)
    0x08000138   0x08000138   0x00000000   Code   RO         5591    .ARM.Collect$$$$00000008  mc_w.l(entry7b.o)
    0x08000138   0x08000138   0x00000000   Code   RO         5593    .ARM.Collect$$$$0000000A  mc_w.l(entry8b.o)
    0x08000138   0x08000138   0x00000008   Code   RO         5594    .ARM.Collect$$$$0000000B  mc_w.l(entry9a.o)
    0x08000140   0x08000140   0x00000000   Code   RO         5596    .ARM.Collect$$$$0000000D  mc_w.l(entry10a.o)
    0x08000140   0x08000140   0x00000000   Code   RO         5598    .ARM.Collect$$$$0000000F  mc_w.l(entry11a.o)
    0x08000140   0x08000140   0x00000004   Code   RO         5587    .ARM.Collect$$$$00002712  mc_w.l(entry2.o)
    0x08000144   0x08000144   0x00000024   Code   RO            4    .text               startup_stm32f103xe.o
    0x08000168   0x08000168   0x00000020   Code   RO         5231    .text               mc_w.l(llushr.o)
    0x08000188   0x08000188   0x0000000c   Code   RO         5233    .text               mc_w.l(tolower.o)
    0x08000194   0x08000194   0x00000024   Code   RO         5235    .text               mc_w.l(memcpya.o)
    0x080001b8   0x080001b8   0x00000024   Code   RO         5237    .text               mc_w.l(memseta.o)
    0x080001dc   0x080001dc   0x0000000e   Code   RO         5239    .text               mc_w.l(strlen.o)
    0x080001ea   0x080001ea   0x0000001c   Code   RO         5241    .text               mc_w.l(strcmp.o)
    0x08000206   0x08000206   0x00000012   Code   RO         5243    .text               mc_w.l(strcpy.o)
    0x08000218   0x08000218   0x0000001e   Code   RO         5245    .text               mc_w.l(strncmp.o)
    0x08000236   0x08000236   0x00000002   PAD
    0x08000238   0x08000238   0x00000044   Code   RO         5247    .text               mc_w.l(strtok.o)
    0x0800027c   0x0800027c   0x00000038   Code   RO         5544    .text               mc_w.l(__0sscanf.o)
    0x080002b4   0x080002b4   0x0000014c   Code   RO         5546    .text               mc_w.l(_scanf_int.o)
    0x08000400   0x08000400   0x00000360   Code   RO         5548    .text               mc_w.l(scanf_fp.o)
    0x08000760   0x08000760   0x00000064   Code   RO         5554    .text               mf_w.l(fmul.o)
    0x080007c4   0x080007c4   0x0000014e   Code   RO         5558    .text               mf_w.l(dadd.o)
    0x08000912   0x08000912   0x000000e4   Code   RO         5560    .text               mf_w.l(dmul.o)
    0x080009f6   0x080009f6   0x000000de   Code   RO         5562    .text               mf_w.l(ddiv.o)
    0x08000ad4   0x08000ad4   0x0000000a   Code   RO         5566    .text               mf_w.l(ffltui.o)
    0x08000ade   0x08000ade   0x00000022   Code   RO         5568    .text               mf_w.l(dflti.o)
    0x08000b00   0x08000b00   0x0000001a   Code   RO         5570    .text               mf_w.l(dfltui.o)
    0x08000b1a   0x08000b1a   0x00000032   Code   RO         5572    .text               mf_w.l(ffixi.o)
    0x08000b4c   0x08000b4c   0x0000003e   Code   RO         5574    .text               mf_w.l(dfixi.o)
    0x08000b8a   0x08000b8a   0x00000032   Code   RO         5576    .text               mf_w.l(dfixui.o)
    0x08000bbc   0x08000bbc   0x00000026   Code   RO         5578    .text               mf_w.l(f2d.o)
    0x08000be2   0x08000be2   0x00000002   PAD
    0x08000be4   0x08000be4   0x00000030   Code   RO         5580    .text               mf_w.l(cdcmple.o)
    0x08000c14   0x08000c14   0x00000030   Code   RO         5582    .text               mf_w.l(cdrcmple.o)
    0x08000c44   0x08000c44   0x00000038   Code   RO         5584    .text               mf_w.l(d2f.o)
    0x08000c7c   0x08000c7c   0x0000002c   Code   RO         5601    .text               mc_w.l(uidiv.o)
    0x08000ca8   0x08000ca8   0x00000062   Code   RO         5603    .text               mc_w.l(uldiv.o)
    0x08000d0a   0x08000d0a   0x0000001e   Code   RO         5605    .text               mc_w.l(llshl.o)
    0x08000d28   0x08000d28   0x00000024   Code   RO         5607    .text               mc_w.l(llsshr.o)
    0x08000d4c   0x08000d4c   0x0000001c   Code   RO         5611    .text               mc_w.l(_chval.o)
    0x08000d68   0x08000d68   0x00000028   Code   RO         5613    .text               mc_w.l(scanf_char.o)
    0x08000d90   0x08000d90   0x00000040   Code   RO         5615    .text               mc_w.l(_sgetc.o)
    0x08000dd0   0x08000dd0   0x0000009c   Code   RO         5617    .text               mc_w.l(strtod.o)
    0x08000e6c   0x08000e6c   0x00000000   Code   RO         5619    .text               mc_w.l(iusefp.o)
    0x08000e6c   0x08000e6c   0x0000006e   Code   RO         5620    .text               mf_w.l(fepilogue.o)
    0x08000eda   0x08000eda   0x000000ba   Code   RO         5622    .text               mf_w.l(depilogue.o)
    0x08000f94   0x08000f94   0x00000018   Code   RO         5624    .text               mf_w.l(dfltul.o)
    0x08000fac   0x08000fac   0x00000030   Code   RO         5626    .text               mf_w.l(dfixul.o)
    0x08000fdc   0x08000fdc   0x00000024   Code   RO         5628    .text               mc_w.l(init.o)
    0x08001000   0x08001000   0x0000000a   Code   RO         5630    .text               mc_w.l(isspace_c.o)
    0x0800100a   0x0800100a   0x00000002   PAD
    0x0800100c   0x0800100c   0x0000032c   Code   RO         5632    .text               mc_w.l(_scanf.o)
    0x08001338   0x08001338   0x00000028   Code   RO         5634    .text               mc_w.l(ctype_c.o)
    0x08001360   0x08001360   0x00000052   Code   RO          570    i.ADC_ConversionStop_Disable  stm32f1xx_hal_adc.o
    0x080013b2   0x080013b2   0x00000052   Code   RO          571    i.ADC_DMAConvCplt   stm32f1xx_hal_adc.o
    0x08001404   0x08001404   0x0000001e   Code   RO          572    i.ADC_DMAError      stm32f1xx_hal_adc.o
    0x08001422   0x08001422   0x0000000e   Code   RO          573    i.ADC_DMAHalfConvCplt  stm32f1xx_hal_adc.o
    0x08001430   0x08001430   0x00000084   Code   RO          574    i.ADC_Enable        stm32f1xx_hal_adc.o
    0x080014b4   0x080014b4   0x00000004   Code   RO          319    i.BusFault_Handler  stm32f1xx_it.o
    0x080014b8   0x080014b8   0x000000c0   Code   RO         4154    i.ConverseToTemperature  ntc.o
    0x08001578   0x08001578   0x00000010   Code   RO          320    i.DMA1_Channel1_IRQHandler  stm32f1xx_it.o
    0x08001588   0x08001588   0x0000002c   Code   RO         1229    i.DMA_SetConfig     stm32f1xx_hal_dma.o
    0x080015b4   0x080015b4   0x00000002   Code   RO          321    i.DebugMon_Handler  stm32f1xx_it.o
    0x080015b6   0x080015b6   0x00000002   Code   RO           13    i.Error_Handler     main.o
    0x080015b8   0x080015b8   0x00000074   Code   RO         5133    i.EstablishMqttConnection  yeecom.o
    0x0800162c   0x0800162c   0x00000016   Code   RO         5056    i.FIFO_Clear        fifo.o
    0x08001642   0x08001642   0x0000005c   Code   RO         5057    i.FIFO_Init         fifo.o
    0x0800169e   0x0800169e   0x00000040   Code   RO         5058    i.FIFO_Read         fifo.o
    0x080016de   0x080016de   0x0000004a   Code   RO         5059    i.FIFO_ReadN        fifo.o
    0x08001728   0x08001728   0x00000038   Code   RO         5061    i.FIFO_Status       fifo.o
    0x08001760   0x08001760   0x00000028   Code   RO         1674    i.FLASH_MassErase   stm32f1xx_hal_flash_ex.o
    0x08001788   0x08001788   0x00000028   Code   RO         1683    i.FLASH_PageErase   stm32f1xx_hal_flash_ex.o
    0x080017b0   0x080017b0   0x00000020   Code   RO         1571    i.FLASH_Program_HalfWord  stm32f1xx_hal_flash.o
    0x080017d0   0x080017d0   0x00000084   Code   RO         1572    i.FLASH_SetErrorCode  stm32f1xx_hal_flash.o
    0x08001854   0x08001854   0x00000070   Code   RO         1573    i.FLASH_WaitForLastOperation  stm32f1xx_hal_flash.o
    0x080018c4   0x080018c4   0x000000dc   Code   RO         5134    i.FormJson          yeecom.o
    0x080019a0   0x080019a0   0x00000048   Code   RO         5135    i.FormUploadData    yeecom.o
    0x080019e8   0x080019e8   0x00000104   Code   RO          750    i.HAL_ADCEx_Calibration_Start  stm32f1xx_hal_adc_ex.o
    0x08001aec   0x08001aec   0x00000160   Code   RO          576    i.HAL_ADC_ConfigChannel  stm32f1xx_hal_adc.o
    0x08001c4c   0x08001c4c   0x00000002   Code   RO          577    i.HAL_ADC_ConvCpltCallback  stm32f1xx_hal_adc.o
    0x08001c4e   0x08001c4e   0x00000002   Code   RO          578    i.HAL_ADC_ConvHalfCpltCallback  stm32f1xx_hal_adc.o
    0x08001c50   0x08001c50   0x00000002   Code   RO          580    i.HAL_ADC_ErrorCallback  stm32f1xx_hal_adc.o
    0x08001c52   0x08001c52   0x00000002   PAD
    0x08001c54   0x08001c54   0x00000160   Code   RO          585    i.HAL_ADC_Init      stm32f1xx_hal_adc.o
    0x08001db4   0x08001db4   0x000000dc   Code   RO          432    i.HAL_ADC_MspInit   stm32f1xx_hal_msp.o
    0x08001e90   0x08001e90   0x00000130   Code   RO          591    i.HAL_ADC_Start     stm32f1xx_hal_adc.o
    0x08001fc0   0x08001fc0   0x00000180   Code   RO          592    i.HAL_ADC_Start_DMA  stm32f1xx_hal_adc.o
    0x08002140   0x08002140   0x00000074   Code   RO         1855    i.HAL_DAC_ConfigChannel  stm32f1xx_hal_dac.o
    0x080021b4   0x080021b4   0x00000028   Code   RO         1865    i.HAL_DAC_Init      stm32f1xx_hal_dac.o
    0x080021dc   0x080021dc   0x00000070   Code   RO          434    i.HAL_DAC_MspInit   stm32f1xx_hal_msp.o
    0x0800224c   0x0800224c   0x0000002c   Code   RO         1868    i.HAL_DAC_SetValue  stm32f1xx_hal_dac.o
    0x08002278   0x08002278   0x00000078   Code   RO         1869    i.HAL_DAC_Start     stm32f1xx_hal_dac.o
    0x080022f0   0x080022f0   0x000001a8   Code   RO         1231    i.HAL_DMA_Abort_IT  stm32f1xx_hal_dma.o
    0x08002498   0x08002498   0x00000398   Code   RO         1235    i.HAL_DMA_IRQHandler  stm32f1xx_hal_dma.o
    0x08002830   0x08002830   0x0000008c   Code   RO         1236    i.HAL_DMA_Init      stm32f1xx_hal_dma.o
    0x080028bc   0x080028bc   0x0000009c   Code   RO         1240    i.HAL_DMA_Start_IT  stm32f1xx_hal_dma.o
    0x08002958   0x08002958   0x00000028   Code   RO          853    i.HAL_Delay         stm32f1xx_hal.o
    0x08002980   0x08002980   0x000000b0   Code   RO         1684    i.HAL_FLASHEx_Erase  stm32f1xx_hal_flash_ex.o
    0x08002a30   0x08002a30   0x00000014   Code   RO         1577    i.HAL_FLASH_Lock    stm32f1xx_hal_flash.o
    0x08002a44   0x08002a44   0x000000b0   Code   RO         1582    i.HAL_FLASH_Program  stm32f1xx_hal_flash.o
    0x08002af4   0x08002af4   0x00000030   Code   RO         1584    i.HAL_FLASH_Unlock  stm32f1xx_hal_flash.o
    0x08002b24   0x08002b24   0x00000340   Code   RO         1166    i.HAL_GPIO_Init     stm32f1xx_hal_gpio.o
    0x08002e64   0x08002e64   0x00000010   Code   RO         1168    i.HAL_GPIO_ReadPin  stm32f1xx_hal_gpio.o
    0x08002e74   0x08002e74   0x00000014   Code   RO         1169    i.HAL_GPIO_TogglePin  stm32f1xx_hal_gpio.o
    0x08002e88   0x08002e88   0x0000000c   Code   RO         1170    i.HAL_GPIO_WritePin  stm32f1xx_hal_gpio.o
    0x08002e94   0x08002e94   0x0000000c   Code   RO          857    i.HAL_GetTick       stm32f1xx_hal.o
    0x08002ea0   0x08002ea0   0x00000018   Code   RO          863    i.HAL_IncTick       stm32f1xx_hal.o
    0x08002eb8   0x08002eb8   0x00000028   Code   RO          864    i.HAL_Init          stm32f1xx_hal.o
    0x08002ee0   0x08002ee0   0x0000004c   Code   RO          865    i.HAL_InitTick      stm32f1xx_hal.o
    0x08002f2c   0x08002f2c   0x00000054   Code   RO          435    i.HAL_MspInit       stm32f1xx_hal_msp.o
    0x08002f80   0x08002f80   0x00000020   Code   RO         1326    i.HAL_NVIC_EnableIRQ  stm32f1xx_hal_cortex.o
    0x08002fa0   0x08002fa0   0x0000007c   Code   RO         1332    i.HAL_NVIC_SetPriority  stm32f1xx_hal_cortex.o
    0x0800301c   0x0800301c   0x00000028   Code   RO         1333    i.HAL_NVIC_SetPriorityGrouping  stm32f1xx_hal_cortex.o
    0x08003044   0x08003044   0x0000000c   Code   RO         1453    i.HAL_PWR_EnableBkUpAccess  stm32f1xx_hal_pwr.o
    0x08003050   0x08003050   0x00000134   Code   RO         1128    i.HAL_RCCEx_GetPeriphCLKFreq  stm32f1xx_hal_rcc_ex.o
    0x08003184   0x08003184   0x00000130   Code   RO         1129    i.HAL_RCCEx_PeriphCLKConfig  stm32f1xx_hal_rcc_ex.o
    0x080032b4   0x080032b4   0x0000018c   Code   RO         1021    i.HAL_RCC_ClockConfig  stm32f1xx_hal_rcc.o
    0x08003440   0x08003440   0x0000000c   Code   RO         1026    i.HAL_RCC_GetHCLKFreq  stm32f1xx_hal_rcc.o
    0x0800344c   0x0800344c   0x00000020   Code   RO         1028    i.HAL_RCC_GetPCLK1Freq  stm32f1xx_hal_rcc.o
    0x0800346c   0x0800346c   0x00000020   Code   RO         1029    i.HAL_RCC_GetPCLK2Freq  stm32f1xx_hal_rcc.o
    0x0800348c   0x0800348c   0x00000094   Code   RO         1030    i.HAL_RCC_GetSysClockFreq  stm32f1xx_hal_rcc.o
    0x08003520   0x08003520   0x00000464   Code   RO         1033    i.HAL_RCC_OscConfig  stm32f1xx_hal_rcc.o
    0x08003984   0x08003984   0x000000d0   Code   RO         2088    i.HAL_RTC_Init      stm32f1xx_hal_rtc.o
    0x08003a54   0x08003a54   0x00000040   Code   RO          437    i.HAL_RTC_MspInit   stm32f1xx_hal_msp.o
    0x08003a94   0x08003a94   0x000000f8   Code   RO         2094    i.HAL_RTC_SetDate   stm32f1xx_hal_rtc.o
    0x08003b8c   0x08003b8c   0x000000dc   Code   RO         2095    i.HAL_RTC_SetTime   stm32f1xx_hal_rtc.o
    0x08003c68   0x08003c68   0x00000040   Code   RO         2096    i.HAL_RTC_WaitForSynchro  stm32f1xx_hal_rtc.o
    0x08003ca8   0x08003ca8   0x000000be   Code   RO         2368    i.HAL_SPI_Init      stm32f1xx_hal_spi.o
    0x08003d66   0x08003d66   0x00000002   PAD
    0x08003d68   0x08003d68   0x00000088   Code   RO          439    i.HAL_SPI_MspInit   stm32f1xx_hal_msp.o
    0x08003df0   0x08003df0   0x00000034   Code   RO         1337    i.HAL_SYSTICK_Config  stm32f1xx_hal_cortex.o
    0x08003e24   0x08003e24   0x00000002   Code   RO         3396    i.HAL_TIMEx_BreakCallback  stm32f1xx_hal_tim_ex.o
    0x08003e26   0x08003e26   0x00000002   Code   RO         3397    i.HAL_TIMEx_CommutCallback  stm32f1xx_hal_tim_ex.o
    0x08003e28   0x08003e28   0x00000074   Code   RO         3399    i.HAL_TIMEx_ConfigBreakDeadTime  stm32f1xx_hal_tim_ex.o
    0x08003e9c   0x08003e9c   0x0000009c   Code   RO         3415    i.HAL_TIMEx_MasterConfigSynchronization  stm32f1xx_hal_tim_ex.o
    0x08003f38   0x08003f38   0x00000066   Code   RO         2681    i.HAL_TIM_Base_Init  stm32f1xx_hal_tim.o
    0x08003f9e   0x08003f9e   0x00000002   PAD
    0x08003fa0   0x08003fa0   0x000000dc   Code   RO          441    i.HAL_TIM_Base_MspInit  stm32f1xx_hal_msp.o
    0x0800407c   0x0800407c   0x00000090   Code   RO         2686    i.HAL_TIM_Base_Start_IT  stm32f1xx_hal_tim.o
    0x0800410c   0x0800410c   0x00000108   Code   RO         2690    i.HAL_TIM_ConfigClockSource  stm32f1xx_hal_tim.o
    0x08004214   0x08004214   0x00000002   Code   RO         2715    i.HAL_TIM_IC_CaptureCallback  stm32f1xx_hal_tim.o
    0x08004216   0x08004216   0x00000196   Code   RO         2729    i.HAL_TIM_IRQHandler  stm32f1xx_hal_tim.o
    0x080043ac   0x080043ac   0x00000058   Code   RO          442    i.HAL_TIM_MspPostInit  stm32f1xx_hal_msp.o
    0x08004404   0x08004404   0x00000002   Code   RO         2732    i.HAL_TIM_OC_DelayElapsedCallback  stm32f1xx_hal_tim.o
    0x08004406   0x08004406   0x000000fc   Code   RO         2753    i.HAL_TIM_PWM_ConfigChannel  stm32f1xx_hal_tim.o
    0x08004502   0x08004502   0x00000066   Code   RO         2756    i.HAL_TIM_PWM_Init  stm32f1xx_hal_tim.o
    0x08004568   0x08004568   0x00000002   Code   RO         2758    i.HAL_TIM_PWM_MspInit  stm32f1xx_hal_tim.o
    0x0800456a   0x0800456a   0x00000002   Code   RO         2759    i.HAL_TIM_PWM_PulseFinishedCallback  stm32f1xx_hal_tim.o
    0x0800456c   0x0800456c   0x000000f4   Code   RO         2761    i.HAL_TIM_PWM_Start  stm32f1xx_hal_tim.o
    0x08004660   0x08004660   0x00000078   Code   RO         5062    i.HAL_TIM_PeriodElapsedCallback  fifo.o
    0x080046d8   0x080046d8   0x00000002   Code   RO         2772    i.HAL_TIM_TriggerCallback  stm32f1xx_hal_tim.o
    0x080046da   0x080046da   0x00000002   Code   RO         3684    i.HAL_UART_ErrorCallback  stm32f1xx_hal_uart.o
    0x080046dc   0x080046dc   0x00000154   Code   RO         3687    i.HAL_UART_IRQHandler  stm32f1xx_hal_uart.o
    0x08004830   0x08004830   0x00000072   Code   RO         3688    i.HAL_UART_Init     stm32f1xx_hal_uart.o
    0x080048a2   0x080048a2   0x00000002   PAD
    0x080048a4   0x080048a4   0x00000118   Code   RO          444    i.HAL_UART_MspInit  stm32f1xx_hal_msp.o
    0x080049bc   0x080049bc   0x00000070   Code   RO         3693    i.HAL_UART_Receive_IT  stm32f1xx_hal_uart.o
    0x08004a2c   0x08004a2c   0x00000060   Code   RO         5136    i.HAL_UART_RxCpltCallback  yeecom.o
    0x08004a8c   0x08004a8c   0x000000d2   Code   RO         3696    i.HAL_UART_Transmit  stm32f1xx_hal_uart.o
    0x08004b5e   0x08004b5e   0x00000058   Code   RO         3698    i.HAL_UART_Transmit_IT  stm32f1xx_hal_uart.o
    0x08004bb6   0x08004bb6   0x00000002   Code   RO         3699    i.HAL_UART_TxCpltCallback  stm32f1xx_hal_uart.o
    0x08004bb8   0x08004bb8   0x00000004   Code   RO          322    i.HardFault_Handler  stm32f1xx_it.o
    0x08004bbc   0x08004bbc   0x00000124   Code   RO           14    i.MX_ADC1_Init      main.o
    0x08004ce0   0x08004ce0   0x0000004c   Code   RO           15    i.MX_DAC_Init       main.o
    0x08004d2c   0x08004d2c   0x00000034   Code   RO           16    i.MX_DMA_Init       main.o
    0x08004d60   0x08004d60   0x00000178   Code   RO           17    i.MX_GPIO_Init      main.o
    0x08004ed8   0x08004ed8   0x00000098   Code   RO           18    i.MX_RTC_Init       main.o
    0x08004f70   0x08004f70   0x00000044   Code   RO           19    i.MX_SPI2_Init      main.o
    0x08004fb4   0x08004fb4   0x00000070   Code   RO           20    i.MX_TIM2_Init      main.o
    0x08005024   0x08005024   0x0000004c   Code   RO           21    i.MX_TIM6_Init      main.o
    0x08005070   0x08005070   0x0000004c   Code   RO           22    i.MX_TIM7_Init      main.o
    0x080050bc   0x080050bc   0x00000108   Code   RO           23    i.MX_TIM8_Init      main.o
    0x080051c4   0x080051c4   0x00000038   Code   RO           24    i.MX_USART1_UART_Init  main.o
    0x080051fc   0x080051fc   0x00000038   Code   RO           25    i.MX_USART3_UART_Init  main.o
    0x08005234   0x08005234   0x00000004   Code   RO          323    i.MemManage_Handler  stm32f1xx_it.o
    0x08005238   0x08005238   0x00000002   Code   RO          324    i.NMI_Handler       stm32f1xx_it.o
    0x0800523a   0x0800523a   0x00000002   Code   RO          325    i.PendSV_Handler    stm32f1xx_it.o
    0x0800523c   0x0800523c   0x00000028   Code   RO         1034    i.RCC_Delay         stm32f1xx_hal_rcc.o
    0x08005264   0x08005264   0x00000016   Code   RO         2097    i.RTC_Bcd2ToByte    stm32f1xx_hal_rtc.o
    0x0800527a   0x0800527a   0x0000003a   Code   RO         2100    i.RTC_EnterInitMode  stm32f1xx_hal_rtc.o
    0x080052b4   0x080052b4   0x0000003a   Code   RO         2101    i.RTC_ExitInitMode  stm32f1xx_hal_rtc.o
    0x080052ee   0x080052ee   0x00000018   Code   RO         2103    i.RTC_ReadAlarmCounter  stm32f1xx_hal_rtc.o
    0x08005306   0x08005306   0x00000034   Code   RO         2104    i.RTC_ReadTimeCounter  stm32f1xx_hal_rtc.o
    0x0800533a   0x0800533a   0x00000084   Code   RO         2105    i.RTC_WeekDayNum    stm32f1xx_hal_rtc.o
    0x080053be   0x080053be   0x0000002e   Code   RO         2106    i.RTC_WriteAlarmCounter  stm32f1xx_hal_rtc.o
    0x080053ec   0x080053ec   0x0000002e   Code   RO         2107    i.RTC_WriteTimeCounter  stm32f1xx_hal_rtc.o
    0x0800541a   0x0800541a   0x00000002   PAD
    0x0800541c   0x0800541c   0x00000024   Code   RO         4339    i.ReadFlashNWord    flash.o
    0x08005440   0x08005440   0x00000024   Code   RO           26    i.ReadStringFromFlash  main.o
    0x08005464   0x08005464   0x00000002   Code   RO          326    i.SVC_Handler       stm32f1xx_it.o
    0x08005466   0x08005466   0x00000002   PAD
    0x08005468   0x08005468   0x0000007c   Code   RO         5137    i.SendAtCommand     yeecom.o
    0x080054e4   0x080054e4   0x00000020   Code   RO         5138    i.SendCharToDtu     yeecom.o
    0x08005504   0x08005504   0x00000056   Code   RO         5139    i.SendMessageToAliIOT  yeecom.o
    0x0800555a   0x0800555a   0x00000002   PAD
    0x0800555c   0x0800555c   0x00000034   Code   RO         4155    i.StartNTC          ntc.o
    0x08005590   0x08005590   0x00000008   Code   RO          327    i.SysTick_Handler   stm32f1xx_it.o
    0x08005598   0x08005598   0x0000008e   Code   RO           27    i.SystemClock_Config  main.o
    0x08005626   0x08005626   0x00000002   Code   RO         3995    i.SystemInit        system_stm32f1xx.o
    0x08005628   0x08005628   0x00000010   Code   RO          328    i.TIM2_IRQHandler   stm32f1xx_it.o
    0x08005638   0x08005638   0x00000014   Code   RO          329    i.TIM6_IRQHandler   stm32f1xx_it.o
    0x0800564c   0x0800564c   0x00000010   Code   RO           28    i.TIM6_ISR          main.o
    0x0800565c   0x0800565c   0x00000014   Code   RO          330    i.TIM7_IRQHandler   stm32f1xx_it.o
    0x08005670   0x08005670   0x0000002c   Code   RO           29    i.TIM7_ISR          main.o
    0x0800569c   0x0800569c   0x0000009c   Code   RO         2774    i.TIM_Base_SetConfig  stm32f1xx_hal_tim.o
    0x08005738   0x08005738   0x00000022   Code   RO         2775    i.TIM_CCxChannelCmd  stm32f1xx_hal_tim.o
    0x0800575a   0x0800575a   0x00000016   Code   RO         2785    i.TIM_ETR_SetConfig  stm32f1xx_hal_tim.o
    0x08005770   0x08005770   0x00000012   Code   RO         2786    i.TIM_ITRx_SetConfig  stm32f1xx_hal_tim.o
    0x08005782   0x08005782   0x00000002   PAD
    0x08005784   0x08005784   0x00000070   Code   RO         2787    i.TIM_OC1_SetConfig  stm32f1xx_hal_tim.o
    0x080057f4   0x080057f4   0x0000007c   Code   RO         2788    i.TIM_OC2_SetConfig  stm32f1xx_hal_tim.o
    0x08005870   0x08005870   0x00000078   Code   RO         2789    i.TIM_OC3_SetConfig  stm32f1xx_hal_tim.o
    0x080058e8   0x080058e8   0x00000054   Code   RO         2790    i.TIM_OC4_SetConfig  stm32f1xx_hal_tim.o
    0x0800593c   0x0800593c   0x00000026   Code   RO         2792    i.TIM_TI1_ConfigInputStage  stm32f1xx_hal_tim.o
    0x08005962   0x08005962   0x00000028   Code   RO         2794    i.TIM_TI2_ConfigInputStage  stm32f1xx_hal_tim.o
    0x0800598a   0x0800598a   0x00000002   PAD
    0x0800598c   0x0800598c   0x00000080   Code   RO           30    i.TryToReceiveMessage  main.o
    0x08005a0c   0x08005a0c   0x00000014   Code   RO         3701    i.UART_DMAAbortOnError  stm32f1xx_hal_uart.o
    0x08005a20   0x08005a20   0x00000020   Code   RO         3711    i.UART_EndRxTransfer  stm32f1xx_hal_uart.o
    0x08005a40   0x08005a40   0x00000020   Code   RO         3712    i.UART_EndTransmit_IT  stm32f1xx_hal_uart.o
    0x08005a60   0x08005a60   0x00000948   Code   RO           31    i.UART_ISR          main.o
    0x080063a8   0x080063a8   0x000000a0   Code   RO         3714    i.UART_Receive_IT   stm32f1xx_hal_uart.o
    0x08006448   0x08006448   0x000000fc   Code   RO         3715    i.UART_SetConfig    stm32f1xx_hal_uart.o
    0x08006544   0x08006544   0x00000060   Code   RO         3716    i.UART_Transmit_IT  stm32f1xx_hal_uart.o
    0x080065a4   0x080065a4   0x0000006c   Code   RO         3717    i.UART_WaitOnFlagUntilTimeout  stm32f1xx_hal_uart.o
    0x08006610   0x08006610   0x00000010   Code   RO          331    i.USART1_IRQHandler  stm32f1xx_it.o
    0x08006620   0x08006620   0x00000014   Code   RO          332    i.USART3_IRQHandler  stm32f1xx_it.o
    0x08006634   0x08006634   0x000002c4   Code   RO           32    i.UpdateStateByCommand  main.o
    0x080068f8   0x080068f8   0x00000004   Code   RO          333    i.UsageFault_Handler  stm32f1xx_it.o
    0x080068fc   0x080068fc   0x00000058   Code   RO         4341    i.WriteFlashNWord   flash.o
    0x08006954   0x08006954   0x00000028   Code   RO         5490    i.__0sprintf        mc_w.l(printfa.o)
    0x0800697c   0x0800697c   0x00000010   Code   RO         1339    i.__NVIC_GetPriorityGrouping  stm32f1xx_hal_cortex.o
    0x0800698c   0x0800698c   0x00000028   Code   RO         1340    i.__NVIC_SetPriority  stm32f1xx_hal_cortex.o
    0x080069b4   0x080069b4   0x0000005c   Code   RO         5520    i.__free$realloc    mc_w.l(mallocr.o)
    0x08006a10   0x08006a10   0x00000050   Code   RO         5521    i.__malloc$realloc  mc_w.l(mallocr.o)
    0x08006a60   0x08006a60   0x0000000e   Code   RO         5639    i.__scatterload_copy  mc_w.l(handlers.o)
    0x08006a6e   0x08006a6e   0x00000002   Code   RO         5640    i.__scatterload_null  mc_w.l(handlers.o)
    0x08006a70   0x08006a70   0x0000000e   Code   RO         5641    i.__scatterload_zeroinit  mc_w.l(handlers.o)
    0x08006a7e   0x08006a7e   0x00000002   PAD
    0x08006a80   0x08006a80   0x00000184   Code   RO         5495    i._fp_digits        mc_w.l(printfa.o)
    0x08006c04   0x08006c04   0x0000000e   Code   RO         5550    i._is_digit         mc_w.l(scanf_fp.o)
    0x08006c12   0x08006c12   0x00000002   PAD
    0x08006c14   0x08006c14   0x000006dc   Code   RO         5496    i._printf_core      mc_w.l(printfa.o)
    0x080072f0   0x080072f0   0x00000024   Code   RO         5497    i._printf_post_padding  mc_w.l(printfa.o)
    0x08007314   0x08007314   0x0000002e   Code   RO         5498    i._printf_pre_padding  mc_w.l(printfa.o)
    0x08007342   0x08007342   0x0000000a   Code   RO         5500    i._sputc            mc_w.l(printfa.o)
    0x0800734c   0x0800734c   0x00000036   Code   RO         4377    i.add_item_to_array  cjson.o
    0x08007382   0x08007382   0x0000007a   Code   RO         4378    i.add_item_to_object  cjson.o
    0x080073fc   0x080073fc   0x00000048   Code   RO         4379    i.buffer_skip_whitespace  cjson.o
    0x08007444   0x08007444   0x00000020   Code   RO         4386    i.cJSON_AddItemToObject  cjson.o
    0x08007464   0x08007464   0x00000018   Code   RO         4404    i.cJSON_CreateObject  cjson.o
    0x0800747c   0x0800747c   0x00000024   Code   RO         4409    i.cJSON_CreateStringReference  cjson.o
    0x080074a0   0x080074a0   0x00000058   Code   RO         4411    i.cJSON_Delete      cjson.o
    0x080074f8   0x080074f8   0x00000012   Code   RO         4424    i.cJSON_GetObjectItem  cjson.o
    0x0800750a   0x0800750a   0x0000001a   Code   RO         4441    i.cJSON_New_Item    cjson.o
    0x08007524   0x08007524   0x00000010   Code   RO         4442    i.cJSON_Parse       cjson.o
    0x08007534   0x08007534   0x000000d4   Code   RO         4444    i.cJSON_ParseWithLengthOpts  cjson.o
    0x08007608   0x08007608   0x00000028   Code   RO         4445    i.cJSON_ParseWithOpts  cjson.o
    0x08007630   0x08007630   0x00000014   Code   RO         4449    i.cJSON_PrintUnformatted  cjson.o
    0x08007644   0x08007644   0x00000038   Code   RO         4459    i.cJSON_strdup      cjson.o
    0x0800767c   0x0800767c   0x00000048   Code   RO         4460    i.case_insensitive_strcmp  cjson.o
    0x080076c4   0x080076c4   0x00000002   Code   RO         4461    i.cast_away_const   cjson.o
    0x080076c6   0x080076c6   0x00000002   PAD
    0x080076c8   0x080076c8   0x00000098   Code   RO         5141    i.checkConnection   yeecom.o
    0x08007760   0x08007760   0x000000a4   Code   RO         5142    i.checkDtuStatu     yeecom.o
    0x08007804   0x08007804   0x00000074   Code   RO         4462    i.compare_double    cjson.o
    0x08007878   0x08007878   0x000000ba   Code   RO         4464    i.ensure            cjson.o
    0x08007932   0x08007932   0x00000004   Code   RO         4466    i.get_decimal_point  cjson.o
    0x08007936   0x08007936   0x00000052   Code   RO         4467    i.get_object_item   cjson.o
    0x08007988   0x08007988   0x000001c4   Code   RO         5143    i.initDtu           yeecom.o
    0x08007b4c   0x08007b4c   0x0000002c   Code   RO         5063    i.init_Json_Buffer  fifo.o
    0x08007b78   0x08007b78   0x00000050   Code   RO         5522    i.internal_alloc    mc_w.l(mallocr.o)
    0x08007bc8   0x08007bc8   0x00000064   Code   RO           36    i.loadAliyunMessageFromFlash  main.o
    0x08007c2c   0x08007c2c   0x00000998   Code   RO           37    i.main              main.o
    0x080085c4   0x080085c4   0x000000f8   Code   RO         4469    i.parse_array       cjson.o
    0x080086bc   0x080086bc   0x0000005a   Code   RO         4470    i.parse_hex4        cjson.o
    0x08008716   0x08008716   0x00000002   PAD
    0x08008718   0x08008718   0x00000138   Code   RO         4471    i.parse_number      cjson.o
    0x08008850   0x08008850   0x0000013e   Code   RO         4472    i.parse_object      cjson.o
    0x0800898e   0x0800898e   0x0000018c   Code   RO         4473    i.parse_string      cjson.o
    0x08008b1a   0x08008b1a   0x00000002   PAD
    0x08008b1c   0x08008b1c   0x0000013c   Code   RO         4474    i.parse_value       cjson.o
    0x08008c58   0x08008c58   0x000000b2   Code   RO         4475    i.print             cjson.o
    0x08008d0a   0x08008d0a   0x000000b2   Code   RO         4476    i.print_array       cjson.o
    0x08008dbc   0x08008dbc   0x0000012c   Code   RO         4477    i.print_number      cjson.o
    0x08008ee8   0x08008ee8   0x00000174   Code   RO         4478    i.print_object      cjson.o
    0x0800905c   0x0800905c   0x00000010   Code   RO         4479    i.print_string      cjson.o
    0x0800906c   0x0800906c   0x00000174   Code   RO         4480    i.print_string_ptr  cjson.o
    0x080091e0   0x080091e0   0x00000104   Code   RO         4481    i.print_value       cjson.o
    0x080092e4   0x080092e4   0x0000006c   Code   RO         5523    i.realloc           mc_w.l(mallocr.o)
    0x08009350   0x08009350   0x0000003c   Code   RO         4485    i.skip_utf8_bom     cjson.o
    0x0800938c   0x0800938c   0x0000001c   Code   RO         5225    i.strtod            m_ws.l(strtod.o)
    0x080093a8   0x080093a8   0x00000006   Code   RO         4486    i.suffix_object     cjson.o
    0x080093ae   0x080093ae   0x00000024   Code   RO         4487    i.update_offset     cjson.o
    0x080093d2   0x080093d2   0x00000002   PAD
    0x080093d4   0x080093d4   0x000001c8   Code   RO         5064    i.usart1_Process    fifo.o
    0x0800959c   0x0800959c   0x0000012c   Code   RO         4488    i.utf16_literal_to_utf8  cjson.o
    0x080096c8   0x080096c8   0x00000018   Data   RO         3996    .constdata          system_stm32f1xx.o
    0x080096e0   0x080096e0   0x00000504   Data   RO         4156    .constdata          ntc.o
    0x08009be4   0x08009be4   0x00000040   Data   RO         5635    .constdata          mc_w.l(ctype_c.o)
    0x08009c24   0x08009c24   0x00000039   Data   RO           39    .conststring        main.o
    0x08009c5d   0x08009c5d   0x00000003   PAD
    0x08009c60   0x08009c60   0x000000fc   Data   RO         5145    .conststring        yeecom.o
    0x08009d5c   0x08009d5c   0x00000020   Data   RO         5637    Region$$Table       anon$$obj.o


    Execution Region RW_IRAM1 (Exec base: 0x20000000, Load base: 0x08009d7c, Size: 0x00001948, Max: 0x0000c000, ABSOLUTE)

    Exec Addr    Load Addr    Size         Type   Attr      Idx    E Section Name        Object

    0x20000000   0x08009d7c   0x00000040   Data   RW           40    .data               main.o
    0x20000040   0x08009dbc   0x00000009   Data   RW          871    .data               stm32f1xx_hal.o
    0x20000049   0x08009dc5   0x00000003   PAD
    0x2000004c   0x08009dc8   0x00000004   Data   RW         3997    .data               system_stm32f1xx.o
    0x20000050   0x08009dcc   0x00000014   Data   RW         4490    .data               cjson.o
    0x20000064   0x08009de0   0x00000011   Data   RW         5066    .data               fifo.o
    0x20000075   0x08009df1   0x0000002a   Data   RW         5146    .data               yeecom.o
    0x2000009f   0x08009e1b   0x00000001   PAD
    0x200000a0   0x08009e1c   0x00000004   Data   RW         5248    .data               mc_w.l(strtok.o)
    0x200000a4   0x08009e20   0x00000004   Data   RW         5609    .data               mc_w.l(mvars.o)
    0x200000a8   0x08009e24   0x00000004   Data   RW         5610    .data               mc_w.l(mvars.o)
    0x200000ac        -       0x00000622   Zero   RW           38    .bss                main.o
    0x200006ce   0x08009e28   0x00000002   PAD
    0x200006d0        -       0x00000020   Zero   RW         1585    .bss                stm32f1xx_hal_flash.o
    0x200006f0        -       0x0000012c   Zero   RW         5065    .bss                fifo.o
    0x2000081c        -       0x0000012c   Zero   RW         5144    .bss                yeecom.o
    0x20000948        -       0x00000800   Zero   RW            2    HEAP                startup_stm32f103xe.o
    0x20001148        -       0x00000800   Zero   RW            1    STACK               startup_stm32f103xe.o


==============================================================================

Image component sizes


      Code (inc. data)   RO Data    RW Data    ZI Data      Debug   Object Name

      5036        156          0         20          0      35112   cjson.o
       928         70          0         17        300       6010   fifo.o
       124          8          0          0          0       1367   flash.o
      7664        786         57         64       1570     550452   main.o
       244         28       1284          0          0       1803   ntc.o
        36          8        304          0       4096        788   startup_stm32f103xe.o
       192         36          0          9          0       6377   stm32f1xx_hal.o
      1738         68          0          0          0       8950   stm32f1xx_hal_adc.o
       260          4          0          0          0       1422   stm32f1xx_hal_adc_ex.o
       304         22          0          0          0      29311   stm32f1xx_hal_cortex.o
       320          0          0          0          0       3262   stm32f1xx_hal_dac.o
      1684         28          0          0          0       4534   stm32f1xx_hal_dma.o
       520         48          0          0         32       4062   stm32f1xx_hal_flash.o
       256         26          0          0          0       2495   stm32f1xx_hal_flash_ex.o
       880         40          0          0          0       3872   stm32f1xx_hal_gpio.o
      1204        120          0          0          0       5682   stm32f1xx_hal_msp.o
        12          4          0          0          0        499   stm32f1xx_hal_pwr.o
      1784        110          0          0          0       5888   stm32f1xx_hal_rcc.o
       612         46          0          0          0       2381   stm32f1xx_hal_rcc_ex.o
      1178         18          0          0          0       8860   stm32f1xx_hal_rtc.o
       190          0          0          0          0       1099   stm32f1xx_hal_spi.o
      2272        102          0          0          0      15248   stm32f1xx_hal_tim.o
       276         22          0          0          0       3121   stm32f1xx_hal_tim_ex.o
      1568         10          0          0          0      10094   stm32f1xx_hal_uart.o
       140         36          0          0          0       6339   stm32f1xx_it.o
         2          0         24          4          0       1051   system_stm32f1xx.o
      1514        446        252         42        300       8288   yeecom.o

    ----------------------------------------------------------------------
     30964       2242       1956        160       6300     728367   Object Totals
         0          0         32          0          0          0   (incl. Generated)
        26          0          3          4          2          0   (incl. Padding)

    ----------------------------------------------------------------------

      Code (inc. data)   RO Data    RW Data    ZI Data      Debug   Library Member Name

        28          0          0          0          0         80   strtod.o
        56          8          0          0          0         84   __0sscanf.o
        28          0          0          0          0         68   _chval.o
       812          4          0          0          0        112   _scanf.o
       332          0          0          0          0         96   _scanf_int.o
        64          0          0          0          0         84   _sgetc.o
        40          6         64          0          0         68   ctype_c.o
         0          0          0          0          0          0   entry.o
         0          0          0          0          0          0   entry10a.o
         0          0          0          0          0          0   entry11a.o
         8          4          0          0          0          0   entry2.o
         4          0          0          0          0          0   entry5.o
         0          0          0          0          0          0   entry7b.o
         0          0          0          0          0          0   entry8b.o
         8          4          0          0          0          0   entry9a.o
        30          0          0          0          0          0   handlers.o
        36          8          0          0          0         68   init.o
        10          0          0          0          0         68   isspace_c.o
         0          0          0          0          0          0   iusefp.o
        30          0          0          0          0         68   llshl.o
        36          0          0          0          0         68   llsshr.o
        32          0          0          0          0         68   llushr.o
       360         30          0          0          0        356   mallocr.o
        36          0          0          0          0         68   memcpya.o
        36          0          0          0          0        108   memseta.o
         0          0          0          8          0          0   mvars.o
      2276         86          0          0          0        520   printfa.o
        40          8          0          0          0         84   scanf_char.o
       878         12          0          0          0        216   scanf_fp.o
        28          0          0          0          0         76   strcmp.o
        18          0          0          0          0         68   strcpy.o
        14          0          0          0          0         68   strlen.o
        30          0          0          0          0         80   strncmp.o
       156         12          0          0          0        120   strtod.o
        68          6          0          4          0         80   strtok.o
        12          0          0          0          0         68   tolower.o
        44          0          0          0          0         80   uidiv.o
        98          0          0          0          0         92   uldiv.o
        48          0          0          0          0         68   cdcmple.o
        48          0          0          0          0         68   cdrcmple.o
        56          0          0          0          0         88   d2f.o
       334          0          0          0          0        148   dadd.o
       222          0          0          0          0        100   ddiv.o
       186          0          0          0          0        176   depilogue.o
        62          0          0          0          0         80   dfixi.o
        50          0          0          0          0         76   dfixui.o
        48          0          0          0          0         68   dfixul.o
        34          0          0          0          0         76   dflti.o
        26          0          0          0          0         76   dfltui.o
        24          0          0          0          0         76   dfltul.o
       228          0          0          0          0         96   dmul.o
        38          0          0          0          0         68   f2d.o
       110          0          0          0          0        168   fepilogue.o
        50          0          0          0          0         68   ffixi.o
        10          0          0          0          0         68   ffltui.o
       100          0          0          0          0         76   fmul.o

    ----------------------------------------------------------------------
      7332        188         64         12          0       4660   Library Totals
        10          0          0          0          0          0   (incl. Padding)

    ----------------------------------------------------------------------

      Code (inc. data)   RO Data    RW Data    ZI Data      Debug   Library Name

        28          0          0          0          0         80   m_ws.l
      5620        188         64         12          0       2936   mc_w.l
      1674          0          0          0          0       1644   mf_w.l

    ----------------------------------------------------------------------
      7332        188         64         12          0       4660   Library Totals

    ----------------------------------------------------------------------

==============================================================================


      Code (inc. data)   RO Data    RW Data    ZI Data      Debug   

     38296       2430       2020        172       6300     719659   Grand Totals
     38296       2430       2020        172       6300     719659   ELF Image Totals
     38296       2430       2020        172          0          0   ROM Totals

==============================================================================

    Total RO  Size (Code + RO Data)                40316 (  39.37kB)
    Total RW  Size (RW Data + ZI Data)              6472 (   6.32kB)
    Total ROM Size (Code + RO Data + RW Data)      40488 (  39.54kB)

==============================================================================

